<frozen site>:107: RuntimeWarning: Unexpected value in sys.prefix, expected /home/na/projects/evo-sim/research/.venv, got /home/na/projects/evo-sim/research/checks/../.venv
<frozen site>:107: RuntimeWarning: Unexpected value in sys.exec_prefix, expected /home/na/projects/evo-sim/research/.venv, got /home/na/projects/evo-sim/research/checks/../.venv
## 0. Validation: class process vs individual-based wf_f2 (clonal, M=2000, s=0.01)
| 2N*U_b | individual-based rate (SE) | class process rate (SE) | indep. 2NUu | z |
|---|---|---|---|---|
| 0.5 | 0.00365 (0.00018) | 0.003529 (8.8e-05) | 0.009901 | 0.59 |
| 2 | 0.0084 (0.00013) | 0.00827 (0.00016) | 0.0396 | 0.64 |
| 8 | 0.02076 (0.00028) | 0.02075 (0.00019) | 0.1584 | 0.02 |

## 1. Scaling validation (E4): (M, s, U) -> (M/c, c*s, c*U); prediction k/c invariant
| M*U | c | M | s | k (per gen) | k/c (SE) | indep/c |
|---|---|---|---|---|---|---|
| 2 | 1 | 128000 | 0.00125 | 0.0005277 | 0.0005277 (1e-05) | 0.004994 |
| 2 | 2 | 64000 | 0.00250 | 0.001099 | 0.0005494 (1.8e-05) | 0.004988 |
| 2 | 4 | 32000 | 0.00500 | 0.002153 | 0.0005382 (1.8e-05) | 0.004975 |
| 2 | 8 | 16000 | 0.01000 | 0.004395 | 0.0005494 (1.7e-05) | 0.00495 |
| 20 | 1 | 128000 | 0.00125 | 0.0018 | 0.0018 (2.5e-05) | 0.04994 |
| 20 | 2 | 64000 | 0.00250 | 0.003611 | 0.001806 (1.7e-05) | 0.04988 |
| 20 | 4 | 32000 | 0.00500 | 0.007196 | 0.001799 (4.3e-05) | 0.04975 |
| 20 | 8 | 16000 | 0.01000 | 0.01453 | 0.001817 (2.5e-05) | 0.0495 |

## 2. LTEE calibration: Ne = 3.3e7 (assumption), find U_b with k = 1/1322 (and 1/1587), asexual
s=0.003 target G_f=1322 -> U_b=6.73e-07 per genome per gen
s=0.01 target G_f=1322 -> U_b=8.35e-09 per genome per gen
s=0.03 target G_f=1322 -> U_b=6.26e-10 per genome per gen
s=0.01 target G_f=1587 -> U_b=4.07e-09 per genome per gen
(U_b as fraction of the LTEE total supply 4.1e-4: s=0.003: 0.0016, s=0.01: 2e-05, s=0.03: 1.5e-06)

## 3. Supply response at LTEE M, asexual vs independent-sites (=free recombination, F2-validated regime)
| s | U_b mult | 2N*U_b | clonal k | SE | G_f clonal | indep k0 | G_f indep | k0/k (interference factor) | local exponent to next row |
|---|---|---|---|---|---|---|---|---|---|
| 0.003 | 1 | 22.2 | 0.0007731 | 8.6e-06 | 1293 | 0.1329 | 8 | 171.9 | 0.30 |
| 0.003 | 3 | 66.6 | 0.001073 | 1.3e-05 | 932 | 0.3987 | 3 | 371.7 | 0.33 |
| 0.003 | 10 | 222 | 0.001604 | 2.2e-05 | 624 | 1.329 | 1 | 828.6 | 0.33 |
| 0.003 | 30 | 666 | 0.002316 | 2.4e-05 | 432 | 3.987 | 0 | 1721.5 | 0.38 |
| 0.003 | 100 | 2.22e+03 | 0.003676 | 2.4e-05 | 272 | 13.29 | 0 | 3614.8 | 0.46 |
| 0.003 | 1000 | 2.22e+04 | 0.01056 | 6.3e-05 | 95 | 132.9 | 0 | 12580.5 | 0.55 |
| 0.003 | 10000 | 2.22e+05 | 0.03762 | 0.00013 | 27 | 1329 | 0 | 35319.3 | 0.66 |
| 0.003 | 94000 | 2.09e+06 | 0.1669 | 0.00037 | 6 | 1.249e+04 | 0 | 74825.5 |  |
  -> s=0.003: 100x supply -> 4.76x (a = 0.34); 94,000x -> 216x (a = 0.47); Day 8.5-17x (a 0.47-0.61), strict 19.7x (a 0.65); linear = 100x / 94,000x
| 0.01 | 1 | 0.276 | 0.0007598 | 7.5e-06 | 1316 | 0.005459 | 183 | 7.2 | 0.22 |
| 0.01 | 3 | 0.827 | 0.0009628 | 1.9e-05 | 1039 | 0.01638 | 61 | 17.0 | 0.21 |
| 0.01 | 10 | 2.76 | 0.001234 | 1.7e-05 | 810 | 0.05459 | 18 | 44.2 | 0.25 |
| 0.01 | 30 | 8.27 | 0.001618 | 2.6e-05 | 618 | 0.1638 | 6 | 101.2 | 0.27 |
| 0.01 | 100 | 27.6 | 0.002229 | 2.2e-05 | 449 | 0.5459 | 2 | 244.9 | 0.28 |
| 0.01 | 1000 | 276 | 0.004283 | 5e-05 | 233 | 5.459 | 0 | 1274.6 | 0.33 |
| 0.01 | 10000 | 2.76e+03 | 0.009253 | 0.00012 | 108 | 54.59 | 0 | 5899.1 | 0.40 |
| 0.01 | 94000 | 2.59e+04 | 0.02266 | 0.00011 | 44 | 513.1 | 0 | 22642.4 |  |
  -> s=0.01: 100x supply -> 2.93x (a = 0.23); 94,000x -> 30x (a = 0.30); Day 8.5-17x (a 0.47-0.61), strict 19.7x (a 0.65); linear = 100x / 94,000x
| 0.03 | 1 | 0.0207 | 0.0007881 | 1.9e-05 | 1269 | 0.001204 | 831 | 1.5 | 0.51 |
| 0.03 | 3 | 0.062 | 0.001375 | 2.1e-05 | 727 | 0.003612 | 277 | 2.6 | 0.31 |
| 0.03 | 10 | 0.207 | 0.001987 | 1.6e-05 | 503 | 0.01204 | 83 | 6.1 | 0.20 |
| 0.03 | 30 | 0.62 | 0.002464 | 1.7e-05 | 406 | 0.03612 | 28 | 14.7 | 0.19 |
| 0.03 | 100 | 2.07 | 0.003084 | 2.6e-05 | 324 | 0.1204 | 8 | 39.0 | 0.23 |
| 0.03 | 1000 | 20.7 | 0.005253 | 5.7e-05 | 190 | 1.204 | 1 | 229.2 | 0.25 |
| 0.03 | 10000 | 207 | 0.009411 | 3.7e-05 | 106 | 12.04 | 0 | 1279.2 | 0.30 |
| 0.03 | 94000 | 1.94e+03 | 0.01826 | 9.1e-05 | 55 | 113.2 | 0 | 6196.9 |  |
  -> s=0.03: 100x supply -> 3.91x (a = 0.30); 94,000x -> 23x (a = 0.27); Day 8.5-17x (a 0.47-0.61), strict 19.7x (a 0.65); linear = 100x / 94,000x

## 4. Sensitivity to Ne (s=0.01, U_b fixed at the Ne=3.3e7 calibration): k vs M
M=1e+06: k=0.0001369 (SE 8.9e-06), G_f=7306
M=3.3e+06: k=0.0003414 (SE 1.2e-05), G_f=2929
M=1e+07: k=0.0005736 (SE 9.6e-06), G_f=1744
M=3.3e+07: k=0.0007479 (SE 3.2e-06), G_f=1337
M=1e+08: k=0.0008632 (SE 5.8e-06), G_f=1159

elapsed 646 s
