[calib    164s] NeL=3.3e+06 s=0.003 G=1322: U_b=1.64e-06 G_eval=1315 (SE 0.01 rel) 1/R_int=42.48
[calib    323s] NeL=3.3e+06 s=0.003 G=2890: U_b=1.28e-07 G_eval=2835 (SE 0.02 rel) 1/R_int=7.15
[calib    504s] NeL=3.3e+06 s=0.01 G=1322: U_b=4.82e-08 G_eval=1287 (SE 0.01 rel) 1/R_int=4.05
[calib    664s] NeL=3.3e+06 s=0.01 G=2890: U_b=8.8e-09 G_eval=2853 (SE 0.02 rel) 1/R_int=1.64
[calib    839s] NeL=3.3e+06 s=0.03 G=1322: U_b=5.66e-09 G_eval=1316 (SE 0.05 rel) 1/R_int=1.43
[calib    997s] NeL=3.3e+06 s=0.03 G=2890: U_b=1.88e-09 G_eval=3011 (SE 0.04 rel) 1/R_int=1.09
[calib   1164s] NeL=1e+07 s=0.003 G=1322: U_b=9.89e-07 G_eval=1329 (SE 0.01 rel) 1/R_int=78.63
[calib   1344s] NeL=1e+07 s=0.003 G=2890: U_b=7.25e-08 G_eval=2808 (SE 0.02 rel) 1/R_int=12.18
[calib   1495s] NeL=1e+07 s=0.01 G=1322: U_b=2.12e-08 G_eval=1310 (SE 0.01 rel) 1/R_int=5.51
[calib   1677s] NeL=1e+07 s=0.01 G=2890: U_b=2.92e-09 G_eval=2767 (SE 0.02 rel) 1/R_int=1.60
[calib   1813s] NeL=1e+07 s=0.03 G=1322: U_b=1.82e-09 G_eval=1451 (SE 0.01 rel) 1/R_int=1.54
[calib   1969s] NeL=1e+07 s=0.03 G=2890: U_b=7.09e-10 G_eval=2822 (SE 0.04 rel) 1/R_int=1.17
[calib   2122s] NeL=3.3e+07 s=0.003 G=1322: U_b=6.57e-07 G_eval=1278 (SE 0.01 rel) 1/R_int=165.68
[calib   2243s] NeL=3.3e+07 s=0.003 G=2890: U_b=3.51e-08 G_eval=2883 (SE 0.01 rel) 1/R_int=20.00
[calib   2382s] NeL=3.3e+07 s=0.01 G=1322: U_b=8.8e-09 G_eval=1303 (SE 0.00 rel) 1/R_int=7.49
[calib   2539s] NeL=3.3e+07 s=0.01 G=2890: U_b=9.71e-10 G_eval=2939 (SE 0.04 rel) 1/R_int=1.87
[calib   2655s] NeL=3.3e+07 s=0.03 G=1322: U_b=5.87e-10 G_eval=1371 (SE 0.01 rel) 1/R_int=1.55
[calib   2770s] NeL=3.3e+07 s=0.03 G=2890: U_b=2.36e-10 G_eval=2537 (SE 0.04 rel) 1/R_int=1.15
[calib   2911s] NeL=1e+08 s=0.003 G=1322: U_b=4.36e-07 G_eval=1314 (SE 0.00 rel) 1/R_int=342.73
[calib   3029s] NeL=1e+08 s=0.003 G=2890: U_b=1.76e-08 G_eval=2908 (SE 0.01 rel) 1/R_int=30.59
[calib   3145s] NeL=1e+08 s=0.01 G=1322: U_b=4.4e-09 G_eval=1308 (SE 0.01 rel) 1/R_int=11.40
[calib   3259s] NeL=1e+08 s=0.01 G=2890: U_b=3.55e-10 G_eval=2850 (SE 0.02 rel) 1/R_int=2.00
[calib   3374s] NeL=1e+08 s=0.03 G=1322: U_b=2.28e-10 G_eval=1241 (SE 0.01 rel) 1/R_int=1.65
[calib   3491s] NeL=1e+08 s=0.03 G=2890: U_b=6.9e-11 G_eval=2943 (SE 0.01 rel) 1/R_int=1.18
[calib   3611s] NeL=3.3e+07 s=0.01 G=1587: U_b=4.4e-09 G_eval=1565 (SE 0.01 rel) 1/R_int=4.50
[human      5s] NeH=3300 s=0.003 kappa=1: k=5.071e-05 F=0.067 indep=2.593e-05
[human     10s] NeH=3300 s=0.003 kappa=10: k=0.0002108 F=0.279 indep=0.0002593
[human     15s] NeH=3300 s=0.003 kappa=125: k=0.001076 F=1.42 indep=0.003241
[human     20s] NeH=3300 s=0.003 kappa=652: k=0.003299 F=4.36 indep=0.01691
[human     26s] NeH=3300 s=0.003 kappa=10000: k=0.0212 F=28 indep=0.2593
[human     32s] NeH=3300 s=0.003 kappa=93659: k=0.1176 F=156 indep=2.428
[human     37s] NeH=3300 s=0.01 kappa=1: k=0 F=0 indep=1.15e-06
[human     42s] NeH=3300 s=0.01 kappa=10: k=1.667e-05 F=0.022 indep=1.15e-05
[human     47s] NeH=3300 s=0.01 kappa=125: k=0.0001556 F=0.206 indep=0.0001437
[human     52s] NeH=3300 s=0.01 kappa=652: k=0.0005625 F=0.744 indep=0.0007496
[human     57s] NeH=3300 s=0.01 kappa=10000: k=0.002806 F=3.71 indep=0.0115
[human     62s] NeH=3300 s=0.01 kappa=93659: k=0.009821 F=13 indep=0.1077
[human     67s] NeH=3300 s=0.03 kappa=1: k=0 F=0 indep=2.256e-07
[human     72s] NeH=3300 s=0.03 kappa=10: k=0 F=0 indep=2.256e-06
[human     77s] NeH=3300 s=0.03 kappa=125: k=2.778e-05 F=0.0367 indep=2.82e-05
[human     82s] NeH=3300 s=0.03 kappa=652: k=0.0001389 F=0.184 indep=0.0001471
[human     87s] NeH=3300 s=0.03 kappa=10000: k=0.001611 F=2.13 indep=0.002256
[human     92s] NeH=3300 s=0.03 kappa=93659: k=0.005507 F=7.28 indep=0.02113
[human     97s] NeH=10000 s=0.003 kappa=1: k=7.779e-05 F=0.103 indep=7.857e-05
[human    102s] NeH=10000 s=0.003 kappa=10: k=0.0003789 F=0.501 indep=0.0007857
[human    107s] NeH=10000 s=0.003 kappa=125: k=0.001466 F=1.94 indep=0.009821
[human    112s] NeH=10000 s=0.003 kappa=652: k=0.003895 F=5.15 indep=0.05123
[human    118s] NeH=10000 s=0.003 kappa=10000: k=0.02394 F=31.6 indep=0.7857
[human    124s] NeH=10000 s=0.003 kappa=93659: k=0.1267 F=167 indep=7.359
[human    129s] NeH=10000 s=0.01 kappa=1: k=1.111e-05 F=0.0147 indep=3.484e-06
[human    134s] NeH=10000 s=0.01 kappa=10: k=4.439e-05 F=0.0587 indep=3.484e-05
[human    139s] NeH=10000 s=0.01 kappa=125: k=0.0003352 F=0.443 indep=0.0004355
[human    144s] NeH=10000 s=0.01 kappa=652: k=0.001053 F=1.39 indep=0.002271
[human    149s] NeH=10000 s=0.01 kappa=10000: k=0.003801 F=5.03 indep=0.03484
[human    154s] NeH=10000 s=0.01 kappa=93659: k=0.01176 F=15.5 indep=0.3263
[human    159s] NeH=10000 s=0.03 kappa=1: k=0 F=0 indep=6.836e-07
[human    164s] NeH=10000 s=0.03 kappa=10: k=2.222e-05 F=0.0294 indep=6.836e-06
[human    169s] NeH=10000 s=0.03 kappa=125: k=0.0001 F=0.132 indep=8.544e-05
[human    174s] NeH=10000 s=0.03 kappa=652: k=0.00041 F=0.542 indep=0.0004457
[human    179s] NeH=10000 s=0.03 kappa=10000: k=0.002927 F=3.87 indep=0.006836
[human    184s] NeH=10000 s=0.03 kappa=93659: k=0.007261 F=9.6 indep=0.06402
## 1. LTEE calibration and the clonal interference factor 1/R_int (the '1.5-172x')
| N_e LTEE | s | G_f target | U_b (per genome) | G_f eval | indep rate | 1/R_int |
|---|---|---|---|---|---|---|
| 3.3e+06 | 0.003 | 1322 | 1.64e-06 | 1315 | 0.0323 | 42.48 |
| 1e+07 | 0.003 | 1322 | 9.89e-07 | 1329 | 0.0592 | 78.63 |
| 3.3e+07 | 0.003 | 1322 | 6.57e-07 | 1278 | 0.13 | 165.68 |
| 1e+08 | 0.003 | 1322 | 4.36e-07 | 1314 | 0.261 | 342.73 |
| 3.3e+06 | 0.01 | 1322 | 4.82e-08 | 1287 | 0.00315 | 4.05 |
| 1e+07 | 0.01 | 1322 | 2.12e-08 | 1310 | 0.00421 | 5.51 |
| 3.3e+07 | 0.01 | 1322 | 8.8e-09 | 1303 | 0.00575 | 7.49 |
| 1e+08 | 0.01 | 1322 | 4.4e-09 | 1308 | 0.00871 | 11.40 |
| 3.3e+06 | 0.03 | 1322 | 5.66e-09 | 1316 | 0.00109 | 1.43 |
| 1e+07 | 0.03 | 1322 | 1.82e-09 | 1451 | 0.00106 | 1.54 |
| 3.3e+07 | 0.03 | 1322 | 5.87e-10 | 1371 | 0.00113 | 1.55 |
| 1e+08 | 0.03 | 1322 | 2.28e-10 | 1241 | 0.00133 | 1.65 |
| 3.3e+07 | 0.01 | 1587 | 4.4e-09 | 1565 | 0.00288 | 4.50 |
| 3.3e+06 | 0.003 | 2890 | 1.28e-07 | 2835 | 0.00252 | 7.15 |
| 1e+07 | 0.003 | 2890 | 7.25e-08 | 2808 | 0.00434 | 12.18 |
| 3.3e+07 | 0.003 | 2890 | 3.51e-08 | 2883 | 0.00694 | 20.00 |
| 1e+08 | 0.003 | 2890 | 1.76e-08 | 2908 | 0.0105 | 30.59 |
| 3.3e+06 | 0.01 | 2890 | 8.8e-09 | 2853 | 0.000575 | 1.64 |
| 1e+07 | 0.01 | 2890 | 2.92e-09 | 2767 | 0.000579 | 1.60 |
| 3.3e+07 | 0.01 | 2890 | 9.71e-10 | 2939 | 0.000635 | 1.87 |
| 1e+08 | 0.01 | 2890 | 3.55e-10 | 2850 | 0.000702 | 2.00 |
| 3.3e+06 | 0.03 | 2890 | 1.88e-09 | 3011 | 0.000362 | 1.09 |
| 1e+07 | 0.03 | 2890 | 7.09e-10 | 2822 | 0.000413 | 1.17 |
| 3.3e+07 | 0.03 | 2890 | 2.36e-10 | 2537 | 0.000453 | 1.15 |
| 1e+08 | 0.03 | 2890 | 6.9e-11 | 2943 | 0.000402 | 1.18 |
P1 drivers of 1/R_int (fold range): s at central N_e/G: 107.2x (>= 20 predicted); N_e at s=0.01, G 1322: 2.81x (<= 3); G at central: 4.02x (<= 2); max over N_e for each s: s=0.003: 8.07x, s=0.01: 2.81x, s=0.03: 1.15x

## 2. Transfer factor F = k_human / (1/G_f), per generation (A2e holds iff F <= 1)
| s | N_e,human | recombination | kappa=1 (none) | kappa=125 (mu only (Hossjer)) | kappa=652 (L only) | kappa=81500 (both (Hossjer)) | kappa=93659 (Day 38.4/4.1e-4) |
|---|---|---|---|---|---|---|---|
| 0.003 | 3300 | clonal | 0.067 | 1.42 | 4.36 | (156) | 156 |
| 0.003 | 3300 | map1.5 | 0.0343 | 4.27 | 21.9 | 731 | 756 |
| 0.003 | 3300 | map36.8 | 0.0343 | 4.28 | 22.3 | 2.46e+03 | 2.77e+03 |
| 0.003 | 3300 | free | 0.0343 | 4.28 | 22.3 | 2.73e+03 | 3.12e+03 |
| 0.003 | 10000 | clonal | 0.103 | 1.94 | 5.15 | (167) | 167 |
| 0.003 | 10000 | map1.5 | 0.104 | 12.8 | 63.4 | 887 | 899 |
| 0.003 | 10000 | map36.8 | 0.104 | 13 | 67.5 | 6.03e+03 | 6.65e+03 |
| 0.003 | 10000 | free | 0.104 | 13 | 67.7 | 7.88e+03 | 8.97e+03 |
| 0.01 | 3300 | clonal | 0 | 0.206 | 0.744 | (13) | 13 |
| 0.01 | 3300 | map1.5 | 0.00152 | 0.19 | 0.99 | 110 | 124 |
| 0.01 | 3300 | map36.8 | 0.00152 | 0.19 | 0.991 | 123 | 141 |
| 0.01 | 3300 | free | 0.00152 | 0.19 | 0.991 | 123 | 142 |
| 0.01 | 10000 | clonal | 0.0147 | 0.443 | 1.39 | (15.5) | 15.5 |
| 0.01 | 10000 | map1.5 | 0.00461 | 0.575 | 2.99 | 271 | 299 |
| 0.01 | 10000 | map36.8 | 0.00461 | 0.576 | 3 | 366 | 419 |
| 0.01 | 10000 | free | 0.00461 | 0.576 | 3 | 371 | 426 |
| 0.03 | 3300 | clonal | 0 | 0.0367 | 0.184 | (7.28) | 7.28 |
| 0.03 | 3300 | map1.5 | 0.000298 | 0.0373 | 0.194 | 23.7 | 27.1 |
| 0.03 | 3300 | map36.8 | 0.000298 | 0.0373 | 0.194 | 24.2 | 27.8 |
| 0.03 | 3300 | free | 0.000298 | 0.0373 | 0.194 | 24.3 | 27.9 |
| 0.03 | 10000 | clonal | 0 | 0.132 | 0.542 | (9.6) | 9.6 |
| 0.03 | 10000 | map1.5 | 0.000904 | 0.113 | 0.589 | 68.2 | 77.5 |
| 0.03 | 10000 | map36.8 | 0.000904 | 0.113 | 0.589 | 72.9 | 83.7 |
| 0.03 | 10000 | free | 0.000904 | 0.113 | 0.589 | 73.2 | 84 |
(n/s = not simulated; clonal values at kappa = 81,500 shown in parentheses are the 93,659 run)

## 3. Tornado: one-at-a-time ranges of log10 F around the central point {'NeL': 33000000.0, 's': 0.01, 'G': 1322, 'kappa': 93659, 'NeH': 10000.0, 'rec': 'map36.8'}
central F = 418.6
  kappa :  4.96 decades  (min F 0.00461 at 1, max F 419 at 93659)
  s     :  1.90 decades  (min F 83.7 at 0.03, max F 6.65e+03 at 0.003)
  rec   :  1.44 decades  (min F 15.5 at clonal, max F 426 at free)
  NeL   :  0.98 decades  (min F 213 at 100000000.0, max F 2.03e+03 at 3300000.0)
  G     :  0.61 decades  (min F 104 at 2890, max F 419 at 1322)
  NeH   :  0.47 decades  (min F 141 at 3300, max F 419 at 10000.0)

## 4. Flip kappa* (F = 1), recombining humans (W&B), every calibration
| N_e LTEE | s | G_f | N_e,human | kappa* map36.8 | kappa* map1.5 | kappa* free |
|---|---|---|---|---|---|---|
| 3.3e+06 | 0.003 | 1322 | 3300 | 11.7 | 11.7 | 11.7 |
| 3.3e+06 | 0.003 | 1322 | 10000 | 3.86 | 3.87 | 3.86 |
| 1e+07 | 0.003 | 1322 | 3300 | 19.4 | 19.4 | 19.4 |
| 1e+07 | 0.003 | 1322 | 10000 | 6.39 | 6.4 | 6.39 |
| 3.3e+07 | 0.003 | 1322 | 3300 | 29.2 | 29.2 | 29.2 |
| 3.3e+07 | 0.003 | 1322 | 10000 | 9.63 | 9.64 | 9.63 |
| 1e+08 | 0.003 | 1322 | 3300 | 43.9 | 44 | 43.9 |
| 1e+08 | 0.003 | 1322 | 10000 | 14.5 | 14.5 | 14.5 |
| 3.3e+06 | 0.01 | 1322 | 3300 | 120 | 120 | 120 |
| 3.3e+06 | 0.01 | 1322 | 10000 | 39.7 | 39.7 | 39.7 |
| 1e+07 | 0.01 | 1322 | 3300 | 273 | 273 | 273 |
| 1e+07 | 0.01 | 1322 | 10000 | 89.9 | 90 | 89.9 |
| 3.3e+07 | 0.01 | 1322 | 3300 | 658 | 659 | 658 |
| 3.3e+07 | 0.01 | 1322 | 10000 | 217 | 217 | 217 |
| 1e+08 | 0.01 | 1322 | 3300 | 1.32e+03 | 1.32e+03 | 1.32e+03 |
| 1e+08 | 0.01 | 1322 | 10000 | 434 | 434 | 434 |
| 3.3e+06 | 0.03 | 1322 | 3300 | 348 | 348 | 348 |
| 3.3e+06 | 0.03 | 1322 | 10000 | 115 | 115 | 115 |
| 1e+07 | 0.03 | 1322 | 3300 | 1.08e+03 | 1.08e+03 | 1.08e+03 |
| 1e+07 | 0.03 | 1322 | 10000 | 356 | 357 | 356 |
| 3.3e+07 | 0.03 | 1322 | 3300 | 3.35e+03 | 3.36e+03 | 3.35e+03 |
| 3.3e+07 | 0.03 | 1322 | 10000 | 1.11e+03 | 1.11e+03 | 1.11e+03 |
| 1e+08 | 0.03 | 1322 | 3300 | 8.62e+03 | 8.63e+03 | 8.62e+03 |
| 1e+08 | 0.03 | 1322 | 10000 | 2.85e+03 | 2.85e+03 | 2.85e+03 |
| 3.3e+07 | 0.01 | 1587 | 3300 | 1.1e+03 | 1.1e+03 | 1.1e+03 |
| 3.3e+07 | 0.01 | 1587 | 10000 | 362 | 362 | 362 |
| 3.3e+06 | 0.003 | 2890 | 3300 | 68.6 | 68.6 | 68.6 |
| 3.3e+06 | 0.003 | 2890 | 10000 | 22.6 | 22.6 | 22.6 |
| 1e+07 | 0.003 | 2890 | 3300 | 121 | 121 | 121 |
| 1e+07 | 0.003 | 2890 | 10000 | 39.9 | 39.9 | 39.9 |
| 3.3e+07 | 0.003 | 2890 | 3300 | 249 | 249 | 249 |
| 3.3e+07 | 0.003 | 2890 | 10000 | 82.3 | 82.3 | 82.3 |
| 1e+08 | 0.003 | 2890 | 3300 | 498 | 499 | 498 |
| 1e+08 | 0.003 | 2890 | 10000 | 164 | 165 | 164 |
| 3.3e+06 | 0.01 | 2890 | 3300 | 301 | 301 | 301 |
| 3.3e+06 | 0.01 | 2890 | 10000 | 99.3 | 99.4 | 99.3 |
| 1e+07 | 0.01 | 2890 | 3300 | 906 | 906 | 906 |
| 1e+07 | 0.01 | 2890 | 10000 | 299 | 299 | 299 |
| 3.3e+07 | 0.01 | 2890 | 3300 | 2.73e+03 | 2.73e+03 | 2.73e+03 |
| 3.3e+07 | 0.01 | 2890 | 10000 | 900 | 900 | 900 |
| 1e+08 | 0.01 | 2890 | 3300 | 7.47e+03 | 7.47e+03 | 7.47e+03 |
| 1e+08 | 0.01 | 2890 | 10000 | 2.46e+03 | 2.46e+03 | 2.46e+03 |
| 3.3e+06 | 0.03 | 2890 | 3300 | 479 | 479 | 479 |
| 3.3e+06 | 0.03 | 2890 | 10000 | 158 | 158 | 158 |
| 1e+07 | 0.03 | 2890 | 3300 | 1.27e+03 | 1.27e+03 | 1.27e+03 |
| 1e+07 | 0.03 | 2890 | 10000 | 419 | 419 | 419 |
| 3.3e+07 | 0.03 | 2890 | 3300 | 3.82e+03 | 3.82e+03 | 3.82e+03 |
| 3.3e+07 | 0.03 | 2890 | 10000 | 1.26e+03 | 1.26e+03 | 1.26e+03 |
| 1e+08 | 0.03 | 2890 | 3300 | 1.3e+04 | 1.31e+04 | 1.3e+04 |
| 1e+08 | 0.03 | 2890 | 10000 | 4.31e+03 | 4.31e+03 | 4.31e+03 |
clonal humans (central calibration): F by kappa: NeH=3300 s=0.003: 1:0.067, 10:0.279, 125:1.42, 652:4.36, 10000:28, 93659:156; NeH=3300 s=0.01: 1:0, 10:0.022, 125:0.206, 652:0.744, 10000:3.71, 93659:13; NeH=3300 s=0.03: 1:0, 10:0, 125:0.0367, 652:0.184, 10000:2.13, 93659:7.28; NeH=10000 s=0.003: 1:0.103, 10:0.501, 125:1.94, 652:5.15, 10000:31.6, 93659:167; NeH=10000 s=0.01: 1:0.0147, 10:0.0587, 125:0.443, 652:1.39, 10000:5.03, 93659:15.5; NeH=10000 s=0.03: 1:0, 10:0.0294, 125:0.132, 652:0.542, 10000:3.87, 93659:9.6

## 5. Units: F_yr = F / (2,425 x years per human generation)
  20 y/gen: recombining F_yr range 0.000147 - 0.416 (kappa = 93,659); W&B asymptote bound 0.501; neutral-inclusive total 38.4 x 1322 -> F_yr 1.047
  25 y/gen: recombining F_yr range 0.000118 - 0.333 (kappa = 93,659); W&B asymptote bound 0.401; neutral-inclusive total 38.4 x 1322 -> F_yr 0.837
  29 y/gen: recombining F_yr range 0.000102 - 0.287 (kappa = 93,659); W&B asymptote bound 0.346; neutral-inclusive total 38.4 x 1322 -> F_yr 0.722

## 6. Cost caps (branch H) against the LTEE rate 1/1,322 (and 1/1,587, 1/2,890)
  Haldane 1/300 (H): F cap = G 1322: 4.41, G 1587: 5.29, G 2890: 9.63
  Haldane + d 1/667: F cap = G 1322: 1.98, G 1587: 2.38, G 2890: 4.33
  Term 3 1/39 (H8): F cap = G 1322: 33.90, G 1587: 40.69, G 2890: 74.10
  mean-field ln R/D: N_e,human 3300 (D 19.6), R_h 1.111: cap 0.005378/gen, F cap 7.11; central F with cap 7.11
  mean-field ln R/D: N_e,human 3300 (D 19.6), R_h 2.000: cap 0.03538/gen, F cap 46.78; central F with cap 46.8
  mean-field ln R/D: N_e,human 3300 (D 19.6), R_h 3.000: cap 0.05608/gen, F cap 74.14; central F with cap 74.1
  flip R_h* (cap = 1/G_f): G 1322: 1.0149; G 2890: 1.0068
  mean-field ln R/D: N_e,human 10000 (D 21.8), R_h 1.111: cap 0.004832/gen, F cap 6.39; central F with cap 6.39
  mean-field ln R/D: N_e,human 10000 (D 21.8), R_h 2.000: cap 0.03179/gen, F cap 42.02; central F with cap 42
  mean-field ln R/D: N_e,human 10000 (D 21.8), R_h 3.000: cap 0.05038/gen, F cap 66.60; central F with cap 66.6
  flip R_h* (cap = 1/G_f): G 1322: 1.0166; G 2890: 1.0076
