
## Ne_anc = 1e+04  (N_anc_sim=500, f=20, reps=80); per-site values in %
| config | T | d sim | 2muT+theta | d msprime | fixed diffs | poly-but-diff | Day 2mu(T-4Ne_lin) | d - 2muT | theta_anc |
|---|---|---|---|---|---|---|---|---|---|
| A both 1e4 | 50000 | 0.168+-0.000 | 0.168 | 0.168+-0.000 | 0.073+-0.000 | 0.095+-0.000 | 0.024 | 0.048 | 0.048 |
| A both 1e4 | 100000 | 0.288+-0.000 | 0.288 | 0.288+-0.000 | 0.192+-0.000 | 0.096+-0.000 | 0.144 | 0.048 | 0.048 |
| A both 1e4 | 252000 | 0.652+-0.001 | 0.653 | 0.653+-0.000 | 0.556+-0.001 | 0.096+-0.000 | 0.509 | 0.047 | 0.048 |
| B H 1e4 / C 4.6e4 | 50000 | 0.168+-0.000 | 0.168 | 0.168+-0.000 | 0.029+-0.000 | 0.139+-0.000 | 0.000 | 0.048 | 0.048 |
| B H 1e4 / C 4.6e4 | 100000 | 0.288+-0.000 | 0.288 | 0.288+-0.000 | 0.102+-0.000 | 0.186+-0.000 | 0.000 | 0.048 | 0.048 |
| B H 1e4 / C 4.6e4 | 252000 | 0.652+-0.001 | 0.653 | 0.653+-0.000 | 0.400+-0.001 | 0.252+-0.000 | 0.336 | 0.048 | 0.048 |
| C both = Ne_anc | 50000 | 0.168+-0.000 | 0.168 | 0.168+-0.000 | 0.073+-0.000 | 0.095+-0.000 | 0.024 | 0.048 | 0.048 |
| C both = Ne_anc | 100000 | 0.288+-0.000 | 0.288 | 0.288+-0.000 | 0.192+-0.000 | 0.096+-0.000 | 0.144 | 0.048 | 0.048 |
| C both = Ne_anc | 252000 | 0.652+-0.001 | 0.653 | 0.653+-0.000 | 0.556+-0.001 | 0.096+-0.000 | 0.509 | 0.047 | 0.048 |

## Ne_anc = 3e+04  (N_anc_sim=1000, f=30, reps=150); per-site values in %
| config | T | d sim | 2muT+theta | d msprime | fixed diffs | poly-but-diff | Day 2mu(T-4Ne_lin) | d - 2muT | theta_anc |
|---|---|---|---|---|---|---|---|---|---|
| A both 1e4 | 50000 | 0.264+-0.001 | 0.264 | 0.265+-0.001 | 0.147+-0.000 | 0.117+-0.000 | 0.024 | 0.144 | 0.144 |
| A both 1e4 | 100000 | 0.383+-0.001 | 0.384 | 0.384+-0.001 | 0.286+-0.001 | 0.097+-0.000 | 0.144 | 0.143 | 0.144 |
| A both 1e4 | 252000 | 0.749+-0.001 | 0.749 | 0.749+-0.001 | 0.653+-0.001 | 0.095+-0.000 | 0.509 | 0.144 | 0.144 |
| B H 1e4 / C 4.6e4 | 50000 | 0.263+-0.001 | 0.264 | 0.264+-0.001 | 0.050+-0.000 | 0.213+-0.000 | 0.000 | 0.143 | 0.144 |
| B H 1e4 / C 4.6e4 | 100000 | 0.383+-0.001 | 0.384 | 0.385+-0.001 | 0.151+-0.000 | 0.232+-0.000 | 0.000 | 0.143 | 0.144 |
| B H 1e4 / C 4.6e4 | 252000 | 0.746+-0.001 | 0.749 | 0.749+-0.001 | 0.486+-0.001 | 0.260+-0.000 | 0.336 | 0.141 | 0.144 |
| C both = Ne_anc | 50000 | 0.264+-0.000 | 0.264 | 0.264+-0.001 | 0.016+-0.000 | 0.248+-0.000 | 0.000 | 0.144 | 0.144 |
| C both = Ne_anc | 100000 | 0.384+-0.001 | 0.384 | 0.383+-0.001 | 0.104+-0.000 | 0.280+-0.000 | 0.000 | 0.144 | 0.144 |
| C both = Ne_anc | 252000 | 0.750+-0.001 | 0.749 | 0.748+-0.001 | 0.462+-0.001 | 0.288+-0.000 | 0.317 | 0.145 | 0.144 |

## Ne_anc = 1.32e+05  (N_anc_sim=1000, f=132, reps=150); per-site values in %
| config | T | d sim | 2muT+theta | d msprime | fixed diffs | poly-but-diff | Day 2mu(T-4Ne_lin) | d - 2muT | theta_anc |
|---|---|---|---|---|---|---|---|---|---|
| A both 1e4 | 50000 | 0.753+-0.002 | 0.754 | 0.757+-0.005 | 0.523+-0.002 | 0.229+-0.001 | 0.024 | 0.633 | 0.634 |
| A both 1e4 | 100000 | 0.873+-0.002 | 0.874 | 0.872+-0.004 | 0.768+-0.002 | 0.106+-0.001 | 0.144 | 0.633 | 0.634 |
| A both 1e4 | 252000 | 1.238+-0.003 | 1.238 | 1.239+-0.004 | 1.142+-0.003 | 0.096+-0.001 | 0.509 | 0.633 | 0.634 |
| B H 1e4 / C 4.6e4 | 50000 | 0.752+-0.002 | 0.754 | 0.754+-0.004 | 0.158+-0.001 | 0.594+-0.001 | 0.000 | 0.632 | 0.634 |
| B H 1e4 / C 4.6e4 | 100000 | 0.873+-0.002 | 0.874 | 0.876+-0.004 | 0.407+-0.001 | 0.466+-0.001 | 0.000 | 0.633 | 0.634 |
| B H 1e4 / C 4.6e4 | 252000 | 1.237+-0.002 | 1.238 | 1.240+-0.004 | 0.930+-0.002 | 0.307+-0.001 | 0.336 | 0.632 | 0.634 |
| C both = Ne_anc | 50000 | 0.752+-0.001 | 0.754 | 0.751+-0.004 | 0.000+-0.000 | 0.752+-0.001 | 0.000 | 0.632 | 0.634 |
| C both = Ne_anc | 100000 | 0.871+-0.001 | 0.874 | 0.876+-0.004 | 0.001+-0.000 | 0.870+-0.001 | 0.000 | 0.631 | 0.634 |
| C both = Ne_anc | 252000 | 1.236+-0.002 | 1.238 | 1.236+-0.004 | 0.110+-0.001 | 1.126+-0.002 | 0.000 | 0.631 | 0.634 |

## Ne_anc = 1.98e+05  (N_anc_sim=1000, f=198, reps=150); per-site values in %
| config | T | d sim | 2muT+theta | d msprime | fixed diffs | poly-but-diff | Day 2mu(T-4Ne_lin) | d - 2muT | theta_anc |
|---|---|---|---|---|---|---|---|---|---|
| A both 1e4 | 50000 | 1.070+-0.003 | 1.070 | 1.075+-0.007 | 0.764+-0.003 | 0.305+-0.001 | 0.024 | 0.950 | 0.950 |
| A both 1e4 | 100000 | 1.188+-0.003 | 1.190 | 1.188+-0.007 | 1.075+-0.003 | 0.113+-0.001 | 0.144 | 0.948 | 0.950 |
| A both 1e4 | 252000 | 1.553+-0.003 | 1.555 | 1.556+-0.007 | 1.459+-0.003 | 0.095+-0.001 | 0.509 | 0.949 | 0.950 |
| B H 1e4 / C 4.6e4 | 50000 | 1.073+-0.003 | 1.070 | 1.072+-0.007 | 0.233+-0.001 | 0.839+-0.002 | 0.000 | 0.953 | 0.950 |
| B H 1e4 / C 4.6e4 | 100000 | 1.191+-0.003 | 1.190 | 1.194+-0.007 | 0.576+-0.002 | 0.616+-0.002 | 0.000 | 0.951 | 0.950 |
| B H 1e4 / C 4.6e4 | 252000 | 1.557+-0.003 | 1.555 | 1.558+-0.007 | 1.220+-0.003 | 0.337+-0.001 | 0.336 | 0.952 | 0.950 |
| C both = Ne_anc | 50000 | 1.068+-0.002 | 1.070 | 1.081+-0.007 | 0.000+-0.000 | 1.068+-0.002 | 0.000 | 0.948 | 0.950 |
| C both = Ne_anc | 100000 | 1.188+-0.002 | 1.190 | 1.187+-0.007 | 0.000+-0.000 | 1.188+-0.002 | 0.000 | 0.948 | 0.950 |
| C both = Ne_anc | 252000 | 1.551+-0.002 | 1.555 | 1.557+-0.007 | 0.037+-0.001 | 1.515+-0.002 | 0.000 | 0.946 | 0.950 |
