rep 0 scen 1/44 R0_Ne10000 done, t=314s
rep 0 scen 2/44 R0_Ne20000 done, t=346s
rep 0 scen 3/44 R0_Ne50000 done, t=377s
rep 0 scen 4/44 R0_Ne100000 done, t=432s
rep 0 scen 5/44 R0_Ne300000 done, t=465s
rep 0 scen 6/44 R0_Ne1e+06 done, t=496s
rep 0 scen 7/44 R0_grow1e4-1e5 done, t=529s
rep 0 scen 8/44 R0_grow1e4-1e6 done, t=561s
rep 0 scen 9/44 R1_Ne10000 done, t=595s
rep 0 scen 10/44 R1_Ne20000 done, t=628s
rep 0 scen 11/44 R1_Ne50000 done, t=660s
rep 0 scen 12/44 R1_Ne100000 done, t=692s
rep 0 scen 13/44 R1_Ne300000 done, t=726s
rep 0 scen 14/44 R1_Ne1e+06 done, t=759s
rep 0 scen 15/44 R1_grow1e4-1e5 done, t=794s
rep 0 scen 16/44 R1_grow1e4-1e6 done, t=827s
rep 0 scen 17/44 R2_Ne10000 done, t=884s
rep 0 scen 18/44 R2_Ne20000 done, t=917s
rep 0 scen 19/44 R2_Ne50000 done, t=950s
rep 0 scen 20/44 R2_Ne100000 done, t=1006s
rep 0 scen 21/44 R2_Ne300000 done, t=1038s
rep 0 scen 22/44 R2_Ne1e+06 done, t=1093s
rep 0 scen 23/44 R2_grow1e4-1e5 done, t=1125s
rep 0 scen 24/44 R2_grow1e4-1e6 done, t=1157s
rep 0 scen 25/44 R3_Ne10000 done, t=1191s
rep 0 scen 26/44 R3_Ne20000 done, t=1224s
rep 0 scen 27/44 R3_Ne50000 done, t=1256s
rep 0 scen 28/44 R3_Ne100000 done, t=1287s
rep 0 scen 29/44 R3_Ne300000 done, t=1319s
rep 0 scen 30/44 R3_Ne1e+06 done, t=1350s
rep 0 scen 31/44 R3_grow1e4-1e5 done, t=1383s
rep 0 scen 32/44 R3_grow1e4-1e6 done, t=1415s
rep 0 scen 33/44 R0_Ne10000_Day0.45 done, t=1446s
rep 0 scen 34/44 R2_Ne10000_Day0.45 done, t=1478s
rep 0 scen 35/44 R0_Ne20000_Day0.45 done, t=1509s
rep 0 scen 36/44 R2_Ne20000_Day0.45 done, t=1542s
rep 0 scen 37/44 R0_Ne1e4_gy25 done, t=1591s
rep 0 scen 38/44 R2_Ne1e5_gy25 done, t=1618s
rep 0 scen 39/44 R2_Ne10000_F0.5 done, t=1795s
rep 0 scen 40/44 R2_Ne10000_F2 done, t=2306s
rep 0 scen 41/44 R2_Ne100000_F0.5 done, t=2340s
rep 0 scen 42/44 R2_Ne100000_F2 done, t=2372s
rep 0 scen 43/44 R2_Ne1e+06_F0.5 done, t=2405s
rep 0 scen 44/44 R2_Ne1e+06_F2 done, t=2439s
