rep 1 scen 1/44 R0_Ne10000 done, t=324s
rep 1 scen 2/44 R0_Ne20000 done, t=358s
rep 1 scen 3/44 R0_Ne50000 done, t=391s
rep 1 scen 4/44 R0_Ne100000 done, t=446s
rep 1 scen 5/44 R0_Ne300000 done, t=476s
rep 1 scen 6/44 R0_Ne1e+06 done, t=507s
rep 1 scen 7/44 R0_grow1e4-1e5 done, t=541s
rep 1 scen 8/44 R0_grow1e4-1e6 done, t=573s
rep 1 scen 9/44 R1_Ne10000 done, t=607s
rep 1 scen 10/44 R1_Ne20000 done, t=640s
rep 1 scen 11/44 R1_Ne50000 done, t=672s
rep 1 scen 12/44 R1_Ne100000 done, t=704s
rep 1 scen 13/44 R1_Ne300000 done, t=736s
rep 1 scen 14/44 R1_Ne1e+06 done, t=767s
rep 1 scen 15/44 R1_grow1e4-1e5 done, t=800s
rep 1 scen 16/44 R1_grow1e4-1e6 done, t=832s
rep 1 scen 17/44 R2_Ne10000 done, t=888s
rep 1 scen 18/44 R2_Ne20000 done, t=921s
rep 1 scen 19/44 R2_Ne50000 done, t=953s
rep 1 scen 20/44 R2_Ne100000 done, t=1008s
rep 1 scen 21/44 R2_Ne300000 done, t=1039s
rep 1 scen 22/44 R2_Ne1e+06 done, t=1093s
rep 1 scen 23/44 R2_grow1e4-1e5 done, t=1126s
rep 1 scen 24/44 R2_grow1e4-1e6 done, t=1158s
rep 1 scen 25/44 R3_Ne10000 done, t=1194s
rep 1 scen 26/44 R3_Ne20000 done, t=1227s
rep 1 scen 27/44 R3_Ne50000 done, t=1258s
rep 1 scen 28/44 R3_Ne100000 done, t=1290s
rep 1 scen 29/44 R3_Ne300000 done, t=1321s
rep 1 scen 30/44 R3_Ne1e+06 done, t=1352s
rep 1 scen 31/44 R3_grow1e4-1e5 done, t=1385s
rep 1 scen 32/44 R3_grow1e4-1e6 done, t=1416s
rep 1 scen 33/44 R0_Ne10000_Day0.45 done, t=1447s
rep 1 scen 34/44 R2_Ne10000_Day0.45 done, t=1480s
rep 1 scen 35/44 R0_Ne20000_Day0.45 done, t=1510s
rep 1 scen 36/44 R2_Ne20000_Day0.45 done, t=1542s
rep 1 scen 37/44 R0_Ne1e4_gy25 done, t=1589s
rep 1 scen 38/44 R2_Ne1e5_gy25 done, t=1615s
rep 1 scen 39/44 R2_Ne10000_F0.5 done, t=1791s
rep 1 scen 40/44 R2_Ne10000_F2 done, t=2323s
rep 1 scen 41/44 R2_Ne100000_F0.5 done, t=2356s
rep 1 scen 42/44 R2_Ne100000_F2 done, t=2388s
rep 1 scen 43/44 R2_Ne1e+06_F0.5 done, t=2421s
rep 1 scen 44/44 R2_Ne1e+06_F2 done, t=2452s
