rep 2 scen 1/44 R0_Ne10000 done, t=324s
rep 2 scen 2/44 R0_Ne20000 done, t=358s
rep 2 scen 3/44 R0_Ne50000 done, t=391s
rep 2 scen 4/44 R0_Ne100000 done, t=446s
rep 2 scen 5/44 R0_Ne300000 done, t=476s
rep 2 scen 6/44 R0_Ne1e+06 done, t=507s
rep 2 scen 7/44 R0_grow1e4-1e5 done, t=539s
rep 2 scen 8/44 R0_grow1e4-1e6 done, t=571s
rep 2 scen 9/44 R1_Ne10000 done, t=605s
rep 2 scen 10/44 R1_Ne20000 done, t=638s
rep 2 scen 11/44 R1_Ne50000 done, t=672s
rep 2 scen 12/44 R1_Ne100000 done, t=704s
rep 2 scen 13/44 R1_Ne300000 done, t=735s
rep 2 scen 14/44 R1_Ne1e+06 done, t=766s
rep 2 scen 15/44 R1_grow1e4-1e5 done, t=799s
rep 2 scen 16/44 R1_grow1e4-1e6 done, t=831s
rep 2 scen 17/44 R2_Ne10000 done, t=887s
rep 2 scen 18/44 R2_Ne20000 done, t=919s
rep 2 scen 19/44 R2_Ne50000 done, t=951s
rep 2 scen 20/44 R2_Ne100000 done, t=1006s
rep 2 scen 21/44 R2_Ne300000 done, t=1037s
rep 2 scen 22/44 R2_Ne1e+06 done, t=1093s
rep 2 scen 23/44 R2_grow1e4-1e5 done, t=1125s
rep 2 scen 24/44 R2_grow1e4-1e6 done, t=1157s
rep 2 scen 25/44 R3_Ne10000 done, t=1193s
rep 2 scen 26/44 R3_Ne20000 done, t=1226s
rep 2 scen 27/44 R3_Ne50000 done, t=1257s
rep 2 scen 28/44 R3_Ne100000 done, t=1289s
rep 2 scen 29/44 R3_Ne300000 done, t=1320s
rep 2 scen 30/44 R3_Ne1e+06 done, t=1351s
rep 2 scen 31/44 R3_grow1e4-1e5 done, t=1383s
rep 2 scen 32/44 R3_grow1e4-1e6 done, t=1415s
rep 2 scen 33/44 R0_Ne10000_Day0.45 done, t=1446s
rep 2 scen 34/44 R2_Ne10000_Day0.45 done, t=1478s
rep 2 scen 35/44 R0_Ne20000_Day0.45 done, t=1508s
rep 2 scen 36/44 R2_Ne20000_Day0.45 done, t=1540s
rep 2 scen 37/44 R0_Ne1e4_gy25 done, t=1586s
rep 2 scen 38/44 R2_Ne1e5_gy25 done, t=1613s
rep 2 scen 39/44 R2_Ne10000_F0.5 done, t=1788s
rep 2 scen 40/44 R2_Ne10000_F2 done, t=2320s
rep 2 scen 41/44 R2_Ne100000_F0.5 done, t=2352s
rep 2 scen 42/44 R2_Ne100000_F2 done, t=2384s
rep 2 scen 43/44 R2_Ne1e+06_F0.5 done, t=2417s
rep 2 scen 44/44 R2_Ne1e+06_F2 done, t=2448s
