rep 3 scen 1/44 R0_Ne10000 done, t=323s
rep 3 scen 2/44 R0_Ne20000 done, t=356s
rep 3 scen 3/44 R0_Ne50000 done, t=390s
rep 3 scen 4/44 R0_Ne100000 done, t=445s
rep 3 scen 5/44 R0_Ne300000 done, t=475s
rep 3 scen 6/44 R0_Ne1e+06 done, t=506s
rep 3 scen 7/44 R0_grow1e4-1e5 done, t=538s
rep 3 scen 8/44 R0_grow1e4-1e6 done, t=570s
rep 3 scen 9/44 R1_Ne10000 done, t=605s
rep 3 scen 10/44 R1_Ne20000 done, t=637s
rep 3 scen 11/44 R1_Ne50000 done, t=670s
rep 3 scen 12/44 R1_Ne100000 done, t=702s
rep 3 scen 13/44 R1_Ne300000 done, t=734s
rep 3 scen 14/44 R1_Ne1e+06 done, t=765s
rep 3 scen 15/44 R1_grow1e4-1e5 done, t=798s
rep 3 scen 16/44 R1_grow1e4-1e6 done, t=830s
rep 3 scen 17/44 R2_Ne10000 done, t=886s
rep 3 scen 18/44 R2_Ne20000 done, t=919s
rep 3 scen 19/44 R2_Ne50000 done, t=951s
rep 3 scen 20/44 R2_Ne100000 done, t=1006s
rep 3 scen 21/44 R2_Ne300000 done, t=1037s
rep 3 scen 22/44 R2_Ne1e+06 done, t=1091s
rep 3 scen 23/44 R2_grow1e4-1e5 done, t=1124s
rep 3 scen 24/44 R2_grow1e4-1e6 done, t=1156s
rep 3 scen 25/44 R3_Ne10000 done, t=1191s
rep 3 scen 26/44 R3_Ne20000 done, t=1224s
rep 3 scen 27/44 R3_Ne50000 done, t=1256s
rep 3 scen 28/44 R3_Ne100000 done, t=1288s
rep 3 scen 29/44 R3_Ne300000 done, t=1319s
rep 3 scen 30/44 R3_Ne1e+06 done, t=1350s
rep 3 scen 31/44 R3_grow1e4-1e5 done, t=1382s
rep 3 scen 32/44 R3_grow1e4-1e6 done, t=1414s
rep 3 scen 33/44 R0_Ne10000_Day0.45 done, t=1445s
rep 3 scen 34/44 R2_Ne10000_Day0.45 done, t=1477s
rep 3 scen 35/44 R0_Ne20000_Day0.45 done, t=1507s
rep 3 scen 36/44 R2_Ne20000_Day0.45 done, t=1539s
rep 3 scen 37/44 R0_Ne1e4_gy25 done, t=1586s
rep 3 scen 38/44 R2_Ne1e5_gy25 done, t=1612s
rep 3 scen 39/44 R2_Ne10000_F0.5 done, t=1787s
rep 3 scen 40/44 R2_Ne10000_F2 done, t=2318s
rep 3 scen 41/44 R2_Ne100000_F0.5 done, t=2351s
rep 3 scen 42/44 R2_Ne100000_F2 done, t=2383s
rep 3 scen 43/44 R2_Ne1e+06_F0.5 done, t=2416s
rep 3 scen 44/44 R2_Ne1e+06_F2 done, t=2447s
