/home/na/projects/evo-sim/research/checks/c1d_aadr_real.py:668: RuntimeWarning: Mean of empty slice
  pbar = np.nanmean(P, axis=0)
/home/na/projects/evo-sim/research/checks/c1d_aadr_real.py:669: RuntimeWarning: Mean of empty slice
  var = np.nanmean((P - pbar) ** 2, axis=0)
/home/na/projects/evo-sim/research/checks/c1d_aadr_real.py:670: RuntimeWarning: invalid value encountered in divide
  s = np.where(ok & (pbar > 0) & (pbar < 1), var / (pbar * (1 - pbar)), np.nan)
/home/na/projects/evo-sim/research/checks/c1d_aadr_real.py:625: RuntimeWarning: invalid value encountered in scalar divide
  corr = float(cors.sum() / dens.sum())
/home/na/projects/evo-sim/research/checks/c1d_aadr_real.py:626: RuntimeWarning: Mean of empty slice
  Sa, Sb = float(na[ok].mean()), float(nb[ok].mean())
/home/na/projects/evo-sim/research/.venv/lib/python3.14/site-packages/numpy/_core/_methods.py:142: RuntimeWarning: invalid value encountered in scalar divide
  ret = ret.dtype.type(ret / rcount)
/home/na/projects/evo-sim/research/checks/c1d_aadr_real.py:629: RuntimeWarning: invalid value encountered in scalar divide
  F = nu / de
QC {"n_indiv": 14242, "corr": 1.0, "ratio_median": 1.0, "ratio_iqr": [1.0, 1.0], "het_ph_median": 0.0, "het_ph_max": 0.015901557291125613, "n_ph_with_het_gt_1e3": 2, "het_dip_median": 0.2680284495180282, "n_dip": 624, "n_dip_with_het_lt_0p01": 1}
group n (V1): [184, 152, 774, 784, 838, 1356, 1173, 1522, 3493, 1344, 715]  Day: [168, 129, 668, 573, 721, 1141, 980, 952, 2093, 688, 625]
== Day statistic on real AADR v66 ==
Day: eligible 22428 tracked 16299 profile [3038, 8741, 4497, 2, 9, 7, 2, 1, 0, 0, 2] start [79.2, 20.2, 0.5, 0.2]
samp  E    T     m trk    snps  |     elig tracked   frac | profile (10000+ ... 0-500) | pre7k  S21 S23 | start% [99,100) [95,99) [90,95) <90 | singleton 1/2/3-5/6-10/>10
day1  E1   T2    1 all11  all   |    48888   48886  1.000 | 35753/8342/627/515/213/66/109/33/1/21/3206 | 0.9148 3649 4164 | 87.3/12.4/0.2/0.0 | 26478/9636/6117/2783/3874
day1  E1   T2    1 all11  auto  |    43748   43748  1.000 | 31399/7768/610/481/197/64/99/31/1/18/3080 | 0.9092 3490 3971 | 88.0/11.9/0.2/0.0 | 23295/8807/5484/2463/3699
day1  E1   T2    1 inter  all   |    48888   48888  1.000 | 35754/8342/627/516/213/66/109/33/1/21/3206 | 0.9148 3649 4165 | 87.3/12.4/0.2/0.0 | 26478/9636/6117/2783/3874
day1  E1   T2    1 inter  auto  |    43748   43748  1.000 | 31399/7768/610/481/197/64/99/31/1/18/3080 | 0.9092 3490 3971 | 88.0/11.9/0.2/0.0 | 23295/8807/5484/2463/3699
day1  E1   T2    5 all11  all   |    48885   48877  1.000 | 35746/8340/627/515/213/66/109/33/1/21/3206 | 0.9148 3649 4164 | 87.4/12.4/0.2/0.0 | 26476/9636/6116/2783/3874
day1  E1   T2    5 all11  auto  |    43747   43743  1.000 | 31394/7768/610/481/197/64/99/31/1/18/3080 | 0.9092 3490 3971 | 88.0/11.9/0.2/0.0 | 23294/8807/5484/2463/3699
day1  E1   T2    5 inter  all   |    48885   48884  1.000 | 35747/8342/629/515/213/67/109/33/1/21/3207 | 0.9148 3651 4166 | 87.4/12.4/0.2/0.0 | 26476/9636/6116/2783/3874
day1  E1   T2    5 inter  auto  |    43747   43747  1.000 | 31394/7770/611/481/197/64/99/31/1/18/3081 | 0.9092 3491 3972 | 88.0/11.9/0.2/0.0 | 23294/8807/5484/2463/3699
day1  E1   T2   10 all11  all   |    48883   48818  0.999 | 35694/8335/626/514/213/66/109/33/1/21/3206 | 0.9147 3649 4163 | 87.4/12.4/0.2/0.0 | 26474/9636/6116/2783/3874
day1  E1   T2   10 all11  auto  |    43745   43728  1.000 | 31380/7767/610/481/197/64/99/31/1/18/3080 | 0.9092 3490 3971 | 88.0/11.9/0.2/0.0 | 23292/8807/5484/2463/3699
day1  E1   T2   10 inter  all   |    48883   48882  1.000 | 35703/8365/636/521/215/68/110/33/1/21/3209 | 0.9145 3657 4178 | 87.4/12.4/0.2/0.0 | 26474/9636/6116/2783/3874
day1  E1   T2   10 inter  auto  |    43745   43745  1.000 | 31381/7779/612/481/198/64/99/31/1/18/3081 | 0.9092 3492 3973 | 88.0/11.9/0.2/0.0 | 23292/8807/5484/2463/3699
day1  E1   T2   20 all11  all   |    48838   48324  0.989 | 35265/8297/622/508/211/65/105/32/1/20/3198 | 0.9143 3632 4140 | 87.4/12.3/0.2/0.0 | 26450/9630/6104/2781/3873
day1  E1   T2   20 all11  auto  |    43739   43711  0.999 | 31369/7765/609/480/197/63/98/31/1/18/3080 | 0.9092 3488 3968 | 88.0/11.9/0.1/0.0 | 23291/8806/5481/2462/3699
day1  E1   T2   20 inter  all   |    48838   48836  1.000 | 35276/8588/695/585/224/68/121/37/1/23/3218 | 0.9124 3692 4277 | 87.4/12.3/0.2/0.0 | 26450/9630/6104/2781/3
group n (kr): [322, 1665, 1557, 1846, 1828, 2974, 559]
== Temporal Ne, v66 ==
pair      t_gen | K (keruru) Ne  F  corr  Sa/Sb  nSNP | B (allele-count corr) Ne [95%% CI]  corr | C (Fc) Ne
BA-Med    101.9 |     7812 0.007505 0.000985 782/1444  1114724 |     9665 [9267-10098] 0.002251 |     9691
EN-Mod    250.0 |     9672 0.014575 0.001652 836/474  1088644 |    10508 [9926-11162] 0.002574 |    10555
Meso-EN    92.6 |      866 0.057089 0.003601 166/837  1084848 |      872 [856-887] 0.007150 |      887
EN-LN      64.8 |     4706 0.008142 0.001256 837/760  1088043 |     5954 [5807-6109] 0.002838 |     5973
EN-BA     120.4 |     6761 0.010138 0.001236 837/783  1090834 |     8273 [7968-8603] 0.002899 |     8303
EN-Iron   175.9 |     9691 0.010270 0.001193 837/840  1099630 |    11520 [10417-12883] 0.002651 |    11561
EN-Med    222.2 |     8410 0.014157 0.000944 836/1444  1114556 |     9302 [8837-9819] 0.002138 |     9341
LN-BA      55.6 |     7307 0.005098 0.001297 760/783  1089173 |    13059 [12547-13616] 0.002951 |    13104
BA-Iron    55.6 |     6946 0.005233 0.001234 783/840  1099969 |    11212 [10355-12223] 0.002765 |    11245
Iron-Med   46.3 |     3821 0.007000 0.000942 839/1444  1117886 |     4628 [4495-4768] 0.002005 |     4639
Med-Mod    27.8 |     2483 0.006998 0.001404 1443/473  1112526 |     2516 [2418-2621] 0.001927 |     2522
keruru reported: {"BA-Med": {"ne": 8139, "F": 0.007183, "S": [842, 1548], "snps": 1117492, "t": 102}, "EN-Mod": {"ne": 9835, "F": 0.014339, "S": [865, 476], "snps": 1090099, "t": 250}, "EN-Meso": {"ne": 938, "t": 111}, "EN-LN": {"ne": 4922, "t": 65}, "EN-BA": {"ne": 6933, "t": 120}, "EN-Iron": {"ne": 9792, "t": 176}, "EN-Med": {"ne": 8530, "t": 222}}
generation-time sensitivity (form B): {"BA-Med": {"25": 10437.977475122214, "27": 9664.793958446493, "29": 8998.256444070874, "31": 8417.723770259849}, "EN-Mod": {"25": 11348.166470939881, "27": 10507.561547166557, "29": 9782.902130120587, "31": 9151.747153983775}}
-- ancestry informativeness quintiles (form B), 1036070 SNPs with all three sources --
BA-Med: intercept F 0.005344 slope -0.0014 -> drift-only Ne 9530 ; top/bottom F_adj 0.96
    q1  s 0.0055  nSNP 198370  F 0.007519  F_adj 0.005362  Ne 9498
    q2  s 0.0178  nSNP 199015  F 0.007520  F_adj 0.005334  Ne 9547
    q3  s 0.0360  nSNP 200406  F 0.007472  F_adj 0.005264  Ne 9675
    q4  s 0.0646  nSNP 199742  F 0.007464  F_adj 0.005221  Ne 9754
    q5  s 0.1434  nSNP 195698  F 0.007538  F_adj 0.005158  Ne 9873
EN-Mod: intercept F 0.010420 slope 0.0233 -> drift-only Ne 11996 ; top/bottom F_adj 1.31
    q1  s 0.0055  nSNP 195106  F 0.012912  F_adj 0.010404  Ne 12014
    q2  s 0.0178  nSNP 198328  F 0.013278  F_adj 0.010759  Ne 11618
    q3  s 0.0360  nSNP 200337  F 0.013875  F_adj 0.011344  Ne 11019
    q4  s 0.0646  nSNP 199739  F 0.014739  F_adj 0.012180  Ne 10263
    q5  s 0.1434  nSNP 195693  F 0.016316  F_adj 0.013640  Ne 9164
EN-BA: intercept F 0.004953 slope 0.0383 -> drift-only Ne 12150 ; top/bottom F_adj 2.14
    q1  s 0.0055  nSNP 196616  F 0.007499  F_adj 0.004744  Ne 12686
    q2  s 0.0178  nSNP 198614  F 0.008363  F_adj 0.005565  Ne 10816
    q3  s 0.0360  nSNP 200331  F 0.009386  F_adj 0.006554  Ne 9183
    q4  s 0.0646  nSNP 199735  F 0.010859  F_adj 0.007973  Ne 7548
    q5  s 0.1434  nSNP 195696  F 0.013266  F_adj 0.010172  Ne 5917
EN-Med: intercept F 0.009505 slope 0.0403 -> drift-only Ne 11690 ; top/bottom F_adj 1.63
    q1  s 0.0055  nSNP 198312  F 0.011209  F_adj 0.009164  Ne 12124
    q2  s 0.0178  nSNP 199029  F 0.012208  F_adj 0.010136  Ne 10962
    q3  s 0.0360  nSNP 200401  F 0.013364  F_adj 0.011271  Ne 9858
    q4  s 0.0646  nSNP 199740  F 0.014923  F_adj 0.012795  Ne 8684
    q5  s 0.1434  nSNP 195697  F 0.017188  F_adj 0.014923  Ne 7445
LN-BA: intercept F 0.001972 slope 0.0024 -> drift-only Ne 14089 ; top/bottom F_adj 1.18
    q1  s 0.0055  nSNP 198472  F 0.004788  F_adj 0.001964  Ne 14145
    q2  s 0.0178  nSNP 198553  F 0.004908  F_adj 0.002046  Ne 13577
    q3  s 0.0360  nSNP 200336  F 0.004936  F_adj 0.002044  Ne 13591
    q4  s 0.0646  nSNP 199732  F 0.005073  F_adj 0.002133  Ne 13021
    q5  s 0.1434  nSNP 195693  F 0.005439  F_adj 0.002315  Ne 12001
-- regions (form B) --
Iberia        BA-Med  Ne     4442  F 0.04583 corr 0.03437  S 79/56  nSNP 927962
Iberia        EN-Mod  Ne     3258  F 0.08866 corr 0.05029  S 22/227  nSNP 282481
Iberia        EN-BA   Ne     2152  F 0.08353 corr 0.05556  S 22/107  nSNP 279771
CentralEur    BA-Med  Ne     3407  F 0.02139 corr 0.00644  S 262/887  nSNP 1078591
CentralEur    EN-Mod  Ne      nan  F nan corr nan  S nan/nan  nSNP 0
CentralEur    EN-BA   Ne     1726  F 0.04386 corr 0.00899  S 334/262  nSNP 1028221
ItalyBalkans  BA-Med  Ne     7166  F 0.02410 corr 0.01699  S 168/112  nSNP 1010493
ItalyBalkans  EN-Mod  Ne     7162  F 0.02701 corr 0.00956  S 179/349  nSNP 1020967
ItalyBalkans  EN-BA   Ne     7620  F 0.02164 corr 0.01374  S 179/168  nSNP 1013968
Scandinavia   BA-Med  Ne    14637  F 0.02810 corr 0.02462  S 51/220  nSNP 1036198
Scandinavia   EN-Mod  Ne     1128  F 0.20449 corr 0.09367  S 22/21  nSNP 7781
Scandinavia   EN-BA   Ne      628  F 0.16096 corr 0.06511  S 22/53  nSNP 435156
EastEur       BA-Med  Ne     3909  F 0.02956 corr 0.01653  S 179/112  nSNP 1025006
EastEur       EN-Mod  Ne     2958  F 0.05193 corr 0.00966  S 238/211  nSNP 1022421
EastEur       EN-BA   Ne     3065  F 0.03046 corr 0.01083  S 238/179  nSNP 1036205

