rep 1 scen 1 R0_ctrl_Ne1e4 done t=527s S21=[3877, 3937]
rep 2 scen 1 R0_ctrl_Ne1e4 done t=552s S21=[3940, 3926]
rep 0 scen 1 R0_ctrl_Ne1e4 done t=553s S21=[3856, 3844]
rep 1 scen 2 R0_ctrl_Ne1.4e5 done t=586s S21=[8, 21]
rep 2 scen 2 R0_ctrl_Ne1.4e5 done t=609s S21=[18, 21]
rep 0 scen 2 R0_ctrl_Ne1.4e5 done t=612s S21=[15, 16]
rep 1 scen 3 R0_Gravel done t=644s S21=[1141, 1110]
rep 2 scen 3 R0_Gravel done t=668s S21=[1173, 1143]
rep 0 scen 3 R0_Gravel done t=671s S21=[1099, 1096]
rep 1 scen 4 R0_Gazave done t=697s S21=[5303, 5156]
rep 2 scen 4 R0_Gazave done t=729s S21=[5143, 5218]
rep 0 scen 4 R0_Gazave done t=730s S21=[5014, 5149]
rep 1 scen 5 R0_Coventry done t=755s S21=[5189, 5108]
rep 0 scen 5 R0_Coventry done t=785s S21=[4976, 5069]
rep 2 scen 5 R0_Coventry done t=789s S21=[5173, 5099]
rep 1 scen 6 R0_Nelson done t=803s S21=[37, 42]
rep 0 scen 6 R0_Nelson done t=845s S21=[45, 44]
rep 2 scen 6 R0_Nelson done t=848s S21=[45, 39]
rep 1 scen 7 R0_Nelson_g1.2 done t=852s S21=[4, 1]
rep 0 scen 7 R0_Nelson_g1.2 done t=903s S21=[5, 7]
rep 1 scen 8 R0_Nelson_g2.3 done t=904s S21=[594, 555]
rep 2 scen 7 R0_Nelson_g1.2 done t=905s S21=[6, 9]
rep 2 scen 8 R0_Nelson_g2.3 done t=961s S21=[622, 611]
rep 0 scen 8 R0_Nelson_g2.3 done t=962s S21=[609, 619]
rep 1 scen 9 R2_ctrl_Ne1e4 done t=962s S21=[2289, 2246]
rep 1 scen 10 R2_ctrl_Ne1.4e5 done t=1021s S21=[95, 75]
rep 2 scen 9 R2_ctrl_Ne1e4 done t=1023s S21=[2310, 2376]
rep 0 scen 9 R2_ctrl_Ne1e4 done t=1024s S21=[2246, 2221]
rep 2 scen 10 R2_ctrl_Ne1.4e5 done t=1079s S21=[72, 72]
rep 0 scen 10 R2_ctrl_Ne1.4e5 done t=1081s S21=[96, 107]
rep 1 scen 11 R2_Gravel done t=1083s S21=[704, 738]
rep 2 scen 11 R2_Gravel done t=1141s S21=[763, 731]
rep 0 scen 11 R2_Gravel done t=1142s S21=[744, 747]
rep 1 scen 12 R2_Gazave done t=1142s S21=[1909, 1877]
rep 2 scen 12 R2_Gazave done t=1199s S21=[1914, 1910]
rep 1 scen 13 R2_Coventry done t=1201s S21=[2573, 2620]
rep 0 scen 12 R2_Gazave done t=1204s S21=[1924, 1868]
rep 2 scen 13 R2_Coventry done t=1260s S21=[2478, 2484]
rep 1 scen 14 R2_Nelson done t=1263s S21=[50, 69]
rep 0 scen 13 R2_Coventry done t=1266s S21=[2578, 2569]
rep 2 scen 14 R2_Nelson done t=1319s S21=[51, 47]
rep 1 scen 15 R2_Nelson_g1.2 done t=1321s S21=[31, 47]
rep 0 scen 14 R2_Nelson done t=1326s S21=[46, 42]
rep 2 scen 15 R2_Nelson_g1.2 done t=1379s S21=[36, 29]
rep 0 scen 15 R2_Nelson_g1.2 done t=1380s S21=[28, 32]
rep 1 scen 16 R2_Nelson_g2.3 done t=1383s S21=[102, 88]
replicate 1 finished
rep 0 scen 16 R2_Nelson_g2.3 done t=1435s S21=[90, 110]
replicate 0 finished
rep 2 scen 16 R2_Nelson_g2.3 done t=1441s S21=[127, 126]
replicate 2 finished
