rep 0 scen 1 R0_ctrl_Ne1e4_gy20 done t=542s S21=[3856, 3918]
rep 5 scen 1 R0_ctrl_Ne1e4_gy20 done t=570s S21=[3813, 3812]
rep 2 scen 1 R0_ctrl_Ne1e4_gy20 done t=570s S21=[3893, 3936]
rep 3 scen 1 R0_ctrl_Ne1e4_gy20 done t=571s S21=[3867, 3924]
rep 4 scen 1 R0_ctrl_Ne1e4_gy20 done t=575s S21=[3910, 3869]
rep 1 scen 1 R0_ctrl_Ne1e4_gy20 done t=589s S21=[3844, 3865]
rep 0 scen 2 R0_ctrl_Ne1.4e5_gy20 done t=601s S21=[14, 19]
rep 5 scen 2 R0_ctrl_Ne1.4e5_gy20 done t=621s S21=[20, 19]
rep 2 scen 2 R0_ctrl_Ne1.4e5_gy20 done t=628s S21=[14, 25]
rep 3 scen 2 R0_ctrl_Ne1.4e5_gy20 done t=629s S21=[23, 16]
rep 4 scen 2 R0_ctrl_Ne1.4e5_gy20 done t=632s S21=[17, 22]
rep 1 scen 2 R0_ctrl_Ne1.4e5_gy20 done t=649s S21=[16, 22]
rep 0 scen 3 R0_ctrl_Ne1e4 done t=649s S21=[2433, 2506]
rep 5 scen 3 R0_ctrl_Ne1e4 done t=665s S21=[2411, 2543]
rep 2 scen 3 R0_ctrl_Ne1e4 done t=673s S21=[2403, 2427]
rep 4 scen 3 R0_ctrl_Ne1e4 done t=679s S21=[2476, 2508]
rep 3 scen 3 R0_ctrl_Ne1e4 done t=680s S21=[2520, 2480]
rep 0 scen 4 R0_ctrl_Ne1.4e5 done t=694s S21=[9, 13]
rep 1 scen 3 R0_ctrl_Ne1e4 done t=698s S21=[2550, 2547]
rep 5 scen 4 R0_ctrl_Ne1.4e5 done t=715s S21=[12, 19]
rep 2 scen 4 R0_ctrl_Ne1.4e5 done t=721s S21=[16, 12]
rep 4 scen 4 R0_ctrl_Ne1.4e5 done t=725s S21=[11, 16]
rep 3 scen 4 R0_ctrl_Ne1.4e5 done t=725s S21=[19, 15]
rep 0 scen 5 R0_Gravel done t=741s S21=[694, 679]
rep 1 scen 4 R0_ctrl_Ne1.4e5 done t=746s S21=[15, 12]
rep 5 scen 5 R0_Gravel done t=757s S21=[728, 749]
rep 2 scen 5 R0_Gravel done t=771s S21=[724, 728]
rep 4 scen 5 R0_Gravel done t=775s S21=[737, 706]
rep 3 scen 5 R0_Gravel done t=776s S21=[717, 671]
rep 0 scen 6 R0_Gazave done t=791s S21=[3371, 3249]
rep 1 scen 5 R0_Gravel done t=795s S21=[687, 695]
rep 5 scen 6 R0_Gazave done t=808s S21=[3422, 3398]
rep 2 scen 6 R0_Gazave done t=821s S21=[3359, 3257]
rep 4 scen 6 R0_Gazave done t=824s S21=[3455, 3455]
rep 3 scen 6 R0_Gazave done t=826s S21=[3433, 3482]
rep 0 scen 7 R0_Coventry done t=836s S21=[3181, 3185]
rep 1 scen 6 R0_Gazave done t=838s S21=[3375, 3390]
rep 5 scen 7 R0_Coventry done t=854s S21=[3256, 3332]
rep 2 scen 7 R0_Coventry done t=869s S21=[3304, 3267]
rep 4 scen 7 R0_Coventry done t=875s S21=[3289, 3359]
rep 3 scen 7 R0_Coventry done t=876s S21=[3230, 3299]
rep 0 scen 8 R0_Nelson done t=885s S21=[38, 30]
rep 1 scen 7 R0_Coventry done t=889s S21=[3327, 3317]
rep 5 scen 8 R0_Nelson done t=897s S21=[23, 30]
rep 2 scen 8 R0_Nelson done t=916s S21=[27, 33]
rep 4 scen 8 R0_Nelson done t=924s S21=[39, 41]
rep 3 scen 8 R0_Nelson done t=925s S21=[27, 19]
rep 0 scen 9 R0_Nelson_g1.2 done t=932s S21=[4, 4]
rep 1 scen 8 R0_Nelson done t=933s S21=[40, 28]
rep 5 scen 9 R0_Nelson_g1.2 done t=942s S21=[2, 8]
rep 2 scen 9 R0_Nelson_g1.2 done t=962s S21=[11, 10]
rep 4 scen 9 R0_Nelson_g1.2 done t=969s S21=[7, 6]
rep 3 scen 9 R0_Nelson_g1.2 done t=970s S21=[3, 7]
rep 1 scen 9 R0_Nelson_g1.2 done t=978s S21=[5, 4]
rep 0 scen 10 R0_Nelson_g2.3 done t=983s S21=[416, 411]
rep 5 scen 10 R0_Nelson_g2.3 done t=990s S21=[448, 438]
rep 2 scen 10 R0_Nelson_g2.3 done t=1006s S21=[413, 449]
rep 3 scen 10 R0_Nelson_g2.3 done t=1016s S21=[431, 422]
rep 4 scen 10 R0_Nelson_g2.3 done t=1019s S21=[446, 460]
rep 1 scen 10 R0_Nelson_g2.3 done t=1025s S21=[442, 446]
rep 0 scen 11 R2_ctrl_Ne1e4_gy20 done t=1044s S21=[2269, 2260]
rep 5 scen 11 R2_ctrl_Ne1e4_gy20 done t=1049s S21=[2262, 2217]
rep 2 scen 11 R2_ctrl_Ne1e4_gy20 done t=1069s S21=[2351, 2282]
rep 4 scen 11 R2_ctrl_Ne1e4_gy20 done t=1074s S21=[2259, 2254]
rep 3 scen 11 R2_ctrl_Ne1e4_gy20 done t=1076s S21=[2234, 2290]
rep 1 scen 11 R2_ctrl_Ne1e4_gy20 done t=1088s S21=[2253, 2334]
rep 0 scen 12 R2_ctrl_Ne1.4e5_gy20 done t=1100s S21=[62, 70]
rep 5 scen 12 R2_ctrl_Ne1.4e5_gy20 done t=1107s S21=[78, 61]
rep 2 scen 12 R2_ctrl_Ne1.4e5_gy20 done t=1122s S21=[78, 63]
rep 4 scen 12 R2_ctrl_Ne1.4e5_gy20 done t=1134s S21=[87, 70]
rep 3 scen 12 R2_ctrl_Ne1.4e5_gy20 done t=1137s S21=[64, 87]
rep 1 scen 12 R2_ctrl_Ne1.4e5_gy20 done t=1148s S21=[61, 56]
rep 0 scen 13 R2_ctrl_Ne1e4 done t=1153s S21=[1545, 1578]
rep 5 scen 13 R2_ctrl_Ne1e4 done t=1155s S21=[1552, 1585]
rep 2 scen 13 R2_ctrl_Ne1e4 done t=1169s S21=[1571, 1642]
rep 4 scen 13 R2_ctrl_Ne1e4 done t=1185s S21=[1587, 1596]
rep 3 scen 13 R2_ctrl_Ne1e4 done t=1188s S21=[1559, 1533]
rep 1 scen 13 R2_ctrl_Ne1e4 done t=1198s S21=[1588, 1549]
rep 0 scen 14 R2_ctrl_Ne1.4e5 done t=1202s S21=[58, 53]
rep 5 scen 14 R2_ctrl_Ne1.4e5 done t=1205s S21=[62, 42]
rep 2 scen 14 R2_ctrl_Ne1.4e5 done t=1215s S21=[58, 62]
rep 3 scen 14 R2_ctrl_Ne1.4e5 done t=1231s S21=[59, 61]
rep 4 scen 14 R2_ctrl_Ne1.4e5 done t=1236s S21=[51, 65]
rep 5 scen 15 R2_Gravel done t=1247s S21=[515, 500]
rep 1 scen 14 R2_ctrl_Ne1.4e5 done t=1249s S21=[52, 64]
rep 0 scen 15 R2_Gravel done t=1255s S21=[481, 527]
rep 2 scen 15 R2_Gravel done t=1267s S21=[526, 517]
rep 3 scen 15 R2_Gravel done t=1279s S21=[520, 525]
rep 4 scen 15 R2_Gravel done t=1284s S21=[530, 538]
rep 5 scen 16 R2_Gazave done t=1291s S21=[1281, 1306]
rep 1 scen 15 R2_Gravel done t=1301s S21=[546, 522]
rep 0 scen 16 R2_Gazave done t=1304s S21=[1320, 1357]
rep 2 scen 16 R2_Gazave done t=1321s S21=[1286, 1329]
rep 3 scen 16 R2_Gazave done t=1331s S21=[1341, 1349]
rep 4 scen 16 R2_Gazave done t=1338s S21=[1331, 1264]
rep 5 scen 17 R2_Coventry done t=1340s S21=[1778, 1835]
rep 1 scen 16 R2_Gazave done t=1353s S21=[1367, 1330]
rep 0 scen 17 R2_Coventry done t=1356s S21=[1771, 1785]
rep 2 scen 17 R2_Coventry done t=1375s S21=[1716, 1700]
rep 3 scen 17 R2_Coventry done t=1383s S21=[1734, 1742]
rep 4 scen 17 R2_Coventry done t=1389s S21=[1718, 1712]
rep 5 scen 18 R2_Nelson done t=1392s S21=[59, 51]
rep 0 scen 18 R2_Nelson done t=1402s S21=[52, 48]
rep 1 scen 17 R2_Coventry done t=1404s S21=[1703, 1745]
rep 2 scen 18 R2_Nelson done t=1426s S21=[47, 54]
rep 3 scen 18 R2_Nelson done t=1428s S21=[47, 59]
rep 4 scen 18 R2_Nelson done t=1438s S21=[52, 45]
rep 5 scen 19 R2_Nelson_g1.2 done t=1443s S21=[20, 29]
rep 0 scen 19 R2_Nelson_g1.2 done t=1447s S21=[27, 32]
rep 1 scen 18 R2_Nelson done t=1452s S21=[44, 40]
rep 3 scen 19 R2_Nelson_g1.2 done t=1470s S21=[23, 21]
rep 2 scen 19 R2_Nelson_g1.2 done t=1476s S21=[31, 31]
rep 4 scen 19 R2_Nelson_g1.2 done t=1488s S21=[21, 23]
rep 5 scen 20 R2_Nelson_g2.3 done t=1495s S21=[91, 79]
replicate 5 finished
rep 1 scen 19 R2_Nelson_g1.2 done t=1499s S21=[26, 25]
rep 0 scen 20 R2_Nelson_g2.3 done t=1500s S21=[94, 101]
replicate 0 finished
rep 2 scen 20 R2_Nelson_g2.3 done t=1521s S21=[98, 85]
replicate 2 finished
rep 3 scen 20 R2_Nelson_g2.3 done t=1521s S21=[102, 115]
replicate 3 finished
rep 4 scen 20 R2_Nelson_g2.3 done t=1535s S21=[91, 102]
replicate 4 finished
rep 1 scen 20 R2_Nelson_g2.3 done t=1539s S21=[100, 87]
replicate 1 finished
