====================================================================================================
A. Scorecards (exceeds = p9<=.05; fails = p9>=.5; far = p90<=.05 at 25 y; 20 y uses p9_20; p90 is 25 y only)
  IN-SCOPE m>=2, kmult<=1, N/V       cells  96 | 25y: exceeds  96 fails   0 far  96 | 20y: exceeds  96 fails   0
  in-scope max p9 0.000, max p9_20 0.000, max p90 0.017
    in-scope N                       cells  24 | 25y: exceeds  24 fails   0 far  24 | 20y: exceeds  24 fails   0
    in-scope V4                      cells  24 | 25y: exceeds  24 fails   0 far  24 | 20y: exceeds  24 fails   0
    in-scope V3                      cells  24 | 25y: exceeds  24 fails   0 far  24 | 20y: exceeds  24 fails   0
    in-scope V2                      cells  24 | 25y: exceeds  24 fails   0 far  24 | 20y: exceeds  24 fails   0
  FULL GRID (assumption map)         cells 714 | 25y: exceeds 470 fails 192 far 339 | 20y: exceeds 461 fails 196
  m>=2 only                          cells 672 | 25y: exceeds 460 fails 169 far 336 | 20y: exceeds 451 fails 173
    N Ne=1e+04                       cells  49 | 25y: exceeds  42 fails   0 far  20 | 20y: exceeds  41 fails   0
    N Ne=1e+05                       cells  49 | 25y: exceeds  47 fails   0 far  27 | 20y: exceeds  46 fails   0
    V4 Ne=1e+04                      cells  42 | 25y: exceeds  40 fails   0 far  27 | 20y: exceeds  39 fails   0
    V4 Ne=1e+05                      cells  42 | 25y: exceeds  42 fails   0 far  41 | 20y: exceeds  42 fails   0
    V3 Ne=1e+04                      cells  42 | 25y: exceeds  42 fails   0 far  42 | 20y: exceeds  42 fails   0
    V3 Ne=1e+05                      cells  42 | 25y: exceeds  42 fails   0 far  42 | 20y: exceeds  42 fails   0
    V2 Ne=1e+04                      cells  42 | 25y: exceeds  42 fails   0 far  42 | 20y: exceeds  42 fails   0
    V2 Ne=1e+05                      cells  42 | 25y: exceeds  42 fails   0 far  42 | 20y: exceeds  42 fails   0
    Fin2 Ne=1e+04                    cells  49 | 25y: exceeds  28 fails  13 far  13 | 20y: exceeds  28 fails  14
    Fin2 Ne=1e+05                    cells  49 | 25y: exceeds  20 fails  21 far  11 | 20y: exceeds  19 fails  21
    Fin3 Ne=1e+04                    cells  49 | 25y: exceeds  31 fails   7 far  14 | 20y: exceeds  30 fails   7
    Fin3 Ne=1e+05                    cells  49 | 25y: exceeds  27 fails  16 far  12 | 20y: exceeds  23 fails  16
    S2 Ne=1e+04                      cells  42 | 25y: exceeds   6 fails  36 far   0 | 20y: exceeds   6 fails  36
    S2 Ne=1e+05                      cells  42 | 25y: exceeds   0 fails  39 far   0 | 20y: exceeds   0 fails  42
    S3 Ne=1e+04                      cells  42 | 25y: exceeds  13 fails  24 far   6 | 20y: exceeds  13 fails  24
    S3 Ne=1e+05                      cells  42 | 25y: exceeds   6 fails  36 far   0 | 20y: exceeds   6 fails  36
  N/V cells kmult<=3 with p90>0.05 (exceeds but not far): [('N', 2, 0, '3', '1e+04', 0.083), ('N', 1, 0, '3', '1e+04', 0.15), ('N', 1, 0, '1', '1e+04', 0.067), ('N', 1, 0, '3', '1e+05', 0.15)]
====================================================================================================
B. Censored-exponential MLE = total_time/n_fin (SE ~ MLE/sqrt(n_fin)) vs fixed-state chain
  Fin2 Ne=1e+04 m=1 rho=0 f=1 n_fin=60  mean_fin 1.91e+05  MLE 1.91e+05 (+-13%)  chain 1.74e+05  chain/MLE 0.91  chain/mean_fin 0.91
  Fin2 Ne=1e+04 m=2 rho=0 f=1 n_fin=43  mean_fin 1.76e+07  MLE 3.18e+07 (+-15%)  chain 3.48e+07  chain/MLE 1.09  chain/mean_fin 1.98
  Fin2 Ne=1e+04 m=2 rho=1 f=1 n_fin=42  mean_fin 1.23e+07  MLE 2.78e+07 (+-15%)  chain 3.48e+07  chain/MLE 1.25  chain/mean_fin 2.82
  Fin2 Ne=1e+04 m=3 rho=0 f=1 n_fin=17  mean_fin 2.21e+07  MLE 1.13e+08 (+-24%)  chain 1e+08  chain/MLE 0.89  chain/mean_fin 4.54
  Fin2 Ne=1e+04 m=3 rho=1 f=1 n_fin=19  mean_fin 2.1e+07  MLE 9.86e+07 (+-23%)  chain 1e+08  chain/MLE 1.02  chain/mean_fin 4.79
  Fin2 Ne=1e+04 m=4 rho=0 f=1 n_fin= 9  mean_fin 2.44e+07  MLE 2.28e+08 (+-33%)  chain 2.59e+08  chain/MLE 1.14  chain/mean_fin 10.65
  Fin2 Ne=1e+04 m=4 rho=1 f=1 n_fin= 3  mean_fin 2.51e+07  MLE 7.09e+08 (+-58%)  chain 2.59e+08  chain/MLE 0.37  chain/mean_fin 10.35
  Fin2 Ne=1e+05 m=1 rho=0 f=3 n_fin=60  mean_fin 1.89e+04  MLE 1.89e+04 (+-13%)  chain 1.74e+04  chain/MLE 0.92  chain/mean_fin 0.92
  Fin2 Ne=1e+05 m=2 rho=0 f=3 n_fin=59  mean_fin 6.98e+06  MLE 7.59e+06 (+-13%)  chain 3.44e+07  chain/MLE 4.53  chain/mean_fin 4.92
  Fin2 Ne=1e+05 m=2 rho=1 f=3 n_fin=60  mean_fin 6.39e+06  MLE 6.39e+06 (+-13%)  chain 3.44e+07  chain/MLE 5.37  chain/mean_fin 5.37
  Fin2 Ne=1e+05 m=3 rho=0 f=3 n_fin=34  mean_fin 1.74e+07  MLE 4.5e+07 (+-17%)  chain 9.89e+07  chain/MLE 2.20  chain/mean_fin 5.68
  Fin2 Ne=1e+05 m=3 rho=1 f=3 n_fin=36  mean_fin 1.82e+07  MLE 4.22e+07 (+-17%)  chain 9.89e+07  chain/MLE 2.35  chain/mean_fin 5.45
  Fin2 Ne=1e+05 m=4 rho=0 f=3 n_fin= 9  mean_fin 2.32e+07  MLE 2.27e+08 (+-33%)  chain 2.54e+08  chain/MLE 1.12  chain/mean_fin 10.96
  Fin2 Ne=1e+05 m=4 rho=1 f=3 n_fin=17  mean_fin 2.33e+07  MLE 1.14e+08 (+-24%)  chain 2.54e+08  chain/MLE 2.23  chain/mean_fin 10.92
  Fin3 Ne=1e+04 m=1 rho=0 f=1 n_fin=60  mean_fin 1.86e+06  MLE 1.86e+06 (+-13%)  chain 1.72e+06  chain/MLE 0.93  chain/mean_fin 0.93
  Fin3 Ne=1e+04 m=2 rho=0 f=1 n_fin=32  mean_fin 1.62e+07  MLE 4.77e+07 (+-18%)  chain 3.91e+07  chain/MLE 0.82  chain/mean_fin 2.41
  Fin3 Ne=1e+04 m=2 rho=1 f=1 n_fin=37  mean_fin 1.48e+07  MLE 3.72e+07 (+-16%)  chain 3.91e+07  chain/MLE 1.05  chain/mean_fin 2.65
  Fin3 Ne=1e+04 m=3 rho=0 f=1 n_fin=17  mean_fin 2.14e+07  MLE 1.12e+08 (+-24%)  chain 1.14e+08  chain/MLE 1.02  chain/mean_fin 5.34
  Fin3 Ne=1e+04 m=3 rho=1 f=1 n_fin= 6  mean_fin 2.13e+07  MLE 3.45e+08 (+-41%)  chain 1.14e+08  chain/MLE 0.33  chain/mean_fin 5.36
  Fin3 Ne=1e+04 m=4 rho=0 f=1 n_fin= 5  mean_fin 1.81e+07  MLE 4.14e+08 (+-45%)  chain 3.08e+08  chain/MLE 0.74  chain/mean_fin 17.04
  Fin3 Ne=1e+04 m=4 rho=1 f=1 n_fin= 7  mean_fin 2.91e+07  MLE 3.02e+08 (+-38%)  chain 3.08e+08  chain/MLE 1.02  chain/mean_fin 10.61
  Fin3 Ne=1e+05 m=1 rho=0 f=3 n_fin=60  mean_fin 1.82e+05  MLE 1.82e+05 (+-13%)  chain 1.72e+05  chain/MLE 0.94  chain/mean_fin 0.94
  Fin3 Ne=1e+05 m=2 rho=0 f=3 n_fin=54  mean_fin 1.2e+07  MLE 1.6e+07 (+-14%)  chain 3.48e+07  chain/MLE 2.17  chain/mean_fin 2.89
  Fin3 Ne=1e+05 m=2 rho=1 f=3 n_fin=51  mean_fin 1.32e+07  MLE 1.95e+07 (+-14%)  chain 3.48e+07  chain/MLE 1.78  chain/mean_fin 2.65
  Fin3 Ne=1e+05 m=3 rho=0 f=3 n_fin=25  mean_fin 1.88e+07  MLE 6.92e+07 (+-20%)  chain 1e+08  chain/MLE 1.45  chain/mean_fin 5.33
  Fin3 Ne=1e+05 m=3 rho=1 f=3 n_fin=24  mean_fin 1.97e+07  MLE 7.37e+07 (+-20%)  chain 1e+08  chain/MLE 1.36  chain/mean_fin 5.09
  Fin3 Ne=1e+05 m=4 rho=0 f=3 n_fin=10  mean_fin 2.34e+07  MLE 2.03e+08 (+-32%)  chain 2.59e+08  chain/MLE 1.28  chain/mean_fin 11.08
  Fin3 Ne=1e+05 m=4 rho=1 f=3 n_fin=13  mean_fin 2.22e+07  MLE 1.52e+08 (+-28%)  chain 2.59e+08  chain/MLE 1.70  chain/mean_fin 11.68
  S2   Ne=1e+04 m=2 rho=0 f=1 n_fin=60  mean_fin 2.72e+05  MLE 2.72e+05 (+-13%)  chain 2.61e+05  chain/MLE 0.96  chain/mean_fin 0.96
  S2   Ne=1e+04 m=2 rho=1 f=1 n_fin=60  mean_fin 3.1e+05  MLE 3.1e+05 (+-13%)  chain 2.61e+05  chain/MLE 0.84  chain/mean_fin 0.84
  S2   Ne=1e+04 m=3 rho=0 f=1 n_fin=60  mean_fin 3.26e+05  MLE 3.26e+05 (+-13%)  chain 3.19e+05  chain/MLE 0.98  chain/mean_fin 0.98
  S2   Ne=1e+04 m=3 rho=1 f=1 n_fin=60  mean_fin 3.27e+05  MLE 3.27e+05 (+-13%)  chain 3.19e+05  chain/MLE 0.98  chain/mean_fin 0.98
  S2   Ne=1e+04 m=4 rho=0 f=1 n_fin=60  mean_fin 3.1e+05  MLE 3.1e+05 (+-13%)  chain 3.63e+05  chain/MLE 1.17  chain/mean_fin 1.17
  S2   Ne=1e+04 m=4 rho=1 f=1 n_fin=60  mean_fin 3.46e+05  MLE 3.46e+05 (+-13%)  chain 3.63e+05  chain/MLE 1.05  chain/mean_fin 1.05
  S2   Ne=1e+05 m=2 rho=0 f=3 n_fin=60  mean_fin 2.56e+04  MLE 2.56e+04 (+-13%)  chain 2.61e+04  chain/MLE 1.02  chain/mean_fin 1.02
  S2   Ne=1e+05 m=2 rho=1 f=3 n_fin=60  mean_fin 2.65e+04  MLE 2.65e+04 (+-13%)  chain 2.61e+04  chain/MLE 0.98  chain/mean_fin 0.98
  S2   Ne=1e+05 m=3 rho=0 f=3 n_fin=60  mean_fin 3.28e+04  MLE 3.28e+04 (+-13%)  chain 3.19e+04  chain/MLE 0.97  chain/mean_fin 0.97
  S2   Ne=1e+05 m=3 rho=1 f=3 n_fin=60  mean_fin 3.39e+04  MLE 3.39e+04 (+-13%)  chain 3.19e+04  chain/MLE 0.94  chain/mean_fin 0.94
  S2   Ne=1e+05 m=4 rho=0 f=3 n_fin=60  mean_fin 3.81e+04  MLE 3.81e+04 (+-13%)  chain 3.63e+04  chain/MLE 0.95  chain/mean_fin 0.95
  S2   Ne=1e+05 m=4 rho=1 f=3 n_fin=60  mean_fin 3.86e+04  MLE 3.86e+04 (+-13%)  chain 3.63e+04  chain/MLE 0.94  chain/mean_fin 0.94
  S3   Ne=1e+04 m=2 rho=0 f=1 n_fin=60  mean_fin 2.67e+06  MLE 2.67e+06 (+-13%)  chain 2.58e+06  chain/MLE 0.97  chain/mean_fin 0.97
  S3   Ne=1e+04 m=2 rho=1 f=1 n_fin=60  mean_fin 2.35e+06  MLE 2.35e+06 (+-13%)  chain 2.58e+06  chain/MLE 1.09  chain/mean_fin 1.09
  S3   Ne=1e+04 m=3 rho=0 f=1 n_fin=60  mean_fin 3.41e+06  MLE 3.41e+06 (+-13%)  chain 3.15e+06  chain/MLE 0.92  chain/mean_fin 0.92
  S3   Ne=1e+04 m=3 rho=1 f=1 n_fin=60  mean_fin 3.08e+06  MLE 3.08e+06 (+-13%)  chain 3.15e+06  chain/MLE 1.02  chain/mean_fin 1.02
  S3   Ne=1e+04 m=4 rho=0 f=1 n_fin=60  mean_fin 3.29e+06  MLE 3.29e+06 (+-13%)  chain 3.58e+06  chain/MLE 1.09  chain/mean_fin 1.09
  S3   Ne=1e+04 m=4 rho=1 f=1 n_fin=60  mean_fin 3.68e+06  MLE 3.68e+06 (+-13%)  chain 3.58e+06  chain/MLE 0.97  chain/mean_fin 0.97
  S3   Ne=1e+05 m=2 rho=0 f=3 n_fin=60  mean_fin 2.66e+05  MLE 2.66e+05 (+-13%)  chain 2.58e+05  chain/MLE 0.97  chain/mean_fin 0.97
  S3   Ne=1e+05 m=2 rho=1 f=3 n_fin=60  mean_fin 2.54e+05  MLE 2.54e+05 (+-13%)  chain 2.58e+05  chain/MLE 1.01  chain/mean_fin 1.01
  S3   Ne=1e+05 m=3 rho=0 f=3 n_fin=60  mean_fin 3.08e+05  MLE 3.08e+05 (+-13%)  chain 3.15e+05  chain/MLE 1.02  chain/mean_fin 1.02
  S3   Ne=1e+05 m=3 rho=1 f=3 n_fin=60  mean_fin 3.2e+05  MLE 3.2e+05 (+-13%)  chain 3.15e+05  chain/MLE 0.99  chain/mean_fin 0.99
  S3   Ne=1e+05 m=4 rho=0 f=3 n_fin=60  mean_fin 3.87e+05  MLE 3.87e+05 (+-13%)  chain 3.58e+05  chain/MLE 0.92  chain/mean_fin 0.92
  S3   Ne=1e+05 m=4 rho=1 f=3 n_fin=60  mean_fin 3.67e+05  MLE 3.67e+05 (+-13%)  chain 3.58e+05  chain/MLE 0.97  chain/mean_fin 0.97
  V4   Ne=1e+04 m=2 rho=0 f=1 n_fin= 2  mean_fin 1.9e+07  MLE 1.06e+09 (+-71%)  chain 2.15e+09  chain/MLE 2.02  chain/mean_fin 113.30
====================================================================================================
C. Neutral cells with n_fin=60: sim mean - chain vs 4*N_e (conditional neutral fixation time)
  Ne=1e+04: 22 cells; mean excess 2.65e+04 (4Ne = 4e+04); z vs 4Ne range [-1.98, 1.55]; |z|<=2 in 22/22
     m=4 rho=0 k=100   f=1 mean 1.57e+06 chain 1.48e+06 ratio 1.06 excess 8.97e+04 z +0.25
     m=4 rho=1 k=100   f=1 mean 1.58e+06 chain 1.48e+06 ratio 1.07 excess 9.95e+04 z +0.29
     m=3 rho=0 k=100   f=1 mean 1.32e+06 chain 1.29e+06 ratio 1.03 excess 3.74e+04 z -0.02
     m=3 rho=1 k=100   f=1 mean 1.46e+06 chain 1.29e+06 ratio 1.13 excess 1.68e+05 z +0.68
     m=2 rho=0 k=100   f=1 mean 1.11e+06 chain 1.04e+06 ratio 1.07 excess 7.06e+04 z +0.21
     m=2 rho=1 k=100   f=1 mean 1.13e+06 chain 1.04e+06 ratio 1.09 excess 9.03e+04 z +0.34
     m=4 rho=0 k=30    f=1 mean 6.72e+06 chain 5.33e+06 ratio 1.26 excess 1.39e+06 z +1.55
     m=4 rho=1 k=30    f=1 mean 5.47e+06 chain 5.33e+06 ratio 1.03 excess 1.37e+05 z +0.14
     m=1 rho=0 k=100   f=1 mean 6.76e+05 chain 6.86e+05 ratio 0.99 excess -9.86e+03 z -0.57
     m=3 rho=0 k=30    f=1 mean 5.49e+06 chain 4.53e+06 ratio 1.21 excess 9.67e+05 z +1.31
     m=3 rho=1 k=30    f=1 mean 5.34e+06 chain 4.53e+06 ratio 1.18 excess 8.1e+05 z +1.12
     m=4 rho=1 k=15    f=1 mean 1.18e+07 chain 1.2e+07 ratio 0.98 excess -1.94e+05 z -0.15
     m=2 rho=0 k=30    f=1 mean 3.74e+06 chain 3.57e+06 ratio 1.05 excess 1.75e+05 z +0.28
     m=2 rho=1 k=30    f=1 mean 2.87e+06 chain 3.57e+06 ratio 0.81 excess -6.95e+05 z -1.98
     m=3 rho=0 k=15    f=1 mean 8.75e+06 chain 9.77e+06 ratio 0.90 excess -1.02e+06 z -0.94
     m=3 rho=1 k=15    f=1 mean 9.33e+06 chain 9.77e+06 ratio 0.96 excess -4.38e+05 z -0.40
     m=2 rho=0 k=15    f=1 mean 7.16e+06 chain 7.42e+06 ratio 0.96 excess -2.6e+05 z -0.32
     m=2 rho=1 k=15    f=1 mean 8.03e+06 chain 7.42e+06 ratio 1.08 excess 6.13e+05 z +0.55
     m=1 rho=0 k=30    f=1 mean 2.33e+06 chain 2.29e+06 ratio 1.02 excess 4.72e+04 z +0.02
     m=2 rho=1 k=10    f=1 mean 1.03e+07 chain 1.15e+07 ratio 0.90 excess -1.19e+06 z -0.92
     m=1 rho=0 k=15    f=1 mean 4.26e+06 chain 4.57e+06 ratio 0.93 excess -3.09e+05 z -0.63
     m=1 rho=0 k=10    f=1 mean 6.87e+06 chain 6.86e+06 ratio 1.00 excess 8.6e+03 z -0.04
  Ne=1e+05: 19 cells; mean excess 5.73e+05 (4Ne = 4e+05); z vs 4Ne range [-1.28, 0.94]; |z|<=2 in 19/19
     m=4 rho=0 k=100   f=10 mean 1.79e+06 chain 1.48e+06 ratio 1.21 excess 3.1e+05 z -0.39
     m=4 rho=1 k=100   f=10 mean 1.89e+06 chain 1.48e+06 ratio 1.28 excess 4.12e+05 z +0.05
     m=3 rho=0 k=100   f=10 mean 1.69e+06 chain 1.29e+06 ratio 1.31 excess 4.04e+05 z +0.02
     m=3 rho=1 k=100   f=10 mean 1.45e+06 chain 1.29e+06 ratio 1.13 excess 1.61e+05 z -1.28
     m=2 rho=0 k=100   f=10 mean 1.31e+06 chain 1.04e+06 ratio 1.25 excess 2.65e+05 z -0.80
     m=2 rho=1 k=100   f=10 mean 1.38e+06 chain 1.04e+06 ratio 1.32 excess 3.34e+05 z -0.37
     m=4 rho=0 k=30    f=10 mean 6.31e+06 chain 5.33e+06 ratio 1.18 excess 9.78e+05 z +0.71
     m=4 rho=1 k=30    f=10 mean 5.54e+06 chain 5.33e+06 ratio 1.04 excess 2.11e+05 z -0.26
     m=1 rho=0 k=100   f=10 mean 1.15e+06 chain 6.86e+05 ratio 1.68 excess 4.66e+05 z +0.44
     m=3 rho=0 k=30    f=10 mean 5.43e+06 chain 4.53e+06 ratio 1.20 excess 9.02e+05 z +0.72
     m=3 rho=1 k=30    f=10 mean 5.32e+06 chain 4.53e+06 ratio 1.18 excess 7.96e+05 z +0.58
     m=4 rho=0 k=15    f=10 mean 1.24e+07 chain 1.2e+07 ratio 1.04 excess 4.45e+05 z +0.03
     m=2 rho=0 k=30    f=10 mean 4.52e+06 chain 3.57e+06 ratio 1.27 excess 9.49e+05 z +0.94
     m=2 rho=1 k=30    f=10 mean 4.38e+06 chain 3.57e+06 ratio 1.23 excess 8.08e+05 z +0.72
     m=2 rho=0 k=15    f=10 mean 8.82e+06 chain 7.42e+06 ratio 1.19 excess 1.4e+06 z +0.88
     m=2 rho=1 k=15    f=10 mean 8.46e+06 chain 7.42e+06 ratio 1.14 excess 1.04e+06 z +0.59
     m=1 rho=0 k=30    f=10 mean 2.46e+06 chain 2.29e+06 ratio 1.08 excess 1.78e+05 z -0.70
     m=2 rho=0 k=10    f=10 mean 1.24e+07 chain 1.15e+07 ratio 1.07 excess 8.62e+05 z +0.29
     m=1 rho=0 k=15    f=10 mean 4.54e+06 chain 4.57e+06 ratio 0.99 excess -3.27e+04 z -0.74
  4e5 generations at 25 y = 10.0 My; at 20 y = 8.0 My; T9 = 360000 gens
====================================================================================================
D. Wall-guard cells (complete_at_900My false)
  28 cells; by family/N_e: {('V3', '1e+04'): 12, ('V2', '1e+04'): 9, ('V4', '1e+04'): 7}
  min censor clock 9.57e+06 gens; max 3.53e+07 (= 239-883 My at 25 y)
     V2  m=2 rho=0 k=100   n_fin= 0 p9=0.000 p90=0.000 min_clock=2e+07
     V2  m=2 rho=1 k=100   n_fin= 0 p9=0.000 p90=0.000 min_clock=1.48e+07
     V2  m=3 rho=1 k=30    n_fin= 0 p9=0.000 p90=0.000 min_clock=3.35e+07
     V2  m=3 rho=0 k=100   n_fin= 0 p9=0.000 p90=0.000 min_clock=1.86e+07
     V2  m=3 rho=1 k=100   n_fin= 0 p9=0.000 p90=0.000 min_clock=1.42e+07
     V2  m=4 rho=0 k=30    n_fin= 0 p9=0.000 p90=0.000 min_clock=3.53e+07
     V2  m=4 rho=1 k=30    n_fin= 0 p9=0.000 p90=0.000 min_clock=2.4e+07
     V2  m=4 rho=0 k=100   n_fin= 0 p9=0.000 p90=0.000 min_clock=1.56e+07
     V2  m=4 rho=1 k=100   n_fin= 0 p9=0.000 p90=0.000 min_clock=1.05e+07
     V3  m=2 rho=0 k=100   n_fin= 6 p9=0.000 p90=0.000 min_clock=1.74e+07
     V3  m=2 rho=1 k=100   n_fin= 0 p9=0.000 p90=0.000 min_clock=1.38e+07
     V3  m=3 rho=1 k=15    n_fin= 0 p9=0.000 p90=0.000 min_clock=3.19e+07
     V3  m=3 rho=0 k=30    n_fin= 0 p9=0.000 p90=0.000 min_clock=2.25e+07
     V3  m=3 rho=1 k=30    n_fin= 0 p9=0.000 p90=0.000 min_clock=1.8e+07
     V3  m=3 rho=0 k=100   n_fin= 0 p9=0.000 p90=0.000 min_clock=1.49e+07
     V3  m=3 rho=1 k=100   n_fin= 0 p9=0.000 p90=0.000 min_clock=1.16e+07
     V3  m=4 rho=1 k=15    n_fin= 0 p9=0.000 p90=0.000 min_clock=3.29e+07
     V3  m=4 rho=0 k=30    n_fin= 0 p9=0.000 p90=0.000 min_clock=2.61e+07
     V3  m=4 rho=1 k=30    n_fin= 0 p9=0.000 p90=0.000 min_clock=1.79e+07
     V3  m=4 rho=0 k=100   n_fin= 0 p9=0.000 p90=0.000 min_clock=1.37e+07
     V3  m=4 rho=1 k=100   n_fin= 0 p9=0.000 p90=0.000 min_clock=9.57e+06
     V4  m=3 rho=1 k=15    n_fin=46 p9=0.000 p90=0.067 min_clock=3.41e+07
     V4  m=3 rho=0 k=30    n_fin=49 p9=0.000 p90=0.150 min_clock=2.21e+07
     V4  m=3 rho=1 k=30    n_fin=45 p9=0.000 p90=0.133 min_clock=1.59e+07
     V4  m=4 rho=1 k=10    n_fin=26 p9=0.000 p90=0.017 min_clock=3.03e+07
     V4  m=4 rho=1 k=15    n_fin=43 p9=0.000 p90=0.033 min_clock=2.93e+07
     V4  m=4 rho=0 k=30    n_fin=57 p9=0.000 p90=0.117 min_clock=3.26e+07
     V4  m=4 rho=1 k=30    n_fin=55 p9=0.000 p90=0.150 min_clock=2.12e+07
  V2/V3 cells with any finished replicate: [('V3', 2, 0, '100', '1e+04', 6, False), ('V3', 2, 0, '100', '1e+05', 16, True), ('V2', 2, 0, '100', '1e+05', 2, True), ('V3', 2, 0, '30', '1e+05', 1, True)]
====================================================================================================
E. Stationary P(done) per gene, two-state uf/(uf+ub), uf = kmult*UF0, ub = UB0
  kmult 0.08333: P(done) 0.022
  kmult       1: P(done) 0.216
  kmult       3: P(done) 0.452
  kmult      10: P(done) 0.733
  kmult      15: P(done) 0.805
  kmult      30: P(done) 0.892
  kmult     100: P(done) 0.965
  Hossjer stationary at W=6 d_max=0: 1-exp(-E0) = 0.216 (E0 = 0.243); at W=6 d_max=1: E0 = 4.62, P(present) = 0.990
====================================================================================================
F. Any m of M genes, neutral fixed-state chain, W=6 kmult=1 (origination times; add ~4Ne for fixation)
  m=2: specific set E[T] 2.28e+08 gens, P(T<=T9) 2.72e-05
     M=    10: all subsets E[T] 1.73e+07 gens (431 My), P(T<=T9) 0.001;  disjoint (D.2) P(T<=T9) 0.000136
     M=   100: all subsets E[T] 1.4e+06 gens (35.1 My), P(T<=T9) 0.096;  disjoint (D.2) P(T<=T9) 0.00136
     M=  1000: all subsets E[T] 1.38e+05 gens (3.44 My), P(T<=T9) 0.967;  disjoint (D.2) P(T<=T9) 0.0135
     M= 20000: all subsets E[T] 6.86e+03 gens (0.172 My), P(T<=T9) 1.000;  disjoint (D.2) P(T<=T9) 0.238
  m=4: specific set E[T] 2.43e+09 gens, P(T<=T9) 7.33e-10
     M=    10: all subsets E[T] 7.32e+07 gens (1.83e+03 My), P(T<=T9) 0.000;  disjoint (D.2) P(T<=T9) 1.47e-09
     M=   100: all subsets E[T] 2.95e+06 gens (73.7 My), P(T<=T9) 0.002;  disjoint (D.2) P(T<=T9) 1.83e-08
     M=  1000: all subsets E[T] 2.76e+05 gens (6.91 My), P(T<=T9) 0.763;  disjoint (D.2) P(T<=T9) 1.83e-07
     M= 20000: all subsets E[T] 1.37e+04 gens (0.343 My), P(T<=T9) 1.000;  disjoint (D.2) P(T<=T9) 3.67e-06
  m=5: specific set E[T] 8.77e+09 gens, P(T<=T9) 3.80e-12
     M=    10: all subsets E[T] 1.77e+08 gens (4.41e+03 My), P(T<=T9) 0.000;  disjoint (D.2) P(T<=T9) 7.61e-12
     M=   100: all subsets E[T] 3.78e+06 gens (94.6 My), P(T<=T9) 0.000;  disjoint (D.2) P(T<=T9) 7.61e-11
     M=  1000: all subsets E[T] 3.46e+05 gens (8.66 My), P(T<=T9) 0.594;  disjoint (D.2) P(T<=T9) 7.61e-10
     M= 20000: all subsets E[T] 1.72e+04 gens (0.429 My), P(T<=T9) 1.000;  disjoint (D.2) P(T<=T9) 1.52e-08
  Stationary start: P(gene already done) = 0.216; expected done genes among M = 20000: 4313 (any-m-of-M target met at t = 0 for every m << 4313)
====================================================================================================
G. Hossjer 2021 Tables 5 and 9 (W=6, K=1, c=1, neutral), stored hossjer_ET
  d_max=0: E0 0.24  k10 1.46e-08  E[T1] 5.381e+07  E[T2] 2.055e+08  (source Table 5: d_max=0 5.3813e7 / 2.0518e8; d_max=1 4.5271e4 / 9.0758e4)
  d_max=1: E0 4.62  k10 2.19e-07  E[T1] 4.527e+04  E[T2] 9.077e+04  (source Table 5: d_max=0 5.3813e7 / 2.0518e8; d_max=1 4.5271e4 / 9.0758e4)
  Absent start ('new binding site'), same rates (k01 = k10*kappa/(1-kappa), Hossjer's back rate, c = 1):
    d_max=0 m=1: k10 1.46e-08 (= 1.0 x UF0), k01 5.3e-08; E[T | absent start] 6.86e+07 gens (1715 My at 25 y); P(T<=T9) 0.005
    d_max=0 m=2: k10 1.46e-08 (= 1.0 x UF0), k01 5.3e-08; E[T | absent start] 2.28e+08 gens (5692 My at 25 y); P(T<=T9) 0.000
    d_max=1 m=1: k10 2.19e-07 (= 15.0 x UF0), k01 2.19e-09; E[T | absent start] 4.57e+06 gens (114 My at 25 y); P(T<=T9) 0.076
    d_max=1 m=2: k10 2.19e-07 (= 15.0 x UF0), k01 2.19e-09; E[T | absent start] 6.88e+06 gens (172 My at 25 y); P(T<=T9) 0.006
