A 0 L=326.73 little=327.00 nfix=8134 (4s)
A 1 L=331.57 little=330.75 nfix=8192 (4s)
A 2 L=336.01 little=337.24 nfix=8371 (4s)
A 3 L=333.30 little=333.19 nfix=8268 (4s)
A 4 L=332.77 little=332.52 nfix=8231 (4s)
A 5 L=331.63 little=331.34 nfix=8232 (4s)
A 6 L=330.92 little=330.70 nfix=8199 (4s)
A 7 L=337.88 little=338.08 nfix=8360 (4s)
A 8 L=337.71 little=337.81 nfix=8356 (4s)
A 9 L=332.93 little=332.49 nfix=8247 (4s)
A 10 L=336.10 little=335.89 nfix=8355 (5s)
A 11 L=332.34 little=332.40 nfix=8229 (5s)
B 0 L=16.72 little=16.80 nfix=423 (2s)
B 1 L=18.37 little=18.25 nfix=446 (2s)
B 2 L=16.62 little=16.49 nfix=400 (2s)
B 3 L=16.33 little=16.25 nfix=405 (2s)
B 4 L=15.93 little=15.75 nfix=385 (2s)
B 5 L=15.70 little=15.77 nfix=382 (2s)
B 6 L=16.13 little=16.47 nfix=406 (2s)
B 7 L=17.95 little=18.43 nfix=454 (2s)
B 8 L=17.72 little=17.64 nfix=442 (2s)
B 9 L=17.20 little=17.08 nfix=432 (2s)
B 10 L=17.63 little=17.60 nfix=441 (2s)
B 11 L=17.51 little=17.43 nfix=444 (2s)
B 12 L=18.26 little=18.21 nfix=442 (2s)
B 13 L=17.85 little=17.81 nfix=434 (2s)
B 14 L=16.38 little=16.27 nfix=399 (2s)
B 15 L=16.39 little=16.51 nfix=421 (2s)
B 16 L=16.36 little=16.39 nfix=407 (1s)
B 17 L=17.97 little=17.80 nfix=433 (2s)
B 18 L=15.63 little=15.76 nfix=396 (2s)
B 19 L=16.89 little=17.24 nfix=425 (2s)
B 20 L=16.92 little=16.79 nfix=417 (2s)
B 21 L=17.86 little=17.90 nfix=431 (2s)
B 22 L=18.59 little=18.71 nfix=458 (2s)
B 23 L=16.84 little=16.80 nfix=412 (2s)
C 0 L=1.27 little=1.31 nfix=32 (1s)
C 1 L=1.37 little=1.37 nfix=31 (1s)
C 2 L=0.97 little=0.98 nfix=24 (1s)
C 3 L=0.83 little=0.90 nfix=22 (1s)
C 4 L=0.73 little=0.73 nfix=19 (1s)
C 5 L=1.44 little=1.48 nfix=34 (1s)
C 6 L=1.32 little=1.33 nfix=33 (1s)
C 7 L=0.86 little=0.87 nfix=23 (1s)
C 8 L=1.24 little=1.29 nfix=32 (1s)
C 9 L=0.73 little=0.73 nfix=19 (1s)
C 10 L=0.56 little=0.56 nfix=15 (1s)
C 11 L=1.28 little=1.30 nfix=34 (1s)
C 12 L=1.18 little=1.20 nfix=30 (1s)
C 13 L=0.74 little=0.76 nfix=20 (1s)
C 14 L=1.12 little=1.10 nfix=27 (1s)
C 15 L=1.22 little=1.19 nfix=31 (1s)
C 16 L=1.20 little=1.16 nfix=28 (1s)
C 17 L=0.93 little=0.91 nfix=22 (1s)
C 18 L=0.71 little=0.66 nfix=16 (1s)
C 19 L=0.72 little=0.73 nfix=20 (1s)
C 20 L=1.38 little=1.35 nfix=35 (1s)
C 21 L=1.04 little=1.00 nfix=25 (1s)
C 22 L=0.81 little=0.82 nfix=20 (1s)
C 23 L=1.06 little=1.10 nfix=26 (1s)
C 24 L=0.83 little=0.80 nfix=20 (1s)
C 25 L=1.25 little=1.25 nfix=30 (1s)
C 26 L=0.98 little=0.97 nfix=24 (1s)
C 27 L=0.76 little=0.74 nfix=19 (1s)
C 28 L=0.96 little=1.01 nfix=25 (1s)
C 29 L=1.01 little=1.03 nfix=27 (1s)
C 30 L=1.14 little=1.12 nfix=28 (1s)
C 31 L=1.11 little=1.07 nfix=25 (1s)
C 32 L=0.95 little=0.92 nfix=23 (1s)
C 33 L=0.71 little=0.74 nfix=19 (1s)
C 34 L=1.13 little=1.13 nfix=27 (1s)
C 35 L=1.30 little=1.32 nfix=33 (1s)
C 36 L=1.22 little=1.25 nfix=30 (1s)
C 37 L=1.13 little=1.10 nfix=26 (1s)
C 38 L=0.98 little=0.94 nfix=23 (1s)
C 39 L=0.94 little=0.87 nfix=24 (1s)
C 40 L=0.75 little=0.73 nfix=18 (1s)
C 41 L=0.80 little=0.80 nfix=19 (1s)
C 42 L=1.16 little=1.15 nfix=33 (1s)
C 43 L=1.26 little=1.25 nfix=31 (2s)
C 44 L=0.66 little=0.72 nfix=18 (2s)
C 45 L=1.28 little=1.24 nfix=30 (2s)
C 46 L=0.69 little=0.67 nfix=18 (2s)
C 47 L=1.17 little=1.21 nfix=29 (2s)
C 48 L=0.80 little=0.78 nfix=19 (2s)
C 49 L=1.24 little=1.24 nfix=30 (1s)
C 50 L=0.75 little=0.73 nfix=18 (1s)
C 51 L=1.22 little=1.19 nfix=29 (1s)
C 52 L=1.22 little=1.20 nfix=31 (1s)
C 53 L=0.84 little=0.85 nfix=21 (1s)
C 54 L=0.97 little=0.97 nfix=24 (1s)
C 55 L=0.99 little=0.99 nfix=24 (1s)
C 56 L=0.73 little=0.73 nfix=19 (1s)
C 57 L=0.82 little=0.92 nfix=23 (1s)
C 58 L=1.42 little=1.42 nfix=37 (1s)
C 59 L=0.83 little=0.88 nfix=22 (1s)
C 60 L=1.32 little=1.30 nfix=32 (1s)
C 61 L=1.06 little=1.02 nfix=27 (1s)
C 62 L=0.72 little=0.76 nfix=18 (1s)
C 63 L=0.90 little=0.88 nfix=22 (1s)
C 64 L=0.80 little=0.83 nfix=22 (1s)
C 65 L=0.87 little=0.86 nfix=21 (1s)
C 66 L=1.32 little=1.39 nfix=35 (1s)
C 67 L=1.24 little=1.24 nfix=30 (1s)
C 68 L=0.95 little=0.93 nfix=24 (1s)
C 69 L=1.07 little=1.08 nfix=26 (1s)
C 70 L=0.98 little=1.02 nfix=25 (1s)
C 71 L=0.84 little=0.84 nfix=21 (1s)
C 72 L=0.99 little=0.99 nfix=24 (1s)
C 73 L=1.01 little=1.01 nfix=24 (1s)
C 74 L=0.73 little=0.72 nfix=16 (1s)
C 75 L=0.70 little=0.69 nfix=18 (1s)
C 76 L=1.25 little=1.28 nfix=32 (1s)
C 77 L=0.84 little=0.84 nfix=21 (1s)
C 78 L=0.80 little=0.82 nfix=22 (1s)
C 79 L=0.96 little=1.02 nfix=24 (1s)
C 80 L=0.84 little=0.84 nfix=19 (1s)
C 81 L=0.81 little=0.76 nfix=18 (1s)
C 82 L=0.82 little=0.81 nfix=19 (1s)
C 83 L=0.95 little=0.94 nfix=25 (1s)
C 84 L=0.95 little=1.01 nfix=27 (1s)
C 85 L=1.21 little=1.21 nfix=28 (1s)
C 86 L=0.84 little=0.86 nfix=21 (1s)
C 87 L=0.73 little=0.68 nfix=18 (1s)
C 88 L=1.06 little=1.04 nfix=26 (1s)
C 89 L=0.86 little=0.89 nfix=22 (1s)
C 90 L=1.04 little=1.06 nfix=27 (1s)
C 91 L=0.83 little=0.81 nfix=21 (2s)
C 92 L=0.95 little=0.93 nfix=24 (2s)
C 93 L=0.86 little=0.86 nfix=21 (2s)
C 94 L=0.83 little=0.83 nfix=21 (2s)
C 95 L=0.79 little=0.77 nfix=19 (1s)
cell A Ub=0.01 reps=12: pred rate 0.39603 (G_f 3), diffusion latency 847, pred L=335.47
   L_direct = 333.324 +- 0.919 ; lambda_hat*W_hat = 333.285 ; ratio L/little = 1.000 ; W_hat = 847 ; lambda_hat = 0.39355
   var/mean of L(t) = 0.971 ; min L = 265 ; max L = 401 ; frac(L>=1) = 1.0000 ; frac(L>=2) = 1.0000
   fixations in window = 8264.5 ; serial cap window/latency = 24.8 ; ratio = 333.37 ; segregating (no hindsight) = 474.4
cell B Ub=0.0005 reps=24: pred rate 0.01980 (G_f 51), diffusion latency 847, pred L=16.77
   L_direct = 17.073 +- 0.179 ; lambda_hat*W_hat = 17.089 ; ratio L/little = 0.999 ; W_hat = 850 ; lambda_hat = 0.02011
   var/mean of L(t) = 0.946 ; min L = 3 ; max L = 33 ; frac(L>=1) = 1.0000 ; frac(L>=2) = 1.0000
   fixations in window = 422.3 ; serial cap window/latency = 24.8 ; ratio = 17.03 ; segregating (no hindsight) = 24.2
cell C Ub=3e-05 reps=96: pred rate 0.00119 (G_f 842), diffusion latency 847, pred L=1.01
   L_direct = 0.984 +- 0.022 ; lambda_hat*W_hat = 0.985 ; ratio L/little = 0.999 ; W_hat = 844 ; lambda_hat = 0.00117
   var/mean of L(t) = 0.997 ; min L = 0 ; max L = 7 ; frac(L>=1) = 0.6171 ; frac(L>=2) = 0.2574
   fixations in window = 24.5 ; serial cap window/latency = 24.8 ; ratio = 0.99 ; segregating (no hindsight) = 1.4
