<frozen site>:107: RuntimeWarning: Unexpected value in sys.prefix, expected /home/na/projects/evo-sim/research/.venv, got /home/na/projects/evo-sim/research/checks/../.venv
<frozen site>:107: RuntimeWarning: Unexpected value in sys.exec_prefix, expected /home/na/projects/evo-sim/research/.venv, got /home/na/projects/evo-sim/research/checks/../.venv
elapsed 4463 s
| s | mode | 2N*U_b | T_obs | indep 2NUu | sim rate | SE | R=sim/indep | SE(R) | n_mid | n_seg | DF clonal k (if valid) |
|---|---|---|---|---|---|---|---|---|---|---|---|
| 0.01 | 0.1 | 0.1 | 120000 | 0.00198 | 0.00186 | 1.7e-05 | 0.942 | 0.008 | 0.9 | 2 | n/a |
| 0.01 | 0.1 | 0.5 | 25250 | 0.0099 | 0.00859 | 0.00024 | 0.868 | 0.024 | 4.2 | 12 | n/a |
| 0.01 | 0.1 | 2 | 10000 | 0.0396 | 0.0244 | 0.00038 | 0.617 | 0.010 | 13.8 | 43 | n/a |
| 0.01 | 0.1 | 8 | 10000 | 0.158 | 0.0589 | 0.00047 | 0.372 | 0.003 | 36.7 | 140 | n/a |
| 0.01 | 0.1 | 32 | 10000 | 0.634 | 0.13 | 0.00095 | 0.204 | 0.001 | 74.8 | 427 | n/a |
| 0.01 | 1.5 | 0.1 | 120000 | 0.00198 | 0.00205 | 7.8e-05 | 1.035 | 0.039 | 0.9 | 3 | n/a |
| 0.01 | 1.5 | 0.5 | 25250 | 0.0099 | 0.00957 | 0.00014 | 0.967 | 0.014 | 4.2 | 12 | n/a |
| 0.01 | 1.5 | 2 | 10000 | 0.0396 | 0.0388 | 0.001 | 0.980 | 0.026 | 17.7 | 50 | n/a |
| 0.01 | 1.5 | 8 | 10000 | 0.158 | 0.131 | 0.0012 | 0.829 | 0.007 | 64.8 | 186 | n/a |
| 0.01 | 1.5 | 32 | 10000 | 0.634 | 0.363 | 0.0024 | 0.572 | 0.004 | 207.5 | 644 | n/a |
| 0.01 | clonal | 0.1 | 120000 | 0.00198 | 0.00128 | 4e-06 | 0.645 | 0.002 | 1.0 | 3 | 0.000247 |
| 0.01 | clonal | 0.5 | 25250 | 0.0099 | 0.00366 | 0.00012 | 0.370 | 0.012 | 3.3 | 11 | 0.00169 |
| 0.01 | clonal | 2 | 10000 | 0.0396 | 0.00852 | 0.00023 | 0.215 | 0.006 | 6.8 | 34 | 0.00696 |
| 0.01 | clonal | 8 | 10000 | 0.158 | 0.0209 | 0.00042 | 0.132 | 0.003 | 15.2 | 112 | 0.0604 |
| 0.01 | clonal | 32 | 10000 | 0.634 | 0.0558 | 0.001 | 0.088 | 0.002 | 31.5 | 365 | 0.293 |
| 0.01 | free | 0.1 | 120000 | 0.00198 | 0.00207 | 6.5e-05 | 1.046 | 0.033 | 0.9 | 3 | n/a |
| 0.01 | free | 0.5 | 25250 | 0.0099 | 0.01 | 0.00036 | 1.011 | 0.036 | 4.4 | 13 | n/a |
| 0.01 | free | 2 | 10000 | 0.0396 | 0.0396 | 0.00048 | 1.000 | 0.012 | 17.3 | 49 | n/a |
| 0.01 | free | 8 | 10000 | 0.158 | 0.155 | 0.0023 | 0.979 | 0.014 | 68.3 | 195 | n/a |
| 0.01 | free | 32 | 10000 | 0.634 | 0.618 | 0.0034 | 0.975 | 0.005 | 271.7 | 774 | n/a |
| 0.001 | clonal | 0.5 | 120000 | 0.00102 | 0.000696 | 1.6e-05 | 0.684 | 0.016 | 2.8 | 9 | n/a |
| 0.001 | clonal | 4 | 30708 | 0.00814 | 0.00448 | 0.00026 | 0.550 | 0.031 | 16.8 | 67 | 0.00433 |
| 0.001 | free | 0.5 | 120000 | 0.00102 | 0.00101 | 5.5e-05 | 0.989 | 0.054 | 3.6 | 10 | n/a |
| 0.001 | free | 4 | 30708 | 0.00814 | 0.00806 | 0.00034 | 0.990 | 0.042 | 27.0 | 79 | n/a |
