B rep0 g=0 t=0s Hn=0.3389 conc=0 fixed=0 dropped=0
A rep0 g=0 t=0s Hn=0.3389 conc=0 fixed=0 dropped=0
B rep1 g=0 t=0s Hn=0.3152 conc=0 fixed=0 dropped=0
A rep0 g=500 t=56s Hn=0.3411 conc=0 fixed=0 dropped=0
B rep1 g=500 t=101s Hn=0.3179 conc=50 fixed=0 dropped=0
B rep0 g=500 t=104s Hn=0.3399 conc=41 fixed=0 dropped=0
A rep0 g=1000 t=115s Hn=0.3442 conc=0 fixed=0 dropped=0
A rep0 g=1500 t=173s Hn=0.3470 conc=0 fixed=0 dropped=0
B rep1 g=1000 t=212s Hn=0.3191 conc=102 fixed=0 dropped=0
B rep0 g=1000 t=213s Hn=0.3368 conc=104 fixed=0 dropped=0
A rep0 g=2000 t=230s Hn=0.3453 conc=0 fixed=0 dropped=0
A rep0 g=2500 t=288s Hn=0.3411 conc=2 fixed=0 dropped=0
B rep1 g=1500 t=326s Hn=0.3209 conc=147 fixed=21 dropped=0
B rep0 g=1500 t=335s Hn=0.3379 conc=159 fixed=16 dropped=0
A rep0 g=3000 t=345s Hn=0.3436 conc=2 fixed=0 dropped=0
A rep0 g=3500 t=402s Hn=0.3432 conc=1 fixed=2 dropped=0
B rep1 g=2000 t=446s Hn=0.3250 conc=140 fixed=75 dropped=0
A rep0 g=4000 t=459s Hn=0.3433 conc=1 fixed=2 dropped=0
B rep0 g=2000 t=464s Hn=0.3412 conc=156 fixed=70 dropped=0
A rep0 g=4500 t=509s Hn=0.3434 conc=1 fixed=2 dropped=0
A rep0 g=5000 t=559s Hn=0.3408 conc=1 fixed=3 dropped=0
B rep1 g=2500 t=566s Hn=0.3276 conc=138 fixed=137 dropped=0
B rep0 g=2500 t=600s Hn=0.3388 conc=151 fixed=138 dropped=0
A rep0 g=5500 t=611s Hn=0.3402 conc=1 fixed=3 dropped=0
done A 0
A rep1 g=0 t=0s Hn=0.3152 conc=0 fixed=0 dropped=0
B rep1 g=3000 t=691s Hn=0.3296 conc=152 fixed=186 dropped=0
B rep0 g=3000 t=725s Hn=0.3356 conc=157 fixed=195 dropped=0
A rep1 g=500 t=60s Hn=0.3125 conc=0 fixed=0 dropped=0
A rep1 g=1000 t=122s Hn=0.3166 conc=0 fixed=0 dropped=0
B rep1 g=3500 t=814s Hn=0.3310 conc=141 fixed=245 dropped=0
A rep1 g=1500 t=178s Hn=0.3185 conc=1 fixed=0 dropped=0
B rep0 g=3500 t=850s Hn=0.3374 conc=155 fixed=257 dropped=0
A rep1 g=2000 t=236s Hn=0.3187 conc=1 fixed=0 dropped=0
B rep1 g=4000 t=940s Hn=0.3323 conc=129 fixed=313 dropped=0
A rep1 g=2500 t=295s Hn=0.3146 conc=0 fixed=1 dropped=0
B rep0 g=4000 t=979s Hn=0.3362 conc=143 fixed=315 dropped=0
A rep1 g=3000 t=356s Hn=0.3156 conc=0 fixed=1 dropped=0
B rep1 g=4500 t=1067s Hn=0.3340 conc=147 fixed=357 dropped=0
A rep1 g=3500 t=412s Hn=0.3183 conc=0 fixed=1 dropped=0
B rep0 g=4500 t=1113s Hn=0.3363 conc=111 fixed=390 dropped=0
A rep1 g=4000 t=468s Hn=0.3187 conc=1 fixed=1 dropped=0
A rep1 g=4500 t=527s Hn=0.3238 conc=1 fixed=1 dropped=0
B rep1 g=5000 t=1196s Hn=0.3373 conc=149 fixed=418 dropped=0
B rep0 g=5000 t=1239s Hn=0.3367 conc=139 fixed=434 dropped=0
A rep1 g=5000 t=585s Hn=0.3241 conc=1 fixed=1 dropped=0
A rep1 g=5500 t=647s Hn=0.3261 conc=0 fixed=2 dropped=0
B rep1 g=5500 t=1320s Hn=0.3360 conc=152 fixed=473 dropped=0
done A 1
ctrl rep0 g=0 t=0s Hn=0.3389 conc=0 fixed=0 dropped=0
B rep0 g=5500 t=1377s Hn=0.3362 conc=159 fixed=476 dropped=0
ctrl rep0 g=500 t=56s Hn=0.3413 conc=0 fixed=0 dropped=0
done B 1
ctrl rep1 g=0 t=0s Hn=0.3154 conc=0 fixed=0 dropped=0
ctrl rep0 g=1000 t=112s Hn=0.3421 conc=0 fixed=0 dropped=0
ctrl rep1 g=500 t=44s Hn=0.3147 conc=0 fixed=0 dropped=0
done B 0
ctrl rep0 g=1500 t=158s Hn=0.3389 conc=0 fixed=0 dropped=0
ctrl rep1 g=1000 t=86s Hn=0.3147 conc=0 fixed=0 dropped=0
ctrl rep1 g=1500 t=128s Hn=0.3227 conc=0 fixed=0 dropped=0
ctrl rep0 g=2000 t=203s Hn=0.3372 conc=0 fixed=0 dropped=0
ctrl rep1 g=2000 t=170s Hn=0.3263 conc=0 fixed=0 dropped=0
ctrl rep0 g=2500 t=248s Hn=0.3371 conc=0 fixed=0 dropped=0
ctrl rep1 g=2500 t=212s Hn=0.3282 conc=0 fixed=0 dropped=0
ctrl rep0 g=3000 t=293s Hn=0.3330 conc=0 fixed=0 dropped=0
ctrl rep1 g=3000 t=253s Hn=0.3279 conc=0 fixed=0 dropped=0
ctrl rep0 g=3500 t=338s Hn=0.3363 conc=0 fixed=0 dropped=0
ctrl rep1 g=3500 t=295s Hn=0.3283 conc=0 fixed=0 dropped=0
ctrl rep0 g=4000 t=382s Hn=0.3386 conc=0 fixed=0 dropped=0
ctrl rep1 g=4000 t=337s Hn=0.3276 conc=0 fixed=0 dropped=0
ctrl rep0 g=4500 t=427s Hn=0.3409 conc=0 fixed=0 dropped=0
ctrl rep1 g=4500 t=379s Hn=0.3261 conc=0 fixed=0 dropped=0
ctrl rep0 g=5000 t=472s Hn=0.3388 conc=0 fixed=0 dropped=0
ctrl rep1 g=5000 t=421s Hn=0.3248 conc=0 fixed=0 dropped=0
ctrl rep0 g=5500 t=517s Hn=0.3387 conc=0 fixed=0 dropped=0
ctrl rep1 g=5500 t=464s Hn=0.3258 conc=0 fixed=0 dropped=0
done ctrl 0
done ctrl 1
ctrl rep0: Hn_start=0.3389 Hn_win=0.3382 ratio_to_ctrl=1.017 drift_ratio(N/Ne)=1.0006 conc=0.0 fixed=0 dropped=0 (562s)
ctrl rep1: Hn_start=0.3152 Hn_win=0.3266 ratio_to_ctrl=0.983 drift_ratio(N/Ne)=0.9994 conc=0.0 fixed=0 dropped=0 (505s)
A    rep0: Hn_start=0.3389 Hn_win=0.3425 ratio_to_ctrl=1.030 drift_ratio(N/Ne)=1.0004 conc=0.9 fixed=3 dropped=0 (667s)
A    rep1: Hn_start=0.3152 Hn_win=0.3219 ratio_to_ctrl=0.968 drift_ratio(N/Ne)=0.9992 conc=0.5 fixed=2 dropped=0 (705s)
B    rep0: Hn_start=0.3389 Hn_win=0.3364 ratio_to_ctrl=1.012 drift_ratio(N/Ne)=1.0035 conc=146.1 fixed=539 dropped=0 (1496s)
B    rep1: Hn_start=0.3152 Hn_win=0.3339 ratio_to_ctrl=1.004 drift_ratio(N/Ne)=1.0017 conc=146.7 fixed=538 dropped=0 (1447s)
