ctrl rep2 g=0 t=0s Hn=0.3333 conc=0 fixed=0 dropped=0
A rep2 g=0 t=0s Hn=0.3331 conc=0 fixed=0 dropped=0
A rep3 g=0 t=0s Hn=0.3239 conc=0 fixed=0 dropped=0
B2 rep2 g=0 t=0s Hn=0.3332 conc=0 fixed=0 dropped=0
B2 rep0 g=0 t=0s Hn=0.3390 conc=0 fixed=0 dropped=0
B2 rep1 g=0 t=0s Hn=0.3155 conc=0 fixed=0 dropped=0
A rep3 g=500 t=55s Hn=0.3242 conc=0 fixed=0 dropped=0
ctrl rep2 g=500 t=57s Hn=0.3315 conc=0 fixed=0 dropped=0
A rep2 g=500 t=61s Hn=0.3289 conc=0 fixed=0 dropped=0
A rep3 g=1000 t=114s Hn=0.3255 conc=0 fixed=0 dropped=0
ctrl rep2 g=1000 t=115s Hn=0.3345 conc=0 fixed=0 dropped=0
A rep2 g=1000 t=122s Hn=0.3298 conc=0 fixed=0 dropped=0
B2 rep1 g=500 t=153s Hn=0.3178 conc=59 fixed=0 dropped=0
B2 rep2 g=500 t=155s Hn=0.3308 conc=71 fixed=0 dropped=0
B2 rep0 g=500 t=157s Hn=0.3384 conc=71 fixed=0 dropped=0
ctrl rep2 g=1500 t=172s Hn=0.3392 conc=0 fixed=0 dropped=0
A rep3 g=1500 t=176s Hn=0.3288 conc=0 fixed=0 dropped=0
A rep2 g=1500 t=185s Hn=0.3283 conc=0 fixed=0 dropped=0
ctrl rep2 g=2000 t=222s Hn=0.3357 conc=0 fixed=0 dropped=0
A rep3 g=2000 t=241s Hn=0.3339 conc=1 fixed=0 dropped=0
A rep2 g=2000 t=248s Hn=0.3262 conc=0 fixed=0 dropped=0
ctrl rep2 g=2500 t=275s Hn=0.3391 conc=0 fixed=0 dropped=0
A rep3 g=2500 t=303s Hn=0.3338 conc=1 fixed=0 dropped=0
A rep2 g=2500 t=310s Hn=0.3288 conc=1 fixed=0 dropped=0
ctrl rep2 g=3000 t=331s Hn=0.3413 conc=0 fixed=0 dropped=0
B2 rep1 g=1000 t=332s Hn=0.3193 conc=148 fixed=0 dropped=0
B2 rep2 g=1000 t=338s Hn=0.3311 conc=176 fixed=0 dropped=0
B2 rep0 g=1000 t=342s Hn=0.3364 conc=169 fixed=0 dropped=0
A rep3 g=3000 t=367s Hn=0.3348 conc=1 fixed=1 dropped=0
A rep2 g=3000 t=373s Hn=0.3306 conc=1 fixed=0 dropped=0
ctrl rep2 g=3500 t=387s Hn=0.3382 conc=0 fixed=0 dropped=0
A rep3 g=3500 t=429s Hn=0.3393 conc=1 fixed=1 dropped=0
A rep2 g=3500 t=437s Hn=0.3290 conc=1 fixed=0 dropped=0
ctrl rep2 g=4000 t=444s Hn=0.3376 conc=0 fixed=0 dropped=0
A rep3 g=4000 t=491s Hn=0.3354 conc=1 fixed=1 dropped=0
ctrl rep2 g=4500 t=494s Hn=0.3390 conc=0 fixed=0 dropped=0
A rep2 g=4000 t=499s Hn=0.3309 conc=0 fixed=1 dropped=0
B2 rep1 g=1500 t=525s Hn=0.3243 conc=218 fixed=28 dropped=0
B2 rep0 g=1500 t=547s Hn=0.3339 conc=231 fixed=34 dropped=0
ctrl rep2 g=5000 t=552s Hn=0.3391 conc=0 fixed=0 dropped=0
A rep3 g=4500 t=553s Hn=0.3319 conc=0 fixed=2 dropped=0
B2 rep2 g=1500 t=557s Hn=0.3272 conc=240 fixed=29 dropped=0
A rep2 g=4500 t=564s Hn=0.3309 conc=0 fixed=1 dropped=0
ctrl rep2 g=5500 t=610s Hn=0.3392 conc=0 fixed=0 dropped=0
A rep3 g=5000 t=616s Hn=0.3302 conc=0 fixed=2 dropped=0
A rep2 g=5000 t=627s Hn=0.3321 conc=0 fixed=1 dropped=0
done ctrl 2
ctrl rep3 g=0 t=0s Hn=0.3240 conc=0 fixed=0 dropped=0
A rep3 g=5500 t=679s Hn=0.3343 conc=1 fixed=2 dropped=0
A rep2 g=5500 t=690s Hn=0.3297 conc=0 fixed=1 dropped=0
ctrl rep3 g=500 t=59s Hn=0.3235 conc=0 fixed=0 dropped=0
done A 3
A rep4 g=0 t=0s Hn=0.3332 conc=0 fixed=0 dropped=0
B2 rep1 g=2000 t=748s Hn=0.3234 conc=222 fixed=103 dropped=0
done A 2
ctrl rep4 g=0 t=0s Hn=0.3334 conc=0 fixed=0 dropped=0
B2 rep0 g=2000 t=768s Hn=0.3342 conc=224 fixed=119 dropped=0
B2 rep2 g=2000 t=777s Hn=0.3241 conc=229 fixed=135 dropped=0
ctrl rep3 g=1000 t=113s Hn=0.3224 conc=0 fixed=0 dropped=0
A rep4 g=500 t=63s Hn=0.3316 conc=0 fixed=0 dropped=0
ctrl rep4 g=500 t=62s Hn=0.3355 conc=0 fixed=0 dropped=0
ctrl rep3 g=1500 t=175s Hn=0.3236 conc=0 fixed=0 dropped=0
A rep4 g=1000 t=127s Hn=0.3307 conc=0 fixed=0 dropped=0
ctrl rep4 g=1000 t=125s Hn=0.3364 conc=0 fixed=0 dropped=0
ctrl rep3 g=2000 t=237s Hn=0.3222 conc=0 fixed=0 dropped=0
A rep4 g=1500 t=191s Hn=0.3312 conc=0 fixed=0 dropped=0
ctrl rep4 g=1500 t=189s Hn=0.3351 conc=0 fixed=0 dropped=0
ctrl rep3 g=2500 t=298s Hn=0.3196 conc=0 fixed=0 dropped=0
B2 rep1 g=2500 t=974s Hn=0.3197 conc=225 fixed=187 dropped=0
B2 rep2 g=2500 t=983s Hn=0.3253 conc=214 fixed=223 dropped=0
B2 rep0 g=2500 t=991s Hn=0.3316 conc=234 fixed=214 dropped=0
A rep4 g=2000 t=250s Hn=0.3295 conc=1 fixed=0 dropped=0
ctrl rep4 g=2000 t=253s Hn=0.3320 conc=0 fixed=0 dropped=0
ctrl rep3 g=3000 t=359s Hn=0.3197 conc=0 fixed=0 dropped=0
A rep4 g=2500 t=314s Hn=0.3303 conc=1 fixed=0 dropped=0
ctrl rep4 g=2500 t=315s Hn=0.3299 conc=0 fixed=0 dropped=0
ctrl rep3 g=3500 t=420s Hn=0.3272 conc=0 fixed=0 dropped=0
A rep4 g=3000 t=378s Hn=0.3290 conc=2 fixed=0 dropped=0
ctrl rep4 g=3000 t=377s Hn=0.3301 conc=0 fixed=0 dropped=0
ctrl rep3 g=4000 t=482s Hn=0.3320 conc=0 fixed=0 dropped=0
A rep4 g=3500 t=442s Hn=0.3317 conc=1 fixed=1 dropped=0
B2 rep1 g=3000 t=1186s Hn=0.3219 conc=247 fixed=280 dropped=0
ctrl rep4 g=3500 t=440s Hn=0.3345 conc=0 fixed=0 dropped=0
B2 rep2 g=3000 t=1201s Hn=0.3277 conc=237 fixed=310 dropped=0
ctrl rep3 g=4500 t=540s Hn=0.3300 conc=0 fixed=0 dropped=0
B2 rep0 g=3000 t=1223s Hn=0.3291 conc=221 fixed=306 dropped=0
A rep4 g=4000 t=503s Hn=0.3298 conc=0 fixed=2 dropped=0
ctrl rep4 g=4000 t=503s Hn=0.3336 conc=0 fixed=0 dropped=0
ctrl rep3 g=5000 t=601s Hn=0.3317 conc=0 fixed=0 dropped=0
A rep4 g=4500 t=567s Hn=0.3284 conc=0 fixed=2 dropped=0
ctrl rep4 g=4500 t=567s Hn=0.3392 conc=0 fixed=0 dropped=0
ctrl rep3 g=5500 t=664s Hn=0.3274 conc=0 fixed=0 dropped=0
A rep4 g=5000 t=630s Hn=0.3284 conc=1 fixed=2 dropped=0
ctrl rep4 g=5000 t=631s Hn=0.3368 conc=0 fixed=0 dropped=0
done ctrl 3
A rep5 g=0 t=0s Hn=0.3368 conc=0 fixed=0 dropped=0
B2 rep1 g=3500 t=1396s Hn=0.3216 conc=257 fixed=357 dropped=0
B2 rep2 g=3500 t=1420s Hn=0.3287 conc=222 fixed=403 dropped=0
A rep4 g=5500 t=693s Hn=0.3303 conc=1 fixed=2 dropped=0
ctrl rep4 g=5500 t=693s Hn=0.3376 conc=0 fixed=0 dropped=0
B2 rep0 g=3500 t=1449s Hn=0.3341 conc=233 fixed=393 dropped=0
A rep5 g=500 t=61s Hn=0.3409 conc=0 fixed=0 dropped=0
done A 4
ctrl rep5 g=0 t=0s Hn=0.3367 conc=0 fixed=0 dropped=0
done ctrl 4
A rep5 g=1000 t=128s Hn=0.3391 conc=0 fixed=0 dropped=0
ctrl rep5 g=500 t=52s Hn=0.3367 conc=0 fixed=0 dropped=0
A rep5 g=1500 t=189s Hn=0.3396 conc=0 fixed=0 dropped=0
B2 rep2 g=4000 t=1603s Hn=0.3294 conc=226 fixed=488 dropped=0
ctrl rep5 g=1000 t=113s Hn=0.3356 conc=0 fixed=0 dropped=0
B2 rep1 g=4000 t=1621s Hn=0.3201 conc=218 fixed=470 dropped=0
A rep5 g=2000 t=250s Hn=0.3377 conc=2 fixed=0 dropped=0
B2 rep0 g=4000 t=1645s Hn=0.3310 conc=232 fixed=488 dropped=0
ctrl rep5 g=1500 t=172s Hn=0.3345 conc=0 fixed=0 dropped=0
A rep5 g=2500 t=311s Hn=0.3387 conc=2 fixed=0 dropped=0
ctrl rep5 g=2000 t=232s Hn=0.3370 conc=0 fixed=0 dropped=0
A rep5 g=3000 t=366s Hn=0.3384 conc=2 fixed=1 dropped=0
ctrl rep5 g=2500 t=294s Hn=0.3373 conc=0 fixed=0 dropped=0
B2 rep1 g=4500 t=1815s Hn=0.3178 conc=190 fixed=572 dropped=0
A rep5 g=3500 t=425s Hn=0.3360 conc=1 fixed=2 dropped=0
B2 rep2 g=4500 t=1820s Hn=0.3319 conc=241 fixed=575 dropped=0
B2 rep0 g=4500 t=1829s Hn=0.3322 conc=251 fixed=569 dropped=0
ctrl rep5 g=3000 t=348s Hn=0.3415 conc=0 fixed=0 dropped=0
A rep5 g=4000 t=481s Hn=0.3342 conc=0 fixed=3 dropped=0
ctrl rep5 g=3500 t=409s Hn=0.3442 conc=0 fixed=0 dropped=0
A rep5 g=4500 t=535s Hn=0.3319 conc=0 fixed=3 dropped=0
ctrl rep5 g=4000 t=469s Hn=0.3403 conc=0 fixed=0 dropped=0
A rep5 g=5000 t=594s Hn=0.3338 conc=0 fixed=3 dropped=0
B2 rep1 g=5000 t=2005s Hn=0.3203 conc=201 fixed=655 dropped=0
ctrl rep5 g=4500 t=528s Hn=0.3372 conc=0 fixed=0 dropped=0
B2 rep2 g=5000 t=2035s Hn=0.3300 conc=237 fixed=670 dropped=0
A rep5 g=5500 t=647s Hn=0.3333 conc=0 fixed=3 dropped=0
B2 rep0 g=5000 t=2047s Hn=0.3337 conc=237 fixed=678 dropped=0
ctrl rep5 g=5000 t=588s Hn=0.3348 conc=0 fixed=0 dropped=0
done A 5
ctrl rep5 g=5500 t=648s Hn=0.3347 conc=0 fixed=0 dropped=0
B2 rep1 g=5500 t=2198s Hn=0.3167 conc=220 fixed=722 dropped=0
done ctrl 5
B2 rep2 g=5500 t=2208s Hn=0.3277 conc=223 fixed=768 dropped=0
B2 rep0 g=5500 t=2215s Hn=0.3304 conc=243 fixed=770 dropped=0
done B2 1
done B2 2
done B2 0
ctrl rep0: Hn_start=0.3389 Hn_win=0.3382 ratio_to_ctrl=1.012 drift_ratio(N/Ne)=1.0006 conc=0.0 fixed_total=0 fixed_win=None dropped=0 (562s)
ctrl rep1: Hn_start=0.3152 Hn_win=0.3266 ratio_to_ctrl=0.977 drift_ratio(N/Ne)=0.9994 conc=0.0 fixed_total=0 fixed_win=None dropped=0 (505s)
ctrl rep2: Hn_start=0.3330 Hn_win=0.3391 ratio_to_ctrl=1.014 drift_ratio(N/Ne)=0.9999 conc=0.0 fixed_total=0 fixed_win=[0, 2999] dropped=0 (666s)
ctrl rep3: Hn_start=0.3237 Hn_win=0.3281 ratio_to_ctrl=0.981 drift_ratio(N/Ne)=0.9977 conc=0.0 fixed_total=0 fixed_win=[0, 2999] dropped=0 (726s)
ctrl rep4: Hn_start=0.3333 Hn_win=0.3358 ratio_to_ctrl=1.005 drift_ratio(N/Ne)=0.9996 conc=0.0 fixed_total=0 fixed_win=[0, 2999] dropped=0 (757s)
ctrl rep5: Hn_start=0.3366 Hn_win=0.3380 ratio_to_ctrl=1.011 drift_ratio(N/Ne)=1.0014 conc=0.0 fixed_total=0 fixed_win=[0, 2999] dropped=0 (708s)
A    rep0: Hn_start=0.3389 Hn_win=0.3425 ratio_to_ctrl=1.025 drift_ratio(N/Ne)=1.0004 conc=0.9 fixed_total=3 fixed_win=None dropped=0 (667s)
A    rep1: Hn_start=0.3152 Hn_win=0.3219 ratio_to_ctrl=0.963 drift_ratio(N/Ne)=0.9992 conc=0.5 fixed_total=2 fixed_win=None dropped=0 (705s)
A    rep2: Hn_start=0.3330 Hn_win=0.3306 ratio_to_ctrl=0.989 drift_ratio(N/Ne)=0.9987 conc=0.2 fixed_total=1 fixed_win=[1, 2999] dropped=0 (755s)
A    rep3: Hn_start=0.3237 Hn_win=0.3343 ratio_to_ctrl=1.000 drift_ratio(N/Ne)=1.0011 conc=0.7 fixed_total=2 fixed_win=[1, 2999] dropped=0 (743s)
A    rep4: Hn_start=0.3333 Hn_win=0.3294 ratio_to_ctrl=0.985 drift_ratio(N/Ne)=1.0015 conc=0.7 fixed_total=3 fixed_win=[3, 2999] dropped=0 (755s)
A    rep5: Hn_start=0.3366 Hn_win=0.3340 ratio_to_ctrl=0.999 drift_ratio(N/Ne)=0.9986 conc=0.4 fixed_total=3 fixed_win=[2, 2999] dropped=0 (700s)
B    rep0: Hn_start=0.3389 Hn_win=0.3364 ratio_to_ctrl=1.006 drift_ratio(N/Ne)=1.0035 conc=146.1 fixed_total=539 fixed_win=None dropped=0 (1496s)
B    rep1: Hn_start=0.3152 Hn_win=0.3339 ratio_to_ctrl=0.999 drift_ratio(N/Ne)=1.0017 conc=146.7 fixed_total=538 fixed_win=None dropped=0 (1447s)
B2   rep0: Hn_start=0.3389 Hn_win=0.3318 ratio_to_ctrl=0.993 drift_ratio(N/Ne)=1.0064 conc=236.2 fixed_total=866 fixed_win=[560, 2999] dropped=0 (2383s)
B2   rep1: Hn_start=0.3152 Hn_win=0.3199 ratio_to_ctrl=0.957 drift_ratio(N/Ne)=1.0032 conc=217.7 fixed_total=803 fixed_win=[523, 2999] dropped=0 (2346s)
B2   rep2: Hn_start=0.3330 Hn_win=0.3290 ratio_to_ctrl=0.984 drift_ratio(N/Ne)=1.0054 conc=229.7 fixed_total=865 fixed_win=[555, 2999] dropped=0 (2378s)
MEAN ctrl n=6 Hn ratio 1.000 (per-rep ctrl-matched: [np.float64(1.0), np.float64(1.0), np.float64(1.0), np.float64(1.0), np.float64(1.0), np.float64(1.0)]) conc 0.0 drift 0.9998
MEAN A    n=6 Hn ratio 0.993 (per-rep ctrl-matched: [np.float64(1.013), np.float64(0.985), np.float64(0.975), np.float64(1.019), np.float64(0.981), np.float64(0.988)]) conc 0.6 drift 0.9999
MEAN B    n=2 Hn ratio 1.002 (per-rep ctrl-matched: [np.float64(0.995), np.float64(1.022)]) conc 146.4 drift 1.0026
MEAN B2   n=3 Hn ratio 0.978 (per-rep ctrl-matched: [np.float64(0.981), np.float64(0.979), np.float64(0.97)]) conc 227.9 drift 1.0050
