A_long rep6 g=0 t=0s Hn=0.3338 conc=0 fixed=0 dropped=0
A_long rep7 g=0 t=0s Hn=0.3291 conc=0 fixed=0 dropped=0
A_long rep7 g=500 t=48s Hn=0.3310 conc=0 fixed=0 dropped=0
A_long rep6 g=500 t=52s Hn=0.3349 conc=0 fixed=0 dropped=0
A_long rep7 g=1000 t=99s Hn=0.3290 conc=1 fixed=0 dropped=0
A_long rep6 g=1000 t=100s Hn=0.3359 conc=0 fixed=0 dropped=0
A_long rep7 g=1500 t=143s Hn=0.3293 conc=1 fixed=0 dropped=0
A_long rep6 g=1500 t=144s Hn=0.3332 conc=0 fixed=0 dropped=0
A_long rep6 g=2000 t=189s Hn=0.3342 conc=0 fixed=0 dropped=0
A_long rep7 g=2000 t=190s Hn=0.3308 conc=2 fixed=0 dropped=0
A_long rep6 g=2500 t=234s Hn=0.3359 conc=0 fixed=0 dropped=0
A_long rep7 g=2500 t=236s Hn=0.3328 conc=1 fixed=1 dropped=0
A_long rep6 g=3000 t=290s Hn=0.3349 conc=0 fixed=0 dropped=0
A_long rep7 g=3000 t=291s Hn=0.3337 conc=1 fixed=1 dropped=0
A_long rep7 g=3500 t=345s Hn=0.3347 conc=1 fixed=2 dropped=0
A_long rep6 g=3500 t=348s Hn=0.3343 conc=0 fixed=0 dropped=0
A_long rep7 g=4000 t=402s Hn=0.3339 conc=0 fixed=2 dropped=0
A_long rep6 g=4000 t=405s Hn=0.3346 conc=0 fixed=0 dropped=0
A_long rep6 g=4500 t=461s Hn=0.3349 conc=0 fixed=0 dropped=0
A_long rep7 g=4500 t=461s Hn=0.3327 conc=0 fixed=2 dropped=0
A_long rep6 g=5000 t=512s Hn=0.3341 conc=2 fixed=0 dropped=0
A_long rep7 g=5000 t=517s Hn=0.3361 conc=1 fixed=2 dropped=0
A_long rep6 g=5500 t=568s Hn=0.3344 conc=2 fixed=0 dropped=0
A_long rep7 g=5500 t=578s Hn=0.3376 conc=2 fixed=2 dropped=0
A_long rep6 g=6000 t=626s Hn=0.3345 conc=0 fixed=2 dropped=0
A_long rep7 g=6000 t=640s Hn=0.3360 conc=2 fixed=3 dropped=0
A_long rep6 g=6500 t=685s Hn=0.3314 conc=0 fixed=2 dropped=0
A_long rep7 g=6500 t=705s Hn=0.3314 conc=3 fixed=4 dropped=0
A_long rep6 g=7000 t=746s Hn=0.3308 conc=0 fixed=2 dropped=0
A_long rep7 g=7000 t=770s Hn=0.3293 conc=2 fixed=5 dropped=0
A_long rep6 g=7500 t=807s Hn=0.3323 conc=0 fixed=2 dropped=0
A_long rep7 g=7500 t=833s Hn=0.3279 conc=2 fixed=5 dropped=0
A_long rep6 g=8000 t=860s Hn=0.3339 conc=0 fixed=2 dropped=0
A_long rep7 g=8000 t=897s Hn=0.3300 conc=2 fixed=7 dropped=0
A_long rep6 g=8500 t=921s Hn=0.3363 conc=1 fixed=2 dropped=0
A_long rep7 g=8500 t=963s Hn=0.3286 conc=4 fixed=7 dropped=0
A_long rep6 g=9000 t=982s Hn=0.3317 conc=1 fixed=2 dropped=0
A_long rep7 g=9000 t=1029s Hn=0.3319 conc=4 fixed=7 dropped=0
A_long rep6 g=9500 t=1044s Hn=0.3315 conc=0 fixed=3 dropped=0
A_long rep7 g=9500 t=1096s Hn=0.3296 conc=2 fixed=10 dropped=0
A_long rep6 g=10000 t=1106s Hn=0.3335 conc=1 fixed=3 dropped=0
A_long rep7 g=10000 t=1161s Hn=0.3359 conc=1 fixed=11 dropped=0
A_long rep6 g=10500 t=1161s Hn=0.3337 conc=1 fixed=3 dropped=0
A_long rep6 g=11000 t=1222s Hn=0.3305 conc=1 fixed=3 dropped=0
A_long rep7 g=10500 t=1225s Hn=0.3330 conc=1 fixed=11 dropped=0
A_long rep7 g=11000 t=1280s Hn=0.3323 conc=0 fixed=12 dropped=0
A_long rep6 g=11500 t=1282s Hn=0.3310 conc=0 fixed=4 dropped=0
A_long rep7 g=11500 t=1337s Hn=0.3308 conc=0 fixed=12 dropped=0
A_long rep6 g=12000 t=1343s Hn=0.3309 conc=0 fixed=4 dropped=0
A_long rep7 g=12000 t=1396s Hn=0.3297 conc=0 fixed=12 dropped=0
A_long rep6 g=12500 t=1401s Hn=0.3300 conc=2 fixed=4 dropped=0
A_long rep7 g=12500 t=1454s Hn=0.3332 conc=0 fixed=12 dropped=0
A_long rep6 g=13000 t=1461s Hn=0.3263 conc=2 fixed=4 dropped=0
A_long rep7 g=13000 t=1515s Hn=0.3290 conc=0 fixed=12 dropped=0
A_long rep6 g=13500 t=1518s Hn=0.3256 conc=3 fixed=4 dropped=0
A_long rep6 g=14000 t=1580s Hn=0.3281 conc=1 fixed=6 dropped=0
A_long rep7 g=13500 t=1581s Hn=0.3275 conc=1 fixed=12 dropped=0
A_long rep6 g=14500 t=1641s Hn=0.3287 conc=0 fixed=7 dropped=0
A_long rep7 g=14000 t=1641s Hn=0.3237 conc=0 fixed=12 dropped=0
A_long rep6 g=15000 t=1702s Hn=0.3288 conc=0 fixed=7 dropped=0
A_long rep7 g=14500 t=1707s Hn=0.3250 conc=0 fixed=12 dropped=0
A_long rep7 g=15000 t=1763s Hn=0.3263 conc=1 fixed=12 dropped=0
A_long rep6 g=15500 t=1764s Hn=0.3322 conc=1 fixed=7 dropped=0
A_long rep6 g=16000 t=1825s Hn=0.3298 conc=1 fixed=7 dropped=0
A_long rep7 g=15500 t=1827s Hn=0.3282 conc=1 fixed=12 dropped=0
A_long rep6 g=16500 t=1887s Hn=0.3287 conc=1 fixed=7 dropped=0
A_long rep7 g=16000 t=1890s Hn=0.3308 conc=1 fixed=13 dropped=0
A_long rep6 g=17000 t=1940s Hn=0.3283 conc=0 fixed=8 dropped=0
A_long rep7 g=16500 t=1951s Hn=0.3305 conc=1 fixed=13 dropped=0
A_long rep6 g=17500 t=1995s Hn=0.3248 conc=1 fixed=8 dropped=0
A_long rep7 g=17000 t=2015s Hn=0.3301 conc=2 fixed=13 dropped=0
done A_long 6
A_long rep7 g=17500 t=2080s Hn=0.3282 conc=2 fixed=14 dropped=0
done A_long 7
ctrl rep0: Hn_start=0.3389 Hn_win=0.3382 ratio_to_ctrl=1.012 drift_ratio(N/Ne)=1.0006 conc=0.0 fixed_total=0 fixed_win=None dropped=0 (562s)
ctrl rep1: Hn_start=0.3152 Hn_win=0.3266 ratio_to_ctrl=0.977 drift_ratio(N/Ne)=0.9994 conc=0.0 fixed_total=0 fixed_win=None dropped=0 (505s)
ctrl rep2: Hn_start=0.3330 Hn_win=0.3391 ratio_to_ctrl=1.014 drift_ratio(N/Ne)=0.9999 conc=0.0 fixed_total=0 fixed_win=[0, 2999] dropped=0 (666s)
ctrl rep3: Hn_start=0.3237 Hn_win=0.3281 ratio_to_ctrl=0.981 drift_ratio(N/Ne)=0.9977 conc=0.0 fixed_total=0 fixed_win=[0, 2999] dropped=0 (726s)
ctrl rep4: Hn_start=0.3333 Hn_win=0.3358 ratio_to_ctrl=1.005 drift_ratio(N/Ne)=0.9996 conc=0.0 fixed_total=0 fixed_win=[0, 2999] dropped=0 (757s)
ctrl rep5: Hn_start=0.3366 Hn_win=0.3380 ratio_to_ctrl=1.011 drift_ratio(N/Ne)=1.0014 conc=0.0 fixed_total=0 fixed_win=[0, 2999] dropped=0 (708s)
A    rep0: Hn_start=0.3389 Hn_win=0.3425 ratio_to_ctrl=1.025 drift_ratio(N/Ne)=1.0004 conc=0.9 fixed_total=3 fixed_win=None dropped=0 (667s)
A    rep1: Hn_start=0.3152 Hn_win=0.3219 ratio_to_ctrl=0.963 drift_ratio(N/Ne)=0.9992 conc=0.5 fixed_total=2 fixed_win=None dropped=0 (705s)
A    rep2: Hn_start=0.3330 Hn_win=0.3306 ratio_to_ctrl=0.989 drift_ratio(N/Ne)=0.9987 conc=0.2 fixed_total=1 fixed_win=[1, 2999] dropped=0 (755s)
A    rep3: Hn_start=0.3237 Hn_win=0.3343 ratio_to_ctrl=1.000 drift_ratio(N/Ne)=1.0011 conc=0.7 fixed_total=2 fixed_win=[1, 2999] dropped=0 (743s)
A    rep4: Hn_start=0.3333 Hn_win=0.3294 ratio_to_ctrl=0.985 drift_ratio(N/Ne)=1.0015 conc=0.7 fixed_total=3 fixed_win=[3, 2999] dropped=0 (755s)
A    rep5: Hn_start=0.3366 Hn_win=0.3340 ratio_to_ctrl=0.999 drift_ratio(N/Ne)=0.9986 conc=0.4 fixed_total=3 fixed_win=[2, 2999] dropped=0 (700s)
B    rep0: Hn_start=0.3389 Hn_win=0.3364 ratio_to_ctrl=1.006 drift_ratio(N/Ne)=1.0035 conc=146.1 fixed_total=539 fixed_win=None dropped=0 (1496s)
B    rep1: Hn_start=0.3152 Hn_win=0.3339 ratio_to_ctrl=0.999 drift_ratio(N/Ne)=1.0017 conc=146.7 fixed_total=538 fixed_win=None dropped=0 (1447s)
B2   rep0: Hn_start=0.3389 Hn_win=0.3318 ratio_to_ctrl=0.993 drift_ratio(N/Ne)=1.0064 conc=236.2 fixed_total=866 fixed_win=[560, 2999] dropped=0 (2383s)
B2   rep1: Hn_start=0.3152 Hn_win=0.3199 ratio_to_ctrl=0.957 drift_ratio(N/Ne)=1.0032 conc=217.7 fixed_total=803 fixed_win=[523, 2999] dropped=0 (2346s)
B2   rep2: Hn_start=0.3330 Hn_win=0.3290 ratio_to_ctrl=0.984 drift_ratio(N/Ne)=1.0054 conc=229.7 fixed_total=865 fixed_win=[555, 2999] dropped=0 (2378s)
A_long rep6: Hn_start=0.3336 Hn_win=0.3305 ratio_to_ctrl=0.989 drift_ratio(N/Ne)=1.0004 conc=0.7 fixed_total=8 fixed_win=[6, 11999] dropped=0 (2054s)
A_long rep7: Hn_start=0.3291 Hn_win=0.3297 ratio_to_ctrl=0.986 drift_ratio(N/Ne)=1.0015 conc=1.2 fixed_total=15 fixed_win=[12, 11999] dropped=0 (2136s)
MEAN ctrl n=6 Hn ratio 1.000 (per-rep ctrl-matched: [np.float64(1.0), np.float64(1.0), np.float64(1.0), np.float64(1.0), np.float64(1.0), np.float64(1.0)]) conc 0.0 drift 0.9998
MEAN A    n=6 Hn ratio 0.993 (per-rep ctrl-matched: [np.float64(1.013), np.float64(0.985), np.float64(0.975), np.float64(1.019), np.float64(0.981), np.float64(0.988)]) conc 0.6 drift 0.9999
MEAN B    n=2 Hn ratio 1.002 (per-rep ctrl-matched: [np.float64(0.995), np.float64(1.022)]) conc 146.4 drift 1.0026
MEAN B2   n=3 Hn ratio 0.978 (per-rep ctrl-matched: [np.float64(0.981), np.float64(0.979), np.float64(0.97)]) conc 227.9 drift 1.0050
MEAN A_long n=2 Hn ratio 0.988 (per-rep ctrl-matched: []) conc 0.9 drift 1.0009
