reading chr1
finished chr1 snv records 378858 sites 2830836
reading chr2
finished chr2 snv records 412598 sites 3039716
reading chr3
finished chr3 snv records 348044 sites 2455454
reading chr4
finished chr4 snv records 360465 sites 2501290
reading chr5
finished chr5 snv records 311838 sites 2254345
reading chr6
finished chr6 snv records 313390 sites 2128352
reading chr7
finished chr7 snv records 287422 sites 2064825
reading chr8
finished chr8 snv records 282498 sites 1984435
reading chr9
finished chr9 snv records 211736 sites 1639734
reading chr10
finished chr10 snv records 248017 sites 1708138
reading chr11
finished chr11 snv records 240961 sites 1694144
reading chr12
finished chr12 snv records 228949 sites 1618815
reading chr13
finished chr13 snv records 177867 sites 1250938
reading chr14
finished chr14 snv records 157751 sites 1134250
reading chr15
finished chr15 snv records 146011 sites 1110620
reading chr16
finished chr16 snv records 164839 sites 1219533
reading chr17
finished chr17 snv records 134940 sites 1004791
reading chr18
finished chr18 snv records 140254 sites 978685
reading chr19
finished chr19 snv records 119811 sites 831326
reading chr20
finished chr20 snv records 116237 sites 834315
reading chr21
finished chr21 snv records 70361 sites 588978
reading chr22
finished chr22 snv records 72631 sites 598637
reading chrX
finished chrX snv records 9261 sites 1536778
afq stage done: 78229218 VCF lines
