## A. Expected detectable completed sweeps per lineage
| scenario | T | W | f_strong | f_soft | E_detect |
|---|---|---|---|---|---|
| Day Z18452504: 3,200 sweeps | 325000 | 4000 | 1.00 | 0.0 | 39.38 |
| Day Z18452504: 3,200 sweeps | 325000 | 4000 | 0.28 | 0.0 | 11.03 |
| Day Z18452504: 3,200 sweeps | 325000 | 4000 | 0.28 | 0.5 | 6.617 |
| Day Z18452504: 3,200 sweeps | 325000 | 4000 | 0.10 | 0.0 | 3.938 |
| Day Z18452504: 3,200 sweeps | 325000 | 10000 | 1.00 | 0.0 | 98.46 |
| Day Z18452504: 3,200 sweeps | 325000 | 10000 | 0.28 | 0.0 | 27.57 |
| Day Z18452504: 3,200 sweeps | 325000 | 10000 | 0.28 | 0.5 | 16.54 |
| Day Z18452504: 3,200 sweeps | 325000 | 10000 | 0.10 | 0.0 | 9.846 |
| GAP-01 K_a 1e3 | 252000 | 4000 | 1.00 | 0.0 | 15.87 |
| GAP-01 K_a 1e3 | 252000 | 4000 | 0.28 | 0.0 | 4.444 |
| GAP-01 K_a 1e3 | 252000 | 4000 | 0.28 | 0.5 | 2.667 |
| GAP-01 K_a 1e3 | 252000 | 4000 | 0.10 | 0.0 | 1.587 |
| GAP-01 K_a 1e3 | 252000 | 10000 | 1.00 | 0.0 | 39.68 |
| GAP-01 K_a 1e3 | 252000 | 10000 | 0.28 | 0.0 | 11.11 |
| GAP-01 K_a 1e3 | 252000 | 10000 | 0.28 | 0.5 | 6.667 |
| GAP-01 K_a 1e3 | 252000 | 10000 | 0.10 | 0.0 | 3.968 |
| GAP-01 K_a 1e3 | 325000 | 4000 | 1.00 | 0.0 | 12.31 |
| GAP-01 K_a 1e3 | 325000 | 4000 | 0.28 | 0.0 | 3.446 |
| GAP-01 K_a 1e3 | 325000 | 4000 | 0.28 | 0.5 | 2.068 |
| GAP-01 K_a 1e3 | 325000 | 4000 | 0.10 | 0.0 | 1.231 |
| GAP-01 K_a 1e3 | 325000 | 10000 | 1.00 | 0.0 | 30.77 |
| GAP-01 K_a 1e3 | 325000 | 10000 | 0.28 | 0.0 | 8.615 |
| GAP-01 K_a 1e3 | 325000 | 10000 | 0.28 | 0.5 | 5.169 |
| GAP-01 K_a 1e3 | 325000 | 10000 | 0.10 | 0.0 | 3.077 |
| GAP-01 K_a 1e4 | 252000 | 4000 | 1.00 | 0.0 | 158.7 |
| GAP-01 K_a 1e4 | 252000 | 4000 | 0.28 | 0.0 | 44.44 |
| GAP-01 K_a 1e4 | 252000 | 4000 | 0.28 | 0.5 | 26.67 |
| GAP-01 K_a 1e4 | 252000 | 4000 | 0.10 | 0.0 | 15.87 |
| GAP-01 K_a 1e4 | 252000 | 10000 | 1.00 | 0.0 | 396.8 |
| GAP-01 K_a 1e4 | 252000 | 10000 | 0.28 | 0.0 | 111.1 |
| GAP-01 K_a 1e4 | 252000 | 10000 | 0.28 | 0.5 | 66.67 |
| GAP-01 K_a 1e4 | 252000 | 10000 | 0.10 | 0.0 | 39.68 |
| GAP-01 K_a 1e4 | 325000 | 4000 | 1.00 | 0.0 | 123.1 |
| GAP-01 K_a 1e4 | 325000 | 4000 | 0.28 | 0.0 | 34.46 |
| GAP-01 K_a 1e4 | 325000 | 4000 | 0.28 | 0.5 | 20.68 |
| GAP-01 K_a 1e4 | 325000 | 4000 | 0.10 | 0.0 | 12.31 |
| GAP-01 K_a 1e4 | 325000 | 10000 | 1.00 | 0.0 | 307.7 |
| GAP-01 K_a 1e4 | 325000 | 10000 | 0.28 | 0.0 | 86.15 |
| GAP-01 K_a 1e4 | 325000 | 10000 | 0.28 | 0.5 | 51.69 |
| GAP-01 K_a 1e4 | 325000 | 10000 | 0.10 | 0.0 | 30.77 |
| GAP-01 K_a 1e5 | 252000 | 4000 | 1.00 | 0.0 | 1587 |
| GAP-01 K_a 1e5 | 252000 | 4000 | 0.28 | 0.0 | 444.4 |
| GAP-01 K_a 1e5 | 252000 | 4000 | 0.28 | 0.5 | 266.7 |
| GAP-01 K_a 1e5 | 252000 | 4000 | 0.10 | 0.0 | 158.7 |
| GAP-01 K_a 1e5 | 252000 | 10000 | 1.00 | 0.0 | 3968 |
| GAP-01 K_a 1e5 | 252000 | 10000 | 0.28 | 0.0 | 1111 |
| GAP-01 K_a 1e5 | 252000 | 10000 | 0.28 | 0.5 | 666.7 |
| GAP-01 K_a 1e5 | 252000 | 10000 | 0.10 | 0.0 | 396.8 |
| GAP-01 K_a 1e5 | 325000 | 4000 | 1.00 | 0.0 | 1231 |
| GAP-01 K_a 1e5 | 325000 | 4000 | 0.28 | 0.0 | 344.6 |
| GAP-01 K_a 1e5 | 325000 | 4000 | 0.28 | 0.5 | 206.8 |
| GAP-01 K_a 1e5 | 325000 | 4000 | 0.10 | 0.0 | 123.1 |
| GAP-01 K_a 1e5 | 325000 | 10000 | 1.00 | 0.0 | 3077 |
| GAP-01 K_a 1e5 | 325000 | 10000 | 0.28 | 0.0 | 861.5 |
| GAP-01 K_a 1e5 | 325000 | 10000 | 0.28 | 0.5 | 516.9 |
| GAP-01 K_a 1e5 | 325000 | 10000 | 0.10 | 0.0 | 307.7 |
| GAP-01 K_a 1e6 | 252000 | 4000 | 1.00 | 0.0 | 1.587e+04 |
| GAP-01 K_a 1e6 | 252000 | 4000 | 0.28 | 0.0 | 4444 |
| GAP-01 K_a 1e6 | 252000 | 4000 | 0.28 | 0.5 | 2667 |
| GAP-01 K_a 1e6 | 252000 | 4000 | 0.10 | 0.0 | 1587 |
| GAP-01 K_a 1e6 | 252000 | 10000 | 1.00 | 0.0 | 3.968e+04 |
| GAP-01 K_a 1e6 | 252000 | 10000 | 0.28 | 0.0 | 1.111e+04 |
| GAP-01 K_a 1e6 | 252000 | 10000 | 0.28 | 0.5 | 6667 |
| GAP-01 K_a 1e6 | 252000 | 10000 | 0.10 | 0.0 | 3968 |
| GAP-01 K_a 1e6 | 325000 | 4000 | 1.00 | 0.0 | 1.231e+04 |
| GAP-01 K_a 1e6 | 325000 | 4000 | 0.28 | 0.0 | 3446 |
| GAP-01 K_a 1e6 | 325000 | 4000 | 0.28 | 0.5 | 2068 |
| GAP-01 K_a 1e6 | 325000 | 4000 | 0.10 | 0.0 | 1231 |
| GAP-01 K_a 1e6 | 325000 | 10000 | 1.00 | 0.0 | 3.077e+04 |
| GAP-01 K_a 1e6 | 325000 | 10000 | 0.28 | 0.0 | 8615 |
| GAP-01 K_a 1e6 | 325000 | 10000 | 0.28 | 0.5 | 5169 |
| GAP-01 K_a 1e6 | 325000 | 10000 | 0.10 | 0.0 | 3077 |
| Day all-fixations 17.5M as sweeps | 252000 | 4000 | 1.00 | 0.0 | 2.778e+05 |
| Day all-fixations 17.5M as sweeps | 252000 | 4000 | 0.28 | 0.0 | 7.778e+04 |
| Day all-fixations 17.5M as sweeps | 252000 | 4000 | 0.28 | 0.5 | 4.667e+04 |
| Day all-fixations 17.5M as sweeps | 252000 | 4000 | 0.10 | 0.0 | 2.778e+04 |
| Day all-fixations 17.5M as sweeps | 252000 | 10000 | 1.00 | 0.0 | 6.944e+05 |
| Day all-fixations 17.5M as sweeps | 252000 | 10000 | 0.28 | 0.0 | 1.944e+05 |
| Day all-fixations 17.5M as sweeps | 252000 | 10000 | 0.28 | 0.5 | 1.167e+05 |
| Day all-fixations 17.5M as sweeps | 252000 | 10000 | 0.10 | 0.0 | 6.944e+04 |

Observed comparators: {'Voight 2006 strongest per population (incomplete sweeps)': 250, 'Sabeti 2007 candidate regions': 300, 'Akey 2009 replicated (>=2 scans)': 722, 'Akey 2009 union of 9 scans': 5110}

## B. Bonobo (Z18441321)
W = 20000 of T = 46500 generations (43%); E_detect(326,000 strong sweeps) = 1.402e+05; f_strong 0.1 -> 1.402e+04; Yoo SweepFinder2 bonobo = 30

## C. Hernandez 2011 bound translated to a lineage count (constant-rate extrapolation)
AA substitutions per lineage 1.3e+04-3e+04 (GAP-01 derived); strong classic sweeps < 10% -> < 1.3e+03-3e+03 per lineage
In the 250,000-year window (5% of substitutions per Hernandez): < 65-150 strong coding sweeps

## D. K_a that would saturate scans: K such that E_detect = 722 (Akey replicated) or 5,110 (union), W = 10,000, T = 252,000
target 722, f_strong 1.00 -> K_a = 1.82e+04
target 722, f_strong 0.28 -> K_a = 6.5e+04
target 722, f_strong 0.10 -> K_a = 1.82e+05
target 5110, f_strong 1.00 -> K_a = 1.29e+05
target 5110, f_strong 0.28 -> K_a = 4.6e+05
target 5110, f_strong 0.10 -> K_a = 1.29e+06

## Predictions
P1 HELD
P2 HELD
P2_detail 396.8253968253968
P3 HELD
P3_detail 1111.1111111111113
P4 HELD
P4_detail 277777.77777777775
P5 HELD
P6 HELD
