V1 {'mode': 'soft', 'R': 4, 'p_fix': 0.03266666666666666, 'se': 0.0022949057916595603, 'ratio_to_kimura': 0.833108885985295, 'kimura_u': 0.03921056084767682, 'fixed': 196, 'trials': 6000}
V1 {'mode': 'hard', 'R': 20, 'p_fix': 0.03983333333333333, 'se': 0.002524765298956482, 'ratio_to_kimura': 1.015882774237171, 'kimura_u': 0.03921056084767682, 'fixed': 239, 'trials': 6000}
V1 {'mode': 'hard', 'R': 5, 'p_fix': 0.03883333333333333, 'se': 0.002494170054198242, 'ratio_to_kimura': 0.9903794409927232, 'kimura_u': 0.03921056084767682, 'fixed': 233, 'trials': 6000}
V1 {'mode': 'hard', 'R': 2, 'p_fix': 0.03966666666666667, 'se': 0.00251969648377942, 'ratio_to_kimura': 1.01163221869643, 'kimura_u': 0.03921056084767682, 'fixed': 238, 'trials': 6000}
validate sec 20.441760301589966
stage A jobs 96 elapsed 247.62349247932434
A {'M': 1000, 's': 0.01, 'lam': 0.0033, 'R': 10, 'sv': None, 'mode': 'hard', 'U_del': 0.0, 'reps': 3, 'ext_frac': 0.0, 'k_obs': 0.0036, 'R_int': 1.0909, 'nopen': 4.1905, 'nseg': 4.1905, 'nfrac': 0.9716, 'dead': 0.0283, 'D': 8.1896, 'ttf': 1094.8056, 'sec': 0.7833}
A {'M': 1000, 's': 0.01, 'lam': 0.0033, 'R': 2, 'sv': None, 'mode': 'hard', 'U_del': 0.0, 'reps': 3, 'ext_frac': 0.0, 'k_obs': 0.0039, 'R_int': 1.1717, 'nopen': 4.1759, 'nseg': 4.1759, 'nfrac': 0.9723, 'dead': 0.0277, 'D': 7.3029, 'ttf': 1052.3205, 'sec': 1.66}
A {'M': 1000, 's': 0.01, 'lam': 0.0033, 'R': 20, 'sv': None, 'mode': 'hard', 'U_del': 0.0, 'reps': 3, 'ext_frac': 0.0, 'k_obs': 0.0033, 'R_int': 1.0101, 'nopen': 3.708, 'nseg': 3.708, 'nfrac': 0.9756, 'dead': 0.0244, 'D': 7.5631, 'ttf': 1075.4196, 'sec': 1.0165}
A {'M': 1000, 's': 0.01, 'lam': 0.0033, 'R': 4, 'sv': None, 'mode': 'soft', 'U_del': 0.0, 'reps': 3, 'ext_frac': 0.0, 'k_obs': 0.0023, 'R_int': 0.6869, 'nopen': 3.7084, 'nseg': 3.7084, 'nfrac': 1.0, 'dead': 0.0266, 'D': 16.4167, 'ttf': 1179.4735, 'sec': 2.7318}
A {'M': 1000, 's': 0.01, 'lam': 0.0033, 'R': 5, 'sv': None, 'mode': 'hard', 'U_del': 0.0, 'reps': 3, 'ext_frac': 0.0, 'k_obs': 0.0039, 'R_int': 1.1717, 'nopen': 3.9768, 'nseg': 3.9768, 'nfrac': 0.9749, 'dead': 0.025, 'D': 6.6465, 'ttf': 908.1778, 'sec': 0.9848}
A {'M': 1000, 's': 0.01, 'lam': 0.01, 'R': 10, 'sv': None, 'mode': 'hard', 'U_del': 0.0, 'reps': 3, 'ext_frac': 0.0, 'k_obs': 0.0109, 'R_int': 1.0933, 'nopen': 11.398, 'nseg': 11.398, 'nfrac': 0.9241, 'dead': 0.0758, 'D': 7.1237, 'ttf': 1084.115, 'sec': 1.205}
A {'M': 1000, 's': 0.01, 'lam': 0.01, 'R': 2, 'sv': None, 'mode': 'hard', 'U_del': 0.0, 'reps': 3, 'ext_frac': 0.0, 'k_obs': 0.0077, 'R_int': 0.7733, 'nopen': 9.2964, 'nseg': 9.2964, 'nfrac': 0.939, 'dead': 0.0611, 'D': 8.0734, 'ttf': 1038.0281, 'sec': 3.4333}
A {'M': 1000, 's': 0.01, 'lam': 0.01, 'R': 20, 'sv': None, 'mode': 'hard', 'U_del': 0.0, 'reps': 3, 'ext_frac': 0.0, 'k_obs': 0.0121, 'R_int': 1.2133, 'nopen': 14.1527, 'nseg': 14.1527, 'nfrac': 0.9052, 'dead': 0.0949, 'D': 8.3116, 'ttf': 1042.8466, 'sec': 1.7493}
A {'M': 1000, 's': 0.01, 'lam': 0.01, 'R': 5, 'sv': None, 'mode': 'hard', 'U_del': 0.0, 'reps': 3, 'ext_frac': 0.0, 'k_obs': 0.01, 'R_int': 1.0, 'nopen': 10.8684, 'nseg': 10.8684, 'nfrac': 0.93, 'dead': 0.0701, 'D': 7.514, 'ttf': 1002.3351, 'sec': 1.4165}
A {'M': 1000, 's': 0.01, 'lam': 0.03, 'R': 10, 'sv': None, 'mode': 'hard', 'U_del': 0.0, 'reps': 3, 'ext_frac': 0.0, 'k_obs': 0.0295, 'R_int': 0.9822, 'nopen': 31.3871, 'nseg': 31.3871, 'nfrac': 0.8083, 'dead': 0.1917, 'D': 7.3627, 'ttf': 990.5778, 'sec': 1.9916}
A {'M': 1000, 's': 0.01, 'lam': 0.03, 'R': 2, 'sv': None, 'mode': 'hard', 'U_del': 0.0, 'reps': 3, 'ext_frac': 0.0, 'k_obs': 0.032, 'R_int': 1.0667, 'nopen': 34.5803, 'nseg': 34.5803, 'nfrac': 0.79, 'dead': 0.21, 'D': 7.3982, 'ttf': 989.3527, 'sec': 2.8737}
A {'M': 1000, 's': 0.01, 'lam': 0.03, 'R': 20, 'sv': None, 'mode': 'hard', 'U_del': 0.0, 'reps': 3, 'ext_frac': 0.0, 'k_obs': 0.0324, 'R_int': 1.08, 'nopen': 34.1161, 'nseg': 34.1161, 'nfrac': 0.7917, 'dead': 0.2083, 'D': 7.3363, 'ttf': 999.0944, 'sec': 3.2611}
A {'M': 1000, 's': 0.01, 'lam': 0.03, 'R': 4, 'sv': None, 'mode': 'soft', 'U_del': 0.0, 'reps': 3, 'ext_frac': 0.0, 'k_obs': 0.0269, 'R_int': 0.8978, 'nopen': 36.1476, 'nseg': 36.1476, 'nfrac': 1.0, 'dead': 0.2236, 'D': 9.4568, 'ttf': 1080.9722, 'sec': 8.9931}
A {'M': 1000, 's': 0.01, 'lam': 0.03, 'R': 5, 'sv': None, 'mode': 'hard', 'U_del': 0.0, 'reps': 3, 'ext_frac': 0.0, 'k_obs': 0.0308, 'R_int': 1.0267, 'nopen': 33.7045, 'nseg': 33.7045, 'nfrac': 0.7954, 'dead': 0.2044, 'D': 7.4651, 'ttf': 984.1071, 'sec': 2.5563}
A {'M': 1000, 's': 0.01, 'lam': 0.06, 'R': 10, 'sv': None, 'mode': 'hard', 'U_del': 0.0, 'reps': 3, 'ext_frac': 0.0, 'k_obs': 0.0621, 'R_int': 1.0356, 'nopen': 62.2473, 'nseg': 62.2473, 'nfrac': 0.6546, 'dead': 0.3453, 'D': 6.8565, 'ttf': 937.741, 'sec': 3.1634}
A {'M': 1000, 's': 0.01, 'lam': 0.06, 'R': 2, 'sv': None, 'mode': 'hard', 'U_del': 0.0, 'reps': 3, 'ext_frac': 0.0, 'k_obs': 0.0659, 'R_int': 1.0978, 'nopen': 66.4641, 'nseg': 66.4641, 'nfrac': 0.6331, 'dead': 0.367, 'D': 7.003, 'ttf': 958.0392, 'sec': 5.3127}
A {'M': 1000, 's': 0.01, 'lam': 0.06, 'R': 20, 'sv': None, 'mode': 'hard', 'U_del': 0.0, 'reps': 3, 'ext_frac': 0.0, 'k_obs': 0.0537, 'R_int': 0.8956, 'nopen': 57.9233, 'nseg': 57.9233, 'nfrac': 0.6655, 'dead': 0.3345, 'D': 7.7128, 'ttf': 924.8721, 'sec': 4.8815}
A {'M': 1000, 's': 0.01, 'lam': 0.06, 'R': 5, 'sv': None, 'mode': 'hard', 'U_del': 0.0, 'reps': 3, 'ext_frac': 0.0, 'k_obs': 0.0583, 'R_int': 0.9711, 'nopen': 59.0977, 'nseg': 59.0977, 'nfrac': 0.6706, 'dead': 0.3295, 'D': 6.8954, 'ttf': 941.708, 'sec': 3.574}
A {'M': 1000, 's': 0.01, 'lam': 0.1, 'R': 10, 'sv': None, 'mode': 'hard', 'U_del': 0.0, 'reps': 3, 'ext_frac': 0.0, 'k_obs': 0.0965, 'R_int': 0.9653, 'nopen': 95.0537, 'nseg': 95.0537, 'nfrac': 0.5128, 'dead': 0.4874, 'D': 6.9687, 'ttf': 876.5216, 'sec': 5.1379}
A {'M': 1000, 's': 0.01, 'lam': 0.1, 'R': 2, 'sv': None, 'mode': 'hard', 'U_del': 0.0, 'reps': 3, 'ext_frac': 0.0, 'k_obs': 0.0963, 'R_int': 0.9627, 'nopen': 89.9815, 'nseg': 89.9815, 'nfrac': 0.5254, 'dead': 0.4621, 'D': 6.4525, 'ttf': 874.6689, 'sec': 7.7894}
A {'M': 1000, 's': 0.01, 'lam': 0.1, 'R': 20, 'sv': None, 'mode': 'hard', 'U_del': 0.0, 'reps': 3, 'ext_frac': 0.0, 'k_obs': 0.1027, 'R_int': 1.0267, 'nopen': 97.7675, 'nseg': 97.7675, 'nfrac': 0.5025, 'dead': 0.4977, 'D': 6.7319, 'ttf': 880.2207, 'sec': 6.8946}
A {'M': 1000, 's': 0.01, 'lam': 0.1, 'R': 4, 'sv': None, 'mode': 'soft', 'U_del': 0.0, 'reps': 3, 'ext_frac': 0.0, 'k_obs': 0.1017, 'R_int': 1.0173, 'nopen': 132.2229, 'nseg': 132.2229, 'nfrac': 1.0, 'dead': 0.5985, 'D': 8.9976, 'ttf': 1158.3874, 'sec': 27.4964}
A {'M': 1000, 's': 0.01, 'lam': 0.1, 'R': 5, 'sv': None, 'mode': 'hard', 'U_del': 0.0, 'reps': 3, 'ext_frac': 0.0, 'k_obs': 0.0983, 'R_int': 0.9827, 'nopen': 98.2321, 'nseg': 98.2321, 'nfrac': 0.4989, 'dead': 0.5011, 'D': 7.1049, 'ttf': 913.9905, 'sec': 4.9008}
A {'M': 1000, 's': 0.01, 'lam': 0.2, 'R': 10, 'sv': None, 'mode': 'hard', 'U_del': 0.0, 'reps': 3, 'ext_frac': 0.0, 'k_obs': 0.1964, 'R_int': 0.982, 'nopen': 166.2145, 'nseg': 166.2145, 'nfrac': 0.3022, 'dead': 0.6979, 'D': 6.1121, 'ttf': 778.6776, 'sec': 8.6852}
A {'M': 1000, 's': 0.01, 'lam': 0.2, 'R': 2, 'sv': None, 'mode': 'hard', 'U_del': 0.0, 'reps': 3, 'ext_frac': 1.0, 'k_obs': 0.0, 'R_int': 0.0, 'nopen': 0.0, 'nseg': 0.0, 'nfrac': 0.0, 'dead': 0.0, 'D': nan, 'ttf': 311.75, 'sec': 0.3349}
A {'M': 1000, 's': 0.01, 'lam': 0.2, 'R': 20, 'sv': None, 'mode': 'hard', 'U_del': 0.0, 'reps': 3, 'ext_frac': 0.0, 'k_obs': 0.1912, 'R_int': 0.956, 'nopen': 166.7379, 'nseg': 166.7379, 'nfrac': 0.2997, 'dead': 0.7004, 'D': 6.3375, 'ttf': 790.0051, 'sec': 11.5739}
A {'M': 1000, 's': 0.01, 'lam': 0.2, 'R': 4, 'sv': None, 'mode': 'soft', 'U_del': 0.0, 'reps': 3, 'ext_frac': 0.0, 'k_obs': 0.1831, 'R_int': 0.9153, 'nopen': 244.5387, 'nseg': 244.5387, 'nfrac': 1.0, 'dead': 0.8195, 'D': 9.3997, 'ttf': 1121.4298, 'sec': 58.8309}
A {'M': 1000, 's': 0.01, 'lam': 0.2, 'R': 5, 'sv': None, 'mode': 'hard', 'U_del': 0.0, 'reps': 3, 'ext_frac': 0.0, 'k_obs': 0.1976, 'R_int': 0.988, 'nopen': 167.0435, 'nseg': 167.0435, 'nfrac': 0.2974, 'dead': 0.7029, 'D': 6.1663, 'ttf': 787.0908, 'sec': 7.8292}
A {'M': 1000, 's': 0.01, 'lam': 0.4, 'R': 10, 'sv': None, 'mode': 'hard', 'U_del': 0.0, 'reps': 3, 'ext_frac': 0.0, 'k_obs': 0.3968, 'R_int': 0.992, 'nopen': 255.8973, 'nseg': 255.8973, 'nfrac': 0.1474, 'dead': 0.8522, 'D': 4.8294, 'ttf': 604.1684, 'sec': 15.0172}
A {'M': 1000, 's': 0.01, 'lam': 0.4, 'R': 2, 'sv': None, 'mode': 'hard', 'U_del': 0.0, 'reps': 3, 'ext_frac': 1.0, 'k_obs': 0.0, 'R_int': 0.0, 'nopen': 0.0, 'nseg': 0.0, 'nfrac': 0.0, 'dead': 0.0, 'D': nan, 'ttf': nan, 'sec': 0.1703}
A {'M': 1000, 's': 0.01, 'lam': 0.4, 'R': 20, 'sv': None, 'mode': 'hard', 'U_del': 0.0, 'reps': 3, 'ext_frac': 0.0, 'k_obs': 0.4113, 'R_int': 1.0283, 'nopen': 259.9984, 'nseg': 259.9984, 'nfrac': 0.1435, 'dead': 0.8565, 'D': 4.7342, 'ttf': 601.1724, 'sec': 16.3549}
A {'M': 1000, 's': 0.01, 'lam': 0.4, 'R': 5, 'sv': None, 'mode': 'hard', 'U_del': 0.0, 'reps': 3, 'ext_frac': 1.0, 'k_obs': 0.0, 'R_int': 0.0, 'nopen': 0.0, 'nseg': 0.0, 'nfrac': 0.0, 'dead': 0.0, 'D': nan, 'ttf': 420.734, 'sec': 1.5646}
stage B jobs 72 elapsed 347.1694657802582
B {'M': 1000, 's': 0.003, 'lam': 0.01, 'R': 10, 'sv': None, 'mode': 'hard', 'U_del': 0.0, 'reps': 3, 'ext_frac': 0.0, 'k_obs': 0.0039, 'R_int': 0.3867, 'nopen': 20.3755, 'nseg': 20.3755, 'nfrac': 0.9514, 'dead': 0.0484, 'D': 13.1889, 'ttf': 1946.0274, 'sec': 2.0698}
B {'M': 1000, 's': 0.003, 'lam': 0.01, 'R': 2, 'sv': None, 'mode': 'hard', 'U_del': 0.0, 'reps': 3, 'ext_frac': 0.0, 'k_obs': 0.0047, 'R_int': 0.4667, 'nopen': 24.3545, 'nseg': 24.3545, 'nfrac': 0.9427, 'dead': 0.0573, 'D': 13.7266, 'ttf': 1967.9184, 'sec': 2.5593}
B {'M': 1000, 's': 0.003, 'lam': 0.06, 'R': 10, 'sv': None, 'mode': 'hard', 'U_del': 0.0, 'reps': 3, 'ext_frac': 0.0, 'k_obs': 0.0376, 'R_int': 0.6267, 'nopen': 135.9077, 'nseg': 135.9077, 'nfrac': 0.7233, 'dead': 0.2766, 'D': 8.6559, 'ttf': 1738.733, 'sec': 8.6718}
B {'M': 1000, 's': 0.003, 'lam': 0.06, 'R': 2, 'sv': None, 'mode': 'hard', 'U_del': 0.0, 'reps': 3, 'ext_frac': 0.0, 'k_obs': 0.0328, 'R_int': 0.5467, 'nopen': 123.5469, 'nseg': 123.5469, 'nfrac': 0.7442, 'dead': 0.2557, 'D': 9.0335, 'ttf': 1780.6971, 'sec': 8.6803}
B {'M': 1000, 's': 0.003, 'lam': 0.2, 'R': 10, 'sv': None, 'mode': 'hard', 'U_del': 0.0, 'reps': 3, 'ext_frac': 0.0, 'k_obs': 0.1419, 'R_int': 0.7093, 'nopen': 370.3577, 'nseg': 370.3577, 'nfrac': 0.4118, 'dead': 0.5881, 'D': 6.2921, 'ttf': 1479.4915, 'sec': 20.6576}
B {'M': 1000, 's': 0.003, 'lam': 0.2, 'R': 2, 'sv': None, 'mode': 'hard', 'U_del': 0.0, 'reps': 3, 'ext_frac': 0.0, 'k_obs': 0.1984, 'R_int': 0.992, 'nopen': 288.6847, 'nseg': 288.6847, 'nfrac': 0.3116, 'dead': 0.4957, 'D': 3.4528, 'ttf': 1175.4482, 'sec': 14.1759}
B {'M': 1000, 's': 0.01, 'lam': 0.003, 'R': 10, 'sv': 0.05, 'mode': 'hard', 'U_del': 0.0, 'reps': 3, 'ext_frac': 0.0, 'k_obs': 0.0024, 'R_int': 0.8148, 'nopen': 3.5223, 'nseg': 2.1904, 'nfrac': 0.9732, 'dead': 0.0267, 'D': 10.9112, 'ttf': 1459.2254, 'sec': 1.7143}
B {'M': 1000, 's': 0.01, 'lam': 0.003, 'R': 10, 'sv': 0.5, 'mode': 'hard', 'U_del': 0.0, 'reps': 3, 'ext_frac': 0.0, 'k_obs': 0.0032, 'R_int': 1.0741, 'nopen': 2.25, 'nseg': 2.2216, 'nfrac': 0.9889, 'dead': 0.0111, 'D': 3.605, 'ttf': 692.1983, 'sec': 1.4179}
B {'M': 1000, 's': 0.01, 'lam': 0.003, 'R': 2, 'sv': 0.05, 'mode': 'hard', 'U_del': 0.0, 'reps': 3, 'ext_frac': 0.0, 'k_obs': 0.0022, 'R_int': 0.7407, 'nopen': 4.2504, 'nseg': 2.4107, 'nfrac': 0.9662, 'dead': 0.0339, 'D': 15.4493, 'ttf': 1477.4226, 'sec': 1.5383}
B {'M': 1000, 's': 0.01, 'lam': 0.003, 'R': 2, 'sv': 0.5, 'mode': 'hard', 'U_del': 0.0, 'reps': 3, 'ext_frac': 0.0, 'k_obs': 0.0024, 'R_int': 0.8148, 'nopen': 1.6634, 'nseg': 1.6472, 'nfrac': 0.9917, 'dead': 0.0083, 'D': 3.3469, 'ttf': 671.903, 'sec': 1.3402}
B {'M': 1000, 's': 0.01, 'lam': 0.01, 'R': 10, 'sv': 0.05, 'mode': 'hard', 'U_del': 0.0, 'reps': 3, 'ext_frac': 0.0, 'k_obs': 0.0076, 'R_int': 0.7556, 'nopen': 13.3722, 'nseg': 7.6501, 'nfrac': 0.8991, 'dead': 0.1011, 'D': 14.3369, 'ttf': 1465.4177, 'sec': 2.3238}
B {'M': 1000, 's': 0.01, 'lam': 0.01, 'R': 10, 'sv': 0.5, 'mode': 'hard', 'U_del': 0.0, 'reps': 3, 'ext_frac': 0.0, 'k_obs': 0.0106, 'R_int': 1.0556, 'nopen': 7.2932, 'nseg': 7.2208, 'nfrac': 0.9622, 'dead': 0.0378, 'D': 3.6007, 'ttf': 659.0913, 'sec': 2.2455}
B {'M': 1000, 's': 0.01, 'lam': 0.01, 'R': 2, 'sv': 0.05, 'mode': 'hard', 'U_del': 0.0, 'reps': 3, 'ext_frac': 0.0, 'k_obs': 0.0071, 'R_int': 0.7111, 'nopen': 12.8803, 'nseg': 7.0494, 'nfrac': 0.9009, 'dead': 0.0993, 'D': 15.1728, 'ttf': 1416.6411, 'sec': 2.0263}
B {'M': 1000, 's': 0.01, 'lam': 0.01, 'R': 2, 'sv': 0.5, 'mode': 'hard', 'U_del': 0.0, 'reps': 3, 'ext_frac': 0.0, 'k_obs': 0.0092, 'R_int': 0.9222, 'nopen': 6.159, 'nseg': 6.0967, 'nfrac': 0.9686, 'dead': 0.0313, 'D': 3.4109, 'ttf': 650.5275, 'sec': 2.1484}
B {'M': 1000, 's': 0.01, 'lam': 0.03, 'R': 10, 'sv': 0.05, 'mode': 'hard', 'U_del': 0.0, 'reps': 3, 'ext_frac': 0.0, 'k_obs': 0.0231, 'R_int': 0.7704, 'nopen': 55.8359, 'nseg': 22.093, 'nfrac': 0.6146, 'dead': 0.3853, 'D': 21.2624, 'ttf': 1481.5827, 'sec': 3.9462}
B {'M': 1000, 's': 0.01, 'lam': 0.03, 'R': 10, 'sv': 0.5, 'mode': 'hard', 'U_del': 0.0, 'reps': 3, 'ext_frac': 0.0, 'k_obs': 0.0299, 'R_int': 0.9963, 'nopen': 20.8509, 'nseg': 20.6032, 'nfrac': 0.8961, 'dead': 0.104, 'D': 3.6896, 'ttf': 679.235, 'sec': 3.6732}
B {'M': 1000, 's': 0.01, 'lam': 0.03, 'R': 2, 'sv': 0.05, 'mode': 'hard', 'U_del': 0.0, 'reps': 3, 'ext_frac': 0.0, 'k_obs': 0.0236, 'R_int': 0.7852, 'nopen': 56.4742, 'nseg': 22.573, 'nfrac': 0.6106, 'dead': 0.389, 'D': 20.9812, 'ttf': 1554.4244, 'sec': 3.3212}
B {'M': 1000, 's': 0.01, 'lam': 0.03, 'R': 2, 'sv': 0.5, 'mode': 'hard', 'U_del': 0.0, 'reps': 3, 'ext_frac': 0.0, 'k_obs': 0.0292, 'R_int': 0.9741, 'nopen': 20.6912, 'nseg': 20.4394, 'nfrac': 0.8942, 'dead': 0.1056, 'D': 3.8351, 'ttf': 678.2133, 'sec': 4.0053}
B {'M': 1000, 's': 0.03, 'lam': 0.01, 'R': 10, 'sv': None, 'mode': 'hard', 'U_del': 0.0, 'reps': 3, 'ext_frac': 0.0, 'k_obs': 0.0095, 'R_int': 0.9467, 'nopen': 3.6481, 'nseg': 3.6481, 'nfrac': 0.9352, 'dead': 0.0649, 'D': 7.3297, 'ttf': 391.1847, 'sec': 1.2193}
B {'M': 1000, 's': 0.03, 'lam': 0.01, 'R': 2, 'sv': None, 'mode': 'hard', 'U_del': 0.0, 'reps': 3, 'ext_frac': 0.0, 'k_obs': 0.0091, 'R_int': 0.9067, 'nopen': 3.7475, 'nseg': 3.7475, 'nfrac': 0.9332, 'dead': 0.0667, 'D': 7.9695, 'ttf': 373.1675, 'sec': 1.0768}
B {'M': 1000, 's': 0.03, 'lam': 0.06, 'R': 10, 'sv': None, 'mode': 'hard', 'U_del': 0.0, 'reps': 3, 'ext_frac': 0.0, 'k_obs': 0.0596, 'R_int': 0.9933, 'nopen': 22.6384, 'nseg': 22.6384, 'nfrac': 0.6542, 'dead': 0.3459, 'D': 7.1805, 'ttf': 374.5986, 'sec': 2.3612}
B {'M': 1000, 's': 0.03, 'lam': 0.06, 'R': 2, 'sv': None, 'mode': 'hard', 'U_del': 0.0, 'reps': 3, 'ext_frac': 0.0, 'k_obs': 0.062, 'R_int': 1.0333, 'nopen': 22.6996, 'nseg': 22.6996, 'nfrac': 0.6553, 'dead': 0.3446, 'D': 6.8819, 'ttf': 361.5617, 'sec': 2.4984}
B {'M': 1000, 's': 0.03, 'lam': 0.2, 'R': 10, 'sv': None, 'mode': 'hard', 'U_del': 0.0, 'reps': 3, 'ext_frac': 0.0, 'k_obs': 0.2005, 'R_int': 1.0027, 'nopen': 64.8125, 'nseg': 64.8125, 'nfrac': 0.2856, 'dead': 0.7146, 'D': 6.3272, 'ttf': 315.4778, 'sec': 4.6819}
B {'M': 1000, 's': 0.03, 'lam': 0.2, 'R': 2, 'sv': None, 'mode': 'hard', 'U_del': 0.0, 'reps': 3, 'ext_frac': 1.0, 'k_obs': 0.0, 'R_int': 0.0, 'nopen': 0.0, 'nseg': 0.0, 'nfrac': 0.0, 'dead': 0.0, 'D': nan, 'ttf': 168.3205, 'sec': 0.0796}
stage C jobs 72 elapsed 420.1284155845642
C {'M': 1000, 's': 0.01, 'lam': 0.0033, 'R': 10, 'sv': None, 'mode': 'hard', 'U_del': 0.35, 'reps': 3, 'ext_frac': 0.0, 'k_obs': 0.0022, 'R_int': 0.6566, 'nopen': 1.9715, 'nseg': 1.9715, 'nfrac': 0.6947, 'dead': 0.3055, 'D': 170.2756, 'ttf': 905.4111, 'sec': 2.3898}
C {'M': 1000, 's': 0.01, 'lam': 0.0033, 'R': 10, 'sv': None, 'mode': 'hard', 'U_del': 2.2, 'reps': 3, 'ext_frac': 1.0, 'k_obs': 0.0, 'R_int': 0.0, 'nopen': 0.0, 'nseg': 0.0, 'nfrac': 0.0, 'dead': 0.0, 'D': nan, 'ttf': 299.0, 'sec': 0.2256}
C {'M': 1000, 's': 0.01, 'lam': 0.0033, 'R': 20, 'sv': None, 'mode': 'hard', 'U_del': 0.35, 'reps': 3, 'ext_frac': 0.0, 'k_obs': 0.0033, 'R_int': 1.0101, 'nopen': 3.549, 'nseg': 3.549, 'nfrac': 0.6897, 'dead': 0.3106, 'D': 142.3173, 'ttf': 851.7259, 'sec': 2.0783}
C {'M': 1000, 's': 0.01, 'lam': 0.0033, 'R': 20, 'sv': None, 'mode': 'hard', 'U_del': 2.2, 'reps': 3, 'ext_frac': 0.0, 'k_obs': 0.0025, 'R_int': 0.7576, 'nopen': 1.0513, 'nseg': 1.0513, 'nfrac': 0.1073, 'dead': 0.8925, 'D': 1916.135, 'ttf': 489.0139, 'sec': 2.0904}
C {'M': 1000, 's': 0.01, 'lam': 0.0033, 'R': 5, 'sv': None, 'mode': 'hard', 'U_del': 0.35, 'reps': 3, 'ext_frac': 0.0, 'k_obs': 0.0033, 'R_int': 1.0101, 'nopen': 4.3257, 'nseg': 4.3257, 'nfrac': 0.6805, 'dead': 0.3196, 'D': 117.569, 'ttf': 980.2519, 'sec': 3.0324}
C {'M': 1000, 's': 0.01, 'lam': 0.0033, 'R': 5, 'sv': None, 'mode': 'hard', 'U_del': 2.2, 'reps': 3, 'ext_frac': 1.0, 'k_obs': 0.0, 'R_int': 0.0, 'nopen': 0.0, 'nseg': 0.0, 'nfrac': 0.0, 'dead': 0.0, 'D': nan, 'ttf': nan, 'sec': 0.0732}
C {'M': 1000, 's': 0.01, 'lam': 0.0033, 'R': 50, 'sv': None, 'mode': 'hard', 'U_del': 0.35, 'reps': 3, 'ext_frac': 0.0, 'k_obs': 0.0027, 'R_int': 0.8081, 'nopen': 1.9657, 'nseg': 1.9657, 'nfrac': 0.6943, 'dead': 0.3053, 'D': 159.3876, 'ttf': 921.2963, 'sec': 2.5283}
C {'M': 1000, 's': 0.01, 'lam': 0.0033, 'R': 50, 'sv': None, 'mode': 'hard', 'U_del': 2.2, 'reps': 3, 'ext_frac': 0.0, 'k_obs': 0.0045, 'R_int': 1.3636, 'nopen': 2.8338, 'nseg': 2.8338, 'nfrac': 0.1061, 'dead': 0.8937, 'D': 526.429, 'ttf': 510.3051, 'sec': 1.9289}
C {'M': 1000, 's': 0.01, 'lam': 0.03, 'R': 10, 'sv': None, 'mode': 'hard', 'U_del': 0.35, 'reps': 3, 'ext_frac': 0.0, 'k_obs': 0.0285, 'R_int': 0.95, 'nopen': 29.347, 'nseg': 29.347, 'nfrac': 0.5725, 'dead': 0.4276, 'D': 19.9419, 'ttf': 882.751, 'sec': 3.6925}
C {'M': 1000, 's': 0.01, 'lam': 0.03, 'R': 10, 'sv': None, 'mode': 'hard', 'U_del': 2.2, 'reps': 3, 'ext_frac': 1.0, 'k_obs': 0.0, 'R_int': 0.0, 'nopen': 0.0, 'nseg': 0.0, 'nfrac': 0.0, 'dead': 0.0, 'D': nan, 'ttf': 251.3148, 'sec': 0.3285}
C {'M': 1000, 's': 0.01, 'lam': 0.03, 'R': 20, 'sv': None, 'mode': 'hard', 'U_del': 0.35, 'reps': 3, 'ext_frac': 0.0, 'k_obs': 0.0288, 'R_int': 0.9611, 'nopen': 29.2435, 'nseg': 29.2435, 'nfrac': 0.5716, 'dead': 0.4286, 'D': 19.7478, 'ttf': 917.4126, 'sec': 4.1407}
C {'M': 1000, 's': 0.01, 'lam': 0.03, 'R': 20, 'sv': None, 'mode': 'hard', 'U_del': 2.2, 'reps': 3, 'ext_frac': 0.0, 'k_obs': 0.0295, 'R_int': 0.9833, 'nopen': 15.3315, 'nseg': 15.3315, 'nfrac': 0.096, 'dead': 0.904, 'D': 79.9124, 'ttf': 461.2325, 'sec': 3.2808}
C {'M': 1000, 's': 0.01, 'lam': 0.03, 'R': 5, 'sv': None, 'mode': 'hard', 'U_del': 0.35, 'reps': 3, 'ext_frac': 0.0, 'k_obs': 0.0307, 'R_int': 1.0222, 'nopen': 31.9233, 'nseg': 31.9233, 'nfrac': 0.5636, 'dead': 0.4362, 'D': 19.7013, 'ttf': 858.3541, 'sec': 4.808}
C {'M': 1000, 's': 0.01, 'lam': 0.03, 'R': 5, 'sv': None, 'mode': 'hard', 'U_del': 2.2, 'reps': 3, 'ext_frac': 1.0, 'k_obs': 0.0, 'R_int': 0.0, 'nopen': 0.0, 'nseg': 0.0, 'nfrac': 0.0, 'dead': 0.0, 'D': nan, 'ttf': nan, 'sec': 0.0744}
C {'M': 1000, 's': 0.01, 'lam': 0.03, 'R': 50, 'sv': None, 'mode': 'hard', 'U_del': 0.35, 'reps': 3, 'ext_frac': 0.0, 'k_obs': 0.0245, 'R_int': 0.8167, 'nopen': 23.7445, 'nseg': 23.7445, 'nfrac': 0.5943, 'dead': 0.4059, 'D': 22.4238, 'ttf': 837.6668, 'sec': 3.2808}
C {'M': 1000, 's': 0.01, 'lam': 0.03, 'R': 50, 'sv': None, 'mode': 'hard', 'U_del': 2.2, 'reps': 3, 'ext_frac': 0.0, 'k_obs': 0.0293, 'R_int': 0.9778, 'nopen': 16.3813, 'nseg': 16.3813, 'nfrac': 0.0972, 'dead': 0.9026, 'D': 81.1314, 'ttf': 464.595, 'sec': 2.5448}
C {'M': 1000, 's': 0.01, 'lam': 0.1, 'R': 10, 'sv': None, 'mode': 'hard', 'U_del': 0.35, 'reps': 3, 'ext_frac': 0.0, 'k_obs': 0.097, 'R_int': 0.97, 'nopen': 85.399, 'nseg': 85.399, 'nfrac': 0.3845, 'dead': 0.6153, 'D': 9.877, 'ttf': 804.7978, 'sec': 6.7817}
C {'M': 1000, 's': 0.01, 'lam': 0.1, 'R': 10, 'sv': None, 'mode': 'hard', 'U_del': 2.2, 'reps': 3, 'ext_frac': 1.0, 'k_obs': 0.0, 'R_int': 0.0, 'nopen': 0.0, 'nseg': 0.0, 'nfrac': 0.0, 'dead': 0.0, 'D': nan, 'ttf': 182.25, 'sec': 0.1723}
C {'M': 1000, 's': 0.01, 'lam': 0.1, 'R': 20, 'sv': None, 'mode': 'hard', 'U_del': 0.35, 'reps': 3, 'ext_frac': 0.0, 'k_obs': 0.095, 'R_int': 0.95, 'nopen': 83.493, 'nseg': 83.493, 'nfrac': 0.3907, 'dead': 0.6094, 'D': 9.9353, 'ttf': 804.3639, 'sec': 7.1734}
C {'M': 1000, 's': 0.01, 'lam': 0.1, 'R': 20, 'sv': None, 'mode': 'hard', 'U_del': 2.2, 'reps': 3, 'ext_frac': 0.3333, 'k_obs': 0.0967, 'R_int': 0.9667, 'nopen': 43.09, 'nseg': 43.09, 'nfrac': 0.0524, 'dead': 0.9222, 'D': 25.4674, 'ttf': 406.7164, 'sec': 3.8541}
C {'M': 1000, 's': 0.01, 'lam': 0.1, 'R': 5, 'sv': None, 'mode': 'hard', 'U_del': 0.35, 'reps': 3, 'ext_frac': 0.0, 'k_obs': 0.1065, 'R_int': 1.065, 'nopen': 90.8103, 'nseg': 90.8103, 'nfrac': 0.3707, 'dead': 0.6291, 'D': 9.3376, 'ttf': 797.1936, 'sec': 7.2187}
C {'M': 1000, 's': 0.01, 'lam': 0.1, 'R': 5, 'sv': None, 'mode': 'hard', 'U_del': 2.2, 'reps': 3, 'ext_frac': 1.0, 'k_obs': 0.0, 'R_int': 0.0, 'nopen': 0.0, 'nseg': 0.0, 'nfrac': 0.0, 'dead': 0.0, 'D': nan, 'ttf': nan, 'sec': 0.0834}
C {'M': 1000, 's': 0.01, 'lam': 0.1, 'R': 50, 'sv': None, 'mode': 'hard', 'U_del': 0.35, 'reps': 3, 'ext_frac': 0.0, 'k_obs': 0.0975, 'R_int': 0.975, 'nopen': 89.1705, 'nseg': 89.1705, 'nfrac': 0.3716, 'dead': 0.6282, 'D': 10.1689, 'ttf': 831.087, 'sec': 7.0404}
C {'M': 1000, 's': 0.01, 'lam': 0.1, 'R': 50, 'sv': None, 'mode': 'hard', 'U_del': 2.2, 'reps': 3, 'ext_frac': 0.0, 'k_obs': 0.0967, 'R_int': 0.9667, 'nopen': 40.9608, 'nseg': 40.9608, 'nfrac': 0.0805, 'dead': 0.9194, 'D': 26.2145, 'ttf': 399.0159, 'sec': 3.7458}
stage D jobs 48 elapsed 499.4114761352539
D {'M': 1000, 's': 0.01, 'lam': 0.0033, 'R': 1.3, 'sv': None, 'mode': 'hard', 'U_del': 0.0, 'reps': 3, 'ext_frac': 0.0, 'k_obs': 0.0024, 'R_int': 0.7273, 'nopen': 2.2681, 'nseg': 2.2681, 'nfrac': 0.9868, 'dead': 0.0132, 'D': 5.5329, 'ttf': 1063.1567, 'sec': 0.9482}
D {'M': 1000, 's': 0.01, 'lam': 0.0033, 'R': 1.6, 'sv': None, 'mode': 'hard', 'U_del': 0.0, 'reps': 3, 'ext_frac': 0.0, 'k_obs': 0.0036, 'R_int': 1.0909, 'nopen': 3.7988, 'nseg': 3.7988, 'nfrac': 0.9736, 'dead': 0.0264, 'D': 7.4564, 'ttf': 986.0909, 'sec': 1.0908}
D {'M': 1000, 's': 0.01, 'lam': 0.01, 'R': 1.3, 'sv': None, 'mode': 'hard', 'U_del': 0.0, 'reps': 3, 'ext_frac': 0.0, 'k_obs': 0.0095, 'R_int': 0.9467, 'nopen': 11.154, 'nseg': 11.154, 'nfrac': 0.9247, 'dead': 0.0752, 'D': 8.3098, 'ttf': 1066.0661, 'sec': 1.5507}
D {'M': 1000, 's': 0.01, 'lam': 0.01, 'R': 1.6, 'sv': None, 'mode': 'hard', 'U_del': 0.0, 'reps': 3, 'ext_frac': 0.0, 'k_obs': 0.0097, 'R_int': 0.9733, 'nopen': 10.5493, 'nseg': 10.5493, 'nfrac': 0.9327, 'dead': 0.0671, 'D': 7.2176, 'ttf': 972.2827, 'sec': 1.3784}
D {'M': 1000, 's': 0.01, 'lam': 0.03, 'R': 1.3, 'sv': None, 'mode': 'hard', 'U_del': 0.0, 'reps': 3, 'ext_frac': 0.0, 'k_obs': 0.0288, 'R_int': 0.96, 'nopen': 29.6131, 'nseg': 29.6131, 'nfrac': 0.775, 'dead': 0.1854, 'D': 7.1348, 'ttf': 928.8328, 'sec': 2.3375}
D {'M': 1000, 's': 0.01, 'lam': 0.03, 'R': 1.6, 'sv': None, 'mode': 'hard', 'U_del': 0.0, 'reps': 3, 'ext_frac': 0.0, 'k_obs': 0.0279, 'R_int': 0.9289, 'nopen': 29.8867, 'nseg': 29.8867, 'nfrac': 0.8154, 'dead': 0.1847, 'D': 7.4501, 'ttf': 937.0979, 'sec': 2.398}
D {'M': 1000, 's': 0.01, 'lam': 0.06, 'R': 1.3, 'sv': None, 'mode': 'hard', 'U_del': 0.0, 'reps': 3, 'ext_frac': 1.0, 'k_obs': 0.0101, 'R_int': 0.1689, 'nopen': 12.4362, 'nseg': 12.4362, 'nfrac': 0.0, 'dead': 0.0738, 'D': 4.8705, 'ttf': 590.3515, 'sec': 0.7585}
D {'M': 1000, 's': 0.01, 'lam': 0.06, 'R': 1.6, 'sv': None, 'mode': 'hard', 'U_del': 0.0, 'reps': 3, 'ext_frac': 0.0, 'k_obs': 0.0595, 'R_int': 0.9911, 'nopen': 59.6371, 'nseg': 59.6371, 'nfrac': 0.6451, 'dead': 0.3386, 'D': 6.9634, 'ttf': 902.4356, 'sec': 4.1084}
D {'M': 4000, 's': 0.01, 'lam': 0.03, 'R': 10, 'sv': None, 'mode': 'hard', 'U_del': 0.0, 'reps': 2, 'ext_frac': 0.0, 'k_obs': 0.028, 'R_int': 0.9333, 'nopen': 38.4402, 'nseg': 38.4402, 'nfrac': 0.7745, 'dead': 0.2255, 'D': 9.1274, 'ttf': 1263.7682, 'sec': 7.4477}
D {'M': 4000, 's': 0.01, 'lam': 0.03, 'R': 2, 'sv': None, 'mode': 'hard', 'U_del': 0.0, 'reps': 2, 'ext_frac': 0.0, 'k_obs': 0.03, 'R_int': 1.0, 'nopen': 40.4117, 'nseg': 40.4117, 'nfrac': 0.7722, 'dead': 0.228, 'D': 8.6641, 'ttf': 1235.5488, 'sec': 7.5609}
D {'M': 4000, 's': 0.01, 'lam': 0.1, 'R': 10, 'sv': None, 'mode': 'hard', 'U_del': 0.0, 'reps': 2, 'ext_frac': 0.0, 'k_obs': 0.0965, 'R_int': 0.965, 'nopen': 119.8185, 'nseg': 119.8185, 'nfrac': 0.455, 'dead': 0.5449, 'D': 8.1668, 'ttf': 1154.9978, 'sec': 19.7746}
D {'M': 4000, 's': 0.01, 'lam': 0.1, 'R': 2, 'sv': None, 'mode': 'hard', 'U_del': 0.0, 'reps': 2, 'ext_frac': 0.5, 'k_obs': 0.0517, 'R_int': 0.5175, 'nopen': 49.916, 'nseg': 49.916, 'nfrac': 0.1914, 'dead': 0.2438, 'D': 6.4639, 'ttf': 905.2567, 'sec': 8.9415}
D {'M': 4000, 's': 0.01, 'lam': 0.2, 'R': 10, 'sv': None, 'mode': 'hard', 'U_del': 0.0, 'reps': 2, 'ext_frac': 0.0, 'k_obs': 0.198, 'R_int': 0.99, 'nopen': 216.1442, 'nseg': 216.1442, 'nfrac': 0.2277, 'dead': 0.772, 'D': 7.4883, 'ttf': 1003.3658, 'sec': 35.779}
D {'M': 4000, 's': 0.01, 'lam': 0.2, 'R': 2, 'sv': None, 'mode': 'hard', 'U_del': 0.0, 'reps': 2, 'ext_frac': 1.0, 'k_obs': 0.0, 'R_int': 0.0, 'nopen': 0.0, 'nseg': 0.0, 'nfrac': 0.0, 'dead': 0.0, 'D': nan, 'ttf': 366.3443, 'sec': 1.1573}
D {'M': 500, 's': 0.01, 'lam': 0.03, 'R': 10, 'sv': None, 'mode': 'hard', 'U_del': 0.0, 'reps': 2, 'ext_frac': 0.0, 'k_obs': 0.0274, 'R_int': 0.9133, 'nopen': 23.395, 'nseg': 23.395, 'nfrac': 0.8508, 'dead': 0.1495, 'D': 5.9477, 'ttf': 874.923, 'sec': 1.448}
D {'M': 500, 's': 0.01, 'lam': 0.03, 'R': 2, 'sv': None, 'mode': 'hard', 'U_del': 0.0, 'reps': 2, 'ext_frac': 0.0, 'k_obs': 0.0274, 'R_int': 0.9133, 'nopen': 25.767, 'nseg': 25.767, 'nfrac': 0.8311, 'dead': 0.1688, 'D': 6.7711, 'ttf': 885.6193, 'sec': 1.5868}
D {'M': 500, 's': 0.01, 'lam': 0.1, 'R': 10, 'sv': None, 'mode': 'hard', 'U_del': 0.0, 'reps': 2, 'ext_frac': 0.0, 'k_obs': 0.0966, 'R_int': 0.966, 'nopen': 79.184, 'nseg': 79.184, 'nfrac': 0.5632, 'dead': 0.4367, 'D': 5.9482, 'ttf': 764.9478, 'sec': 3.3617}
D {'M': 500, 's': 0.01, 'lam': 0.1, 'R': 2, 'sv': None, 'mode': 'hard', 'U_del': 0.0, 'reps': 2, 'ext_frac': 0.0, 'k_obs': 0.106, 'R_int': 1.06, 'nopen': 83.2016, 'nseg': 83.2016, 'nfrac': 0.5192, 'dead': 0.4555, 'D': 5.7466, 'ttf': 732.0514, 'sec': 3.0113}
D {'M': 500, 's': 0.01, 'lam': 0.2, 'R': 10, 'sv': None, 'mode': 'hard', 'U_del': 0.0, 'reps': 2, 'ext_frac': 0.0, 'k_obs': 0.1898, 'R_int': 0.949, 'nopen': 134.9554, 'nseg': 134.9554, 'nfrac': 0.3655, 'dead': 0.6342, 'D': 5.3098, 'ttf': 659.5332, 'sec': 4.7219}
D {'M': 500, 's': 0.01, 'lam': 0.2, 'R': 2, 'sv': None, 'mode': 'hard', 'U_del': 0.0, 'reps': 2, 'ext_frac': 1.0, 'k_obs': 0.0, 'R_int': 0.0, 'nopen': 0.0, 'nseg': 0.0, 'nfrac': 0.0, 'dead': 0.0, 'D': nan, 'ttf': 343.375, 'sec': 0.2197}
