== stage L: hazard per cell (deaths/exposure), S(252k) [95% CI], D_alive, k/lam, N/K, t_ext
  R=1.1   s=0.01   K=1000   M=None  U=0.0  none x=0.15                 lam=0.00094 x=0.15 dead 0/8 h=0.00e+00 [0.0e+00,4.5e-06] S252k=1.000 [0.320,1.000] D=16.68 k/l=0.95 N/K=0.985 Ld=0.00 t_ext=[]
  R=1.1   s=0.01   K=1000   M=None  U=0.0  none x=0.3                  lam=0.00188 x=0.30 dead 2/8 h=2.68e-06 [3.2e-07,9.7e-06] S252k=0.509 [0.087,0.921] D=16.58 k/l=0.98 N/K=0.967 Ld=0.00 t_ext=[40418, 93181]
  R=1.1   s=0.01   K=1000   M=None  U=0.0  none x=0.45                 lam=0.00282 x=0.45 dead 8/8 h=4.15e-05 [1.8e-05,8.2e-05] S252k=0.000 [0.000,0.011] D=nan k/l=nan N/K=nan Ld=0.00 t_ext=[5162, 6752, 18683, 24850, 26324, 31598, 33279, 46293]
  R=1.1   s=0.01   K=1000   M=None  U=0.0  none x=0.6                  lam=0.00376 x=0.60 dead 8/8 h=2.24e-04 [9.7e-05,4.4e-04] S252k=0.000 [0.000,0.000] D=nan k/l=nan N/K=nan Ld=0.00 t_ext=[801, 1629, 1769, 2086, 3117, 3446, 4600, 18320]
  R=1.1   s=0.01   K=1000   M=None  U=0.0  none x=0.75                 lam=0.00470 x=0.75 dead 8/8 h=3.64e-04 [1.6e-04,7.2e-04] S252k=0.000 [0.000,0.000] D=nan k/l=nan N/K=nan Ld=0.00 t_ext=[820, 987, 1910, 1922, 2281, 2613, 4991, 6447]
  R=1.5   s=0.01   K=1000   M=None  U=0.0  none x=0.15                 lam=0.00400 x=0.15 dead 0/8 h=0.00e+00 [0.0e+00,4.5e-06] S252k=1.000 [0.320,1.000] D=16.32 k/l=1.01 N/K=0.937 Ld=0.00 t_ext=[]
  R=1.5   s=0.01   K=1000   M=None  U=0.0  none x=0.3                  lam=0.00800 x=0.30 dead 0/8 h=0.00e+00 [0.0e+00,4.5e-06] S252k=1.000 [0.320,1.000] D=16.17 k/l=1.03 N/K=0.877 Ld=0.00 t_ext=[]
  R=1.5   s=0.01   K=1000   M=None  U=0.0  none x=0.45                 lam=0.01200 x=0.45 dead 0/8 h=0.00e+00 [0.0e+00,4.5e-06] S252k=1.000 [0.320,1.000] D=16.13 k/l=1.00 N/K=0.825 Ld=0.00 t_ext=[]
  R=1.5   s=0.01   K=1000   M=None  U=0.0  none x=0.6                  lam=0.01600 x=0.60 dead 6/8 h=1.43e-05 [5.3e-06,3.1e-05] S252k=0.027 [0.000,0.265] D=15.87 k/l=0.99 N/K=0.778 Ld=0.00 t_ext=[10027, 10905, 13121, 14970, 63603, 101738]
  R=1.5   s=0.01   K=1000   M=None  U=0.0  none x=0.75                 lam=0.02000 x=0.75 dead 8/8 h=1.36e-04 [5.9e-05,2.7e-04] S252k=0.000 [0.000,0.000] D=nan k/l=nan N/K=nan Ld=0.00 t_ext=[1436, 1967, 3337, 4680, 5562, 7822, 16944, 16975]
  R=2.0   s=0.01   K=1000   M=None  U=0.0  none x=0.3                  lam=0.01368 x=0.30 dead 0/8 h=0.00e+00 [0.0e+00,4.5e-06] S252k=1.000 [0.320,1.000] D=16.03 k/l=0.99 N/K=0.806 Ld=0.00 t_ext=[]
  R=2.0   s=0.01   K=1000   M=None  U=0.0  none x=0.45                 lam=0.02052 x=0.45 dead 0/8 h=0.00e+00 [0.0e+00,4.5e-06] S252k=1.000 [0.320,1.000] D=15.81 k/l=0.99 N/K=0.726 Ld=0.00 t_ext=[]
  R=2.0   s=0.01   K=1000   M=None  U=0.0  none x=0.6                  lam=0.02736 x=0.60 dead 3/8 h=4.40e-06 [9.1e-07,1.3e-05] S252k=0.330 [0.039,0.795] D=15.55 k/l=1.01 N/K=0.652 Ld=0.00 t_ext=[35988, 67340, 67757]
  R=2.0   s=0.01   K=1000   M=None  U=0.0  none x=0.75                 lam=0.03420 x=0.75 dead 8/8 h=4.56e-05 [2.0e-05,9.0e-05] S252k=0.000 [0.000,0.007] D=nan k/l=nan N/K=nan Ld=0.00 t_ext=[1372, 11925, 13444, 20869, 23366, 27336, 36565, 40556]
  R=3.0   s=0.01   K=1000   M=None  U=0.0  none x=0.3                  lam=0.02168 x=0.30 dead 0/8 h=0.00e+00 [0.0e+00,4.5e-06] S252k=1.000 [0.320,1.000] D=15.69 k/l=1.01 N/K=0.712 Ld=0.00 t_ext=[]
  R=3.0   s=0.01   K=1000   M=None  U=0.0  none x=0.45                 lam=0.03252 x=0.45 dead 0/8 h=0.00e+00 [0.0e+00,4.5e-06] S252k=1.000 [0.320,1.000] D=15.41 k/l=1.00 N/K=0.608 Ld=0.00 t_ext=[]
  R=3.0   s=0.01   K=1000   M=None  U=0.0  none x=0.6                  lam=0.04336 x=0.60 dead 0/8 h=0.00e+00 [0.0e+00,4.5e-06] S252k=1.000 [0.320,1.000] D=15.12 k/l=1.00 N/K=0.521 Ld=0.00 t_ext=[]
  R=3.0   s=0.01   K=1000   M=None  U=0.0  none x=0.75                 lam=0.05420 x=0.75 dead 5/8 h=1.03e-05 [3.3e-06,2.4e-05] S252k=0.075 [0.002,0.432] D=14.73 k/l=1.00 N/K=0.452 Ld=0.00 t_ext=[17758, 21214, 36467, 41344, 64792]
== stage W: hazard per cell (deaths/exposure), S(252k) [95% CI], D_alive, k/lam, N/K, t_ext
  R=1.1   s=0.003  K=1000   M=None  U=0.0  none x=0.5                  lam=0.00313 x=0.50 dead 0/6 h=0.00e+00 [0.0e+00,1.1e-05] S252k=1.000 [0.063,1.000] D=15.95 k/l=0.96 N/K=0.953 Ld=0.00 t_ext=[]
  R=1.1   s=0.003  K=1000   M=None  U=0.0  none x=0.75                 lam=0.00470 x=0.75 dead 5/6 h=2.85e-05 [9.3e-06,6.7e-05] S252k=0.001 [0.000,0.097] D=15.43 k/l=0.91 N/K=0.924 Ld=0.00 t_ext=[7318, 16699, 18842, 28846, 47448]
  R=1.1   s=0.003  K=1000   M=None  U=0.0  none x=1.0                  lam=0.00627 x=1.00 dead 6/6 h=8.48e-05 [3.1e-05,1.8e-04] S252k=0.000 [0.000,0.000] D=nan k/l=nan N/K=nan Ld=0.00 t_ext=[3541, 6427, 6738, 14552, 16708, 22816]
  R=1.1   s=0.003  K=1000   M=None  U=0.0  none x=1.25                 lam=0.00784 x=1.25 dead 6/6 h=1.16e-04 [4.3e-05,2.5e-04] S252k=0.000 [0.000,0.000] D=nan k/l=nan N/K=nan Ld=0.00 t_ext=[2176, 3354, 4524, 12068, 13863, 15555]
  R=2.0   s=0.003  K=1000   M=None  U=0.0  none x=0.5                  lam=0.02280 x=0.50 dead 0/6 h=0.00e+00 [0.0e+00,1.1e-05] S252k=1.000 [0.063,1.000] D=15.60 k/l=0.99 N/K=0.704 Ld=0.00 t_ext=[]
  R=2.0   s=0.003  K=1000   M=None  U=0.0  none x=0.75                 lam=0.03420 x=0.75 dead 0/6 h=0.00e+00 [0.0e+00,1.1e-05] S252k=1.000 [0.063,1.000] D=15.30 k/l=1.00 N/K=0.594 Ld=0.00 t_ext=[]
  R=2.0   s=0.003  K=1000   M=None  U=0.0  none x=1.0                  lam=0.04560 x=1.00 dead 5/6 h=3.08e-05 [1.0e-05,7.2e-05] S252k=0.000 [0.000,0.080] D=14.08 k/l=0.97 N/K=0.523 Ld=0.00 t_ext=[3713, 9167, 19756, 32768, 40898]
  R=2.0   s=0.003  K=1000   M=None  U=0.0  none x=1.25                 lam=0.05700 x=1.25 dead 6/6 h=1.53e-04 [5.6e-05,3.3e-04] S252k=0.000 [0.000,0.000] D=nan k/l=nan N/K=nan Ld=0.00 t_ext=[3374, 3634, 4356, 5548, 5867, 16488]
== stage X: hazard per cell (deaths/exposure), S(252k) [95% CI], D_alive, k/lam, N/K, t_ext
  R=1.1   s=0.001  K=1000   M=None  U=0.0  none x=0.75                 lam=0.00470 x=0.75 dead 0/4 h=0.00e+00 [0.0e+00,2.0e-05] S252k=1.000 [0.006,1.000] D=15.32 k/l=1.05 N/K=0.923 Ld=0.00 t_ext=[]
  R=1.1   s=0.001  K=1000   M=None  U=0.0  none x=1.0                  lam=0.00627 x=1.00 dead 0/4 h=0.00e+00 [0.0e+00,2.0e-05] S252k=1.000 [0.006,1.000] D=13.60 k/l=1.00 N/K=0.868 Ld=0.00 t_ext=[]
  R=1.1   s=0.001  K=1000   M=None  U=0.0  none x=1.25                 lam=0.00784 x=1.25 dead 0/4 h=0.00e+00 [0.0e+00,2.0e-05] S252k=1.000 [0.006,1.000] D=11.39 k/l=1.01 N/K=0.774 Ld=0.00 t_ext=[]
  R=2.0   s=0.001  K=1000   M=None  U=0.0  none x=0.75                 lam=0.03420 x=0.75 dead 0/4 h=0.00e+00 [0.0e+00,2.0e-05] S252k=1.000 [0.006,1.000] D=13.32 k/l=0.99 N/K=0.637 Ld=0.00 t_ext=[]
  R=2.0   s=0.001  K=1000   M=None  U=0.0  none x=1.0                  lam=0.04560 x=1.00 dead 0/4 h=0.00e+00 [0.0e+00,2.0e-05] S252k=1.000 [0.006,1.000] D=12.95 k/l=0.98 N/K=0.561 Ld=0.00 t_ext=[]
  R=2.0   s=0.001  K=1000   M=None  U=0.0  none x=1.25                 lam=0.05700 x=1.25 dead 0/4 h=0.00e+00 [0.0e+00,2.0e-05] S252k=1.000 [0.006,1.000] D=11.81 k/l=0.99 N/K=0.496 Ld=0.00 t_ext=[]
== stage M: hazard per cell (deaths/exposure), S(252k) [95% CI], D_alive, k/lam, N/K, t_ext
  R=1.1   s=0.01   K=1000   M=0.01  U=0.0  none M=0.01 xg=0.25         lam=0.00032 x=0.05 dead 3/8 h=1.94e-05 [4.0e-06,5.7e-05] S252k=0.007 [0.000,0.364] D=119.59 k/l=0.54 N/K=0.981 Ld=0.00 t_ext=[9680, 14059, 15669]
  R=1.1   s=0.01   K=1000   M=0.01  U=0.0  none M=0.01 xg=0.5          lam=0.00063 x=0.10 dead 7/8 h=6.63e-05 [2.7e-05,1.4e-04] S252k=0.000 [0.000,0.001] D=99.09 k/l=0.95 N/K=0.942 Ld=0.00 t_ext=[3992, 8788, 10325, 11915, 13672, 15007, 18861]
  R=1.1   s=0.01   K=1000   M=0.01  U=0.0  none M=0.01 xg=1.0          lam=0.00127 x=0.20 dead 8/8 h=1.86e-04 [8.0e-05,3.7e-04] S252k=0.000 [0.000,0.000] D=nan k/l=nan N/K=nan Ld=0.00 t_ext=[2185, 4018, 4382, 4520, 5411, 5988, 6917, 9500]
  R=1.5   s=0.01   K=1000   M=0.01  U=0.0  none M=0.01 xg=0.25         lam=0.00135 x=0.05 dead 0/8 h=0.00e+00 [0.0e+00,2.0e-05] S252k=1.000 [0.006,1.000] D=135.39 k/l=0.83 N/K=0.861 Ld=0.00 t_ext=[]
  R=1.5   s=0.01   K=1000   M=0.01  U=0.0  none M=0.01 xg=0.5          lam=0.00270 x=0.10 dead 7/8 h=6.00e-05 [2.4e-05,1.2e-04] S252k=0.000 [0.000,0.002] D=147.07 k/l=0.69 N/K=0.764 Ld=0.00 t_ext=[5723, 7156, 9033, 13327, 17854, 19880, 20737]
  R=1.5   s=0.01   K=1000   M=0.01  U=0.0  none M=0.01 xg=1.0          lam=0.00539 x=0.20 dead 8/8 h=1.79e-04 [7.7e-05,3.5e-04] S252k=0.000 [0.000,0.000] D=nan k/l=nan N/K=nan Ld=0.00 t_ext=[2809, 2880, 4748, 5164, 5779, 6590, 6956, 9648]
  R=2.0   s=0.01   K=1000   M=0.01  U=0.0  none M=0.01 xg=0.25         lam=0.00230 x=0.05 dead 0/8 h=0.00e+00 [0.0e+00,2.0e-05] S252k=1.000 [0.006,1.000] D=163.36 k/l=0.75 N/K=0.763 Ld=0.00 t_ext=[]
  R=2.0   s=0.01   K=1000   M=0.01  U=0.0  none M=0.01 xg=0.5          lam=0.00461 x=0.10 dead 8/8 h=6.44e-05 [2.8e-05,1.3e-04] S252k=0.000 [0.000,0.001] D=nan k/l=nan N/K=nan Ld=0.00 t_ext=[10505, 14034, 14059, 14082, 14794, 16750, 19628, 20427]
  R=2.0   s=0.01   K=1000   M=0.01  U=0.0  none M=0.01 xg=1.0          lam=0.00922 x=0.20 dead 8/8 h=1.89e-04 [8.2e-05,3.7e-04] S252k=0.000 [0.000,0.000] D=nan k/l=nan N/K=nan Ld=0.00 t_ext=[3691, 3918, 5044, 5402, 5502, 5713, 6041, 6988]
  R=1.1   s=0.01   K=1000   M=0.03  U=0.0  none M=0.03 xg=0.25         lam=0.00068 x=0.11 dead 3/8 h=1.85e-05 [3.8e-06,5.4e-05] S252k=0.009 [0.000,0.382] D=44.06 k/l=0.89 N/K=0.974 Ld=0.00 t_ext=[6178, 19021, 21978]
  R=1.1   s=0.01   K=1000   M=0.03  U=0.0  none M=0.03 xg=0.5          lam=0.00135 x=0.22 dead 7/8 h=1.06e-04 [4.2e-05,2.2e-04] S252k=0.000 [0.000,0.000] D=38.81 k/l=0.85 N/K=0.957 Ld=0.00 t_ext=[2735, 3218, 4548, 4585, 7374, 9842, 10951]
  R=1.1   s=0.01   K=1000   M=0.03  U=0.0  none M=0.03 xg=1.0          lam=0.00271 x=0.43 dead 8/8 h=3.15e-04 [1.4e-04,6.2e-04] S252k=0.000 [0.000,0.000] D=nan k/l=nan N/K=nan Ld=0.00 t_ext=[1704, 1894, 2437, 2700, 2940, 4395, 4492, 4863]
  R=1.5   s=0.01   K=1000   M=0.03  U=0.0  none M=0.03 xg=0.25         lam=0.00288 x=0.11 dead 0/8 h=0.00e+00 [0.0e+00,2.0e-05] S252k=1.000 [0.006,1.000] D=46.48 k/l=0.95 N/K=0.881 Ld=0.00 t_ext=[]
  R=1.5   s=0.01   K=1000   M=0.03  U=0.0  none M=0.03 xg=0.5          lam=0.00576 x=0.22 dead 5/8 h=3.67e-05 [1.2e-05,8.6e-05] S252k=0.000 [0.000,0.050] D=47.91 k/l=0.87 N/K=0.788 Ld=0.00 t_ext=[8009, 8901, 15618, 15867, 18984]
  R=1.5   s=0.01   K=1000   M=0.03  U=0.0  none M=0.03 xg=1.0          lam=0.01152 x=0.43 dead 8/8 h=3.81e-04 [1.6e-04,7.5e-04] S252k=0.000 [0.000,0.000] D=nan k/l=nan N/K=nan Ld=0.00 t_ext=[1804, 2113, 2345, 2356, 2494, 2804, 3155, 3923]
  R=2.0   s=0.01   K=1000   M=0.03  U=0.0  none M=0.03 xg=0.25         lam=0.00492 x=0.11 dead 0/8 h=0.00e+00 [0.0e+00,2.0e-05] S252k=1.000 [0.006,1.000] D=51.88 k/l=0.96 N/K=0.785 Ld=0.00 t_ext=[]
  R=2.0   s=0.01   K=1000   M=0.03  U=0.0  none M=0.03 xg=0.5          lam=0.00985 x=0.22 dead 8/8 h=1.04e-04 [4.5e-05,2.0e-04] S252k=0.000 [0.000,0.000] D=nan k/l=nan N/K=nan Ld=0.00 t_ext=[5229, 5774, 7472, 7672, 9204, 11824, 13256, 16605]
  R=2.0   s=0.01   K=1000   M=0.03  U=0.0  none M=0.03 xg=1.0          lam=0.01969 x=0.43 dead 8/8 h=3.83e-04 [1.7e-04,7.5e-04] S252k=0.000 [0.000,0.000] D=nan k/l=nan N/K=nan Ld=0.00 t_ext=[2062, 2250, 2399, 2539, 2661, 2772, 2774, 3428]
  R=1.1   s=0.01   K=1000   M=0.3   U=0.0  none M=0.3 xg=0.25          lam=0.00139 x=0.22 dead 0/8 h=0.00e+00 [0.0e+00,2.0e-05] S252k=1.000 [0.006,1.000] D=10.45 k/l=0.97 N/K=0.986 Ld=0.00 t_ext=[]
  R=1.1   s=0.01   K=1000   M=0.3   U=0.0  none M=0.3 xg=0.5           lam=0.00277 x=0.44 dead 2/8 h=1.24e-05 [1.5e-06,4.5e-05] S252k=0.044 [0.000,0.685] D=11.15 k/l=0.94 N/K=0.965 Ld=0.00 t_ext=[6434, 17205]
  R=1.1   s=0.01   K=1000   M=0.3   U=0.0  none M=0.3 xg=1.0           lam=0.00554 x=0.88 dead 8/8 h=2.56e-04 [1.1e-04,5.1e-04] S252k=0.000 [0.000,0.000] D=nan k/l=nan N/K=nan Ld=0.00 t_ext=[1226, 2028, 2104, 3140, 3707, 4742, 6427, 7809]
  R=1.5   s=0.01   K=1000   M=0.3   U=0.0  none M=0.3 xg=0.25          lam=0.00589 x=0.22 dead 0/8 h=0.00e+00 [0.0e+00,2.0e-05] S252k=1.000 [0.006,1.000] D=10.38 k/l=1.05 N/K=0.938 Ld=0.00 t_ext=[]
  R=1.5   s=0.01   K=1000   M=0.3   U=0.0  none M=0.3 xg=0.5           lam=0.01179 x=0.44 dead 0/8 h=0.00e+00 [0.0e+00,2.0e-05] S252k=1.000 [0.006,1.000] D=10.43 k/l=1.02 N/K=0.884 Ld=0.00 t_ext=[]
  R=1.5   s=0.01   K=1000   M=0.3   U=0.0  none M=0.3 xg=1.0           lam=0.02357 x=0.88 dead 7/8 h=6.77e-05 [2.7e-05,1.4e-04] S252k=0.000 [0.000,0.001] D=10.95 k/l=0.92 N/K=0.790 Ld=0.00 t_ext=[1470, 4568, 8278, 15400, 15600, 16405, 18698]
  R=2.0   s=0.01   K=1000   M=0.3   U=0.0  none M=0.3 xg=0.25          lam=0.01007 x=0.22 dead 0/8 h=0.00e+00 [0.0e+00,2.0e-05] S252k=1.000 [0.006,1.000] D=10.71 k/l=1.02 N/K=0.897 Ld=0.00 t_ext=[]
  R=2.0   s=0.01   K=1000   M=0.3   U=0.0  none M=0.3 xg=0.5           lam=0.02015 x=0.44 dead 0/8 h=0.00e+00 [0.0e+00,2.0e-05] S252k=1.000 [0.006,1.000] D=11.04 k/l=1.00 N/K=0.802 Ld=0.00 t_ext=[]
  R=2.0   s=0.01   K=1000   M=0.3   U=0.0  none M=0.3 xg=1.0           lam=0.04030 x=0.88 dead 6/8 h=6.10e-05 [2.2e-05,1.3e-04] S252k=0.000 [0.000,0.004] D=11.65 k/l=1.00 N/K=0.627 Ld=0.00 t_ext=[1870, 3517, 7619, 8576, 13626, 17188]
== stage H: hazard per cell (deaths/exposure), S(252k) [95% CI], D_alive, k/lam, N/K, t_ext
  R=10.0  s=0.01   K=4000   M=None  U=2.2  hard U=2.2 K=4000 xh=0.0    lam=0.00000 x=0.00 dead 4/4 h=3.37e-03 [9.2e-04,8.6e-03] S252k=0.000 [0.000,0.000] D=nan k/l=nan N/K=nan Ld=0.00 t_ext=[152, 186, 406, 438]
  R=10.0  s=0.01   K=4000   M=None  U=2.2  hard U=2.2 K=4000 xh=0.5    lam=0.00285 x=0.50 dead 4/4 h=3.48e-03 [9.5e-04,8.9e-03] S252k=0.000 [0.000,0.000] D=nan k/l=nan N/K=nan Ld=0.00 t_ext=[134, 260, 326, 427]
  R=20.0  s=0.01   K=4000   M=None  U=2.2  hard U=2.2 K=4000 xh=0.0    lam=0.00000 x=0.00 dead 0/4 h=0.00e+00 [0.0e+00,2.3e-04] S252k=1.000 [0.000,1.000] D=nan k/l=nan N/K=0.101 Ld=2.29 t_ext=[]
  R=20.0  s=0.01   K=4000   M=None  U=2.2  hard U=2.2 K=4000 xh=0.5    lam=0.02214 x=0.50 dead 0/4 h=0.00e+00 [0.0e+00,2.3e-04] S252k=1.000 [0.000,1.000] D=13.69 k/l=1.02 N/K=0.073 Ld=2.32 t_ext=[]
  R=20.0  s=0.01   K=10000  M=None  U=2.2  hard U=2.2 K=10000 xh=0.0   lam=0.00000 x=0.00 dead 0/3 h=0.00e+00 [0.0e+00,3.1e-04] S252k=1.000 [0.000,1.000] D=nan k/l=nan N/K=0.107 Ld=2.23 t_ext=[]
  R=20.0  s=0.01   K=10000  M=None  U=2.2  hard U=2.2 K=10000 xh=0.5   lam=0.02009 x=0.50 dead 0/3 h=0.00e+00 [0.0e+00,3.1e-04] S252k=1.000 [0.000,1.000] D=17.42 k/l=0.82 N/K=0.080 Ld=2.24 t_ext=[]
  R=1.5   s=0.01   K=4000   M=None  U=0.35 hard U=0.35 K=4000 xh=0.0   lam=0.00000 x=0.00 dead 0/4 h=0.00e+00 [0.0e+00,1.2e-04] S252k=1.000 [0.000,1.000] D=nan k/l=nan N/K=0.703 Ld=0.35 t_ext=[]
  R=1.5   s=0.01   K=4000   M=None  U=0.35 hard U=0.35 K=4000 xh=0.5   lam=0.00154 x=0.50 dead 3/4 h=1.69e-04 [3.5e-05,4.9e-04] S252k=0.000 [0.000,0.000] D=20.80 k/l=0.65 N/K=0.688 Ld=0.35 t_ext=[2432, 2563, 5266]
  R=2.0   s=0.01   K=4000   M=None  U=0.35 hard U=0.35 K=4000 xh=0.0   lam=0.00000 x=0.00 dead 0/4 h=0.00e+00 [0.0e+00,1.2e-04] S252k=1.000 [0.000,1.000] D=nan k/l=nan N/K=0.704 Ld=0.35 t_ext=[]
  R=2.0   s=0.01   K=4000   M=None  U=0.35 hard U=0.35 K=4000 xh=0.5   lam=0.00955 x=0.50 dead 0/4 h=0.00e+00 [0.0e+00,1.2e-04] S252k=1.000 [0.000,1.000] D=17.41 k/l=0.99 N/K=0.597 Ld=0.35 t_ext=[]

== long-run phi: x = lam/lam* at which S(252,000) = 0.5 under constant hazard (bracket = grid cells)
  stage L R=1.1 s=0.01: phi_252k = 0.301  bracket [0.30, 0.45]
  stage L R=1.5 s=0.01: phi_252k = 0.574  bracket [0.45, 0.60]
  stage L R=2.0 s=0.01: phi_252k = 0.592  bracket [0.45, 0.60]
  stage L R=3.0 s=0.01: phi_252k = 0.729  bracket [0.60, 0.75]
  stage W R=1.1 s=0.003: phi_252k = 0.693  bracket [0.50, 0.75]
  stage W R=2.0 s=0.003: phi_252k = 0.942  bracket [0.75, 1.00]
  stage X R=1.1 s=0.001: phi_252k = nan  bracket [1.25, inf]
  stage X R=2.0 s=0.001: phi_252k = nan  bracket [1.25, inf]
== long-run phi for T = 146,250
  stage L R=1.1 s=0.01: phi = 0.331  bracket [0.30, 0.45]
  stage L R=1.5 s=0.01: phi = 0.583  bracket [0.45, 0.60]
  stage L R=2.0 s=0.01: phi = 0.605  bracket [0.60, 0.75]
  stage L R=3.0 s=0.01: phi = 0.737  bracket [0.60, 0.75]
  stage W R=1.1 s=0.003: phi = 0.706  bracket [0.50, 0.75]
  stage W R=2.0 s=0.003: phi = 0.955  bracket [0.75, 1.00]
  stage X R=1.1 s=0.001: phi = nan  bracket [1.25, inf]
  stage X R=2.0 s=0.001: phi = nan  bracket [1.25, inf]
== long-run phi for T = 450,000
  stage L R=1.1 s=0.01: phi = 0.289  bracket [0.15, 0.30]
  stage L R=1.5 s=0.01: phi = 0.565  bracket [0.45, 0.60]
  stage L R=2.0 s=0.01: phi = 0.581  bracket [0.45, 0.60]
  stage L R=3.0 s=0.01: phi = 0.719  bracket [0.60, 0.75]
  stage W R=1.1 s=0.003: phi = 0.679  bracket [0.50, 0.75]
  stage W R=2.0 s=0.003: phi = 0.928  bracket [0.75, 1.00]
  stage X R=1.1 s=0.001: phi = nan  bracket [1.25, inf]
  stage X R=2.0 s=0.001: phi = nan  bracket [1.25, inf]

== R_min = smallest R with phi_T(R) ln R >= D K_a / T (s = 0.01, stage L; phi held at phi(3) beyond R = 3; phi(R) linear in ln R; soft load)
  T=146250 D=5: K_a=1e+03: 1.11  K_a=3e+03: 1.26  K_a=1e+04: 1.78  K_a=1e+05: 103  K_a=1e+06: inf
  T=146250 D=10: K_a=1e+03: 1.19  K_a=3e+03: 1.45  K_a=1e+04: 2.66  K_a=1e+05: 1.06e+04  K_a=1e+06: inf
  T=146250 D=20: K_a=1e+03: 1.33  K_a=3e+03: 1.97  K_a=1e+04: 6.39  K_a=1e+05: 1.13e+08  K_a=1e+06: inf
  T=146250 D=30: K_a=1e+03: 1.45  K_a=3e+03: 2.49  K_a=1e+04: 16.1  K_a=1e+05: inf  K_a=1e+06: inf
    phi_T(R) points used: [(1.1, 0.331), (1.5, 0.583), (2.0, 0.605), (3.0, 0.737)]
  T=252000 D=5: K_a=1e+03: 1.07  K_a=3e+03: 1.18  K_a=1e+04: 1.45  K_a=1e+05: 15.2  K_a=1e+06: 6.7e+11
  T=252000 D=10: K_a=1e+03: 1.13  K_a=3e+03: 1.31  K_a=1e+04: 1.96  K_a=1e+05: 232  K_a=1e+06: inf
  T=252000 D=20: K_a=1e+03: 1.22  K_a=3e+03: 1.52  K_a=1e+04: 2.98  K_a=1e+05: 5.38e+04  K_a=1e+06: inf
  T=252000 D=30: K_a=1e+03: 1.31  K_a=3e+03: 1.84  K_a=1e+04: 5.13  K_a=1e+05: 1.25e+07  K_a=1e+06: inf
    phi_T(R) points used: [(1.1, 0.301), (1.5, 0.574), (2.0, 0.592), (3.0, 0.729)]
  T=450000 D=5: K_a=1e+03: 1.04  K_a=3e+03: 1.12  K_a=1e+04: 1.29  K_a=1e+05: 4.69  K_a=1e+06: 5.12e+06
  T=450000 D=10: K_a=1e+03: 1.08  K_a=3e+03: 1.2  K_a=1e+04: 1.49  K_a=1e+05: 22  K_a=1e+06: inf
  T=450000 D=20: K_a=1e+03: 1.15  K_a=3e+03: 1.34  K_a=1e+04: 2.1  K_a=1e+05: 483  K_a=1e+06: inf
  T=450000 D=30: K_a=1e+03: 1.2  K_a=3e+03: 1.45  K_a=1e+04: 2.67  K_a=1e+05: 1.06e+04  K_a=1e+06: inf
    phi_T(R) points used: [(1.1, 0.289), (1.5, 0.565), (2.0, 0.581), (3.0, 0.719)]
