stage link load U K s M R | lam50 [bracket] lam* phi=lam50/lam* | lam50 x 300 | points (lam:persist)
A free  none  0.0  1000  0.01 None R=1.05  | 0.00120 [0.00080,0.00160] 0.00321 phi=0.38 | 0.36 | 0.0008:1.00 0.0016:0.00 0.0024:0.12 0.0032:0.00 0.0033:0.00 0.0040:0.00 0.0296:0.00
A free  none  0.0  1000  0.01 None R=1.1   | 0.00333 [0.00333,0.00470] 0.00627 phi=0.53 | 1.00 | 0.0016:1.00 0.0031:0.62 0.0033:0.50 0.0047:0.12 0.0063:0.00 0.0078:0.00 0.0296:0.00
A free  none  0.0  1000  0.01 None R=1.2   | 0.00750 [0.00600,0.00900] 0.01199 phi=0.62 | 2.25 | 0.0030:1.00 0.0033:1.00 0.0060:1.00 0.0090:0.00 0.0120:0.00 0.0150:0.00 0.0296:0.00
A free  none  0.0  1000  0.01 None R=1.5   | 0.01834 [0.01334,0.02000] 0.02667 phi=0.69 | 5.50 | 0.0033:1.00 0.0067:1.00 0.0133:0.88 0.0200:0.38 0.0267:0.00 0.0296:0.00 0.0333:0.00
A free  none  0.0  1000  0.01 None R=2.0   | 0.03648 [0.03420,0.04560] 0.04560 phi=0.80 | 10.94 | 0.0033:1.00 0.0114:1.00 0.0228:1.00 0.0296:1.00 0.0342:0.62 0.0456:0.00 0.0570:0.00
A free  none  0.0  1000  0.01 None R=3.0   | 0.06194 [0.05420,0.07227] 0.07227 phi=0.86 | 18.58 | 0.0033:1.00 0.0181:1.00 0.0296:1.00 0.0361:1.00 0.0542:0.88 0.0723:0.00 0.0903:0.00
A map36 none  0.0  1000  0.01 None R=1.05  | 0.00128 [0.00080,0.00160] 0.00321 phi=0.40 | 0.39 | 0.0008:0.88 0.0016:0.25 0.0024:0.25 0.0032:0.00 0.0033:0.00 0.0040:0.00 0.0296:0.00
A map36 none  0.0  1000  0.01 None R=1.1   | 0.00333 [0.00333,0.00470] 0.00627 phi=0.53 | 1.00 | 0.0016:1.00 0.0031:0.50 0.0033:0.50 0.0047:0.38 0.0063:0.00 0.0078:0.00 0.0296:0.00
A map36 none  0.0  1000  0.01 None R=1.2   | 0.00720 [0.00600,0.00900] 0.01199 phi=0.60 | 2.16 | 0.0030:1.00 0.0033:1.00 0.0060:0.75 0.0090:0.12 0.0120:0.00 0.0150:0.00 0.0296:0.00
A map36 none  0.0  1000  0.01 None R=1.5   | 0.01867 [0.01334,0.02000] 0.02667 phi=0.70 | 5.60 | 0.0033:1.00 0.0067:1.00 0.0133:1.00 0.0200:0.38 0.0267:0.00 0.0296:0.00 0.0333:0.00
A map36 none  0.0  1000  0.01 None R=2.0   | 0.03420 [0.03420,0.04560] 0.04560 phi=0.75 | 10.26 | 0.0033:1.00 0.0114:1.00 0.0228:1.00 0.0296:0.88 0.0342:0.50 0.0456:0.00 0.0570:0.00
A map36 none  0.0  1000  0.01 None R=3.0   | 0.06194 [0.05420,0.07227] 0.07227 phi=0.86 | 18.58 | 0.0033:1.00 0.0181:1.00 0.0296:1.00 0.0361:1.00 0.0542:0.88 0.0723:0.00 0.0903:0.00
B free  soft  2.2  1000  0.01 None R=1.5   | 0.02000 [0.01334,0.02667] 0.02667 phi=0.75 | 6.00 | 0.0133:1.00 0.0267:0.00
B map36 hard 0.35  1000  0.01 None R=1.2   | nan [0.00000,0.00050] -0.01103 phi=nan | nan | 0.0005:0.00
B map36 hard 0.35  1000  0.01 None R=1.5   | nan [0.00000,0.00182] 0.00365 phi=nan | nan | 0.0018:0.00 0.0036:0.00
B map36 hard 0.35  1000  0.01 None R=2.0   | 0.01693 [0.01129,0.02257] 0.02257 phi=0.75 | 5.08 | 0.0113:1.00 0.0226:0.00
B map36 hard 0.35  1000  0.01 None R=3.0   | 0.03693 [0.02462,0.04924] 0.04924 phi=0.75 | 11.08 | 0.0246:1.00 0.0492:0.00
B map36 hard  2.2  1000  0.01 None R=10.0  | nan [0.00000,0.00050] 0.00675 phi=nan | nan | 0.0005:0.00
B map36 hard  2.2  1000  0.01 None R=20.0  | nan [0.00000,0.00050] 0.05234 phi=nan | nan | 0.0005:0.00 0.0262:0.00 0.0523:0.00
B map36 hard  2.2  1000  0.01 None R=3.0   | nan [0.00000,0.00050] -0.07245 phi=nan | nan | 0.0005:0.00
B map36 soft  2.2  1000  0.01 None R=1.1   | 0.00313 [0.00313,0.00627] 0.00627 phi=0.50 | 0.94 | 0.0031:0.50 0.0063:0.00
B map36 soft  2.2  1000  0.01 None R=1.5   | 0.02000 [0.01334,0.02667] 0.02667 phi=0.75 | 6.00 | 0.0133:1.00 0.0267:0.00
B map36 soft  2.2  1000  0.01 None R=2.0   | 0.03420 [0.02280,0.04560] 0.04560 phi=0.75 | 10.26 | 0.0228:1.00 0.0456:0.00
B map36 soft  2.2  1000  0.01 None R=3.0   | 0.05420 [0.03613,0.07227] 0.07227 phi=0.75 | 16.26 | 0.0361:1.00 0.0723:0.00
B short soft  2.2  1000  0.01 None R=1.5   | 0.01778 [0.01334,0.02667] 0.02667 phi=0.67 | 5.33 | 0.0133:0.75 0.0267:0.00
C free  none  0.0  1000  0.01 0.1  R=1.1   | 0.00236 [0.00189,0.00378] 0.00378 phi=0.62 | 0.71 | 0.0019:0.67 0.0038:0.00
C free  none  0.0  1000  0.01 0.1  R=1.5   | 0.01287 [0.00804,0.01609] 0.01609 phi=0.80 | 3.86 | 0.0080:1.00 0.0161:0.17
C free  none  0.0  1000  0.01 1.0  R=1.1   | 0.00471 [0.00294,0.00588] 0.00588 phi=0.80 | 1.41 | 0.0029:1.00 0.0059:0.17
C free  none  0.0  1000  0.01 1.0  R=1.5   | nan [0.02503,inf] 0.02503 phi=nan | nan | 0.0125:1.00 0.0250:1.00
S free  none  0.0  1000  0.03 None R=1.1   | nan [0.00000,0.00313] 0.00627 phi=nan | nan | 0.0031:0.00 0.0063:0.00
S free  none  0.0  1000  0.03 None R=2.0   | nan [0.00000,0.02280] 0.04560 phi=nan | nan | 0.0228:0.33 0.0456:0.00
V free  none  0.0  1000  0.01 None R=1.1   | 0.00392 [0.00313,0.00627] 0.00627 phi=0.62 | 1.18 | 0.0031:0.67 0.0063:0.00 0.0078:0.00
V free  none  0.0  1000  0.01 None R=2.0   | 0.03420 [0.02280,0.04560] 0.04560 phi=0.75 | 10.26 | 0.0228:1.00 0.0456:0.00 0.0570:0.00
V free  none  0.0  4000  0.01 None R=1.1   | 0.00354 [0.00265,0.00530] 0.00530 phi=0.67 | 1.06 | 0.0027:0.75 0.0053:0.00 0.0066:0.00
V free  none  0.0  4000  0.01 None R=2.0   | 0.02892 [0.01928,0.03856] 0.03856 phi=0.75 | 8.68 | 0.0193:1.00 0.0386:0.00 0.0482:0.00

Pooled stage-A persistence (free + map36, 16 reps per lam point where both exist) and phi:
  R=1.05  lam50=0.00123 (bracket 0.00080-0.00161) lam*=0.00321 phi=0.38  lam50/(1/300)=0.37
      0.0008:15/16[0.72,0.99] 0.0016:2/16[0.03,0.36] 0.0024:3/16[0.07,0.43] 0.0032:0/16[0.00,0.19] 0.0033:0/16[0.00,0.19] 0.0040:0/16[0.00,0.19] 0.0296:0/16[0.00,0.19]
  R=1.1   lam50=0.00333 (bracket 0.00333-0.00470) lam*=0.00627 phi=0.53  lam50/(1/300)=1.00
      0.0016:16/16[0.81,1.00] 0.0031:9/16[0.33,0.77] 0.0033:8/16[0.28,0.72] 0.0047:4/16[0.10,0.49] 0.0063:0/16[0.00,0.19] 0.0078:0/16[0.00,0.19] 0.0296:0/16[0.00,0.19]
  R=1.2   lam50=0.00738 (bracket 0.00600-0.00899) lam*=0.01199 phi=0.62  lam50/(1/300)=2.21
      0.0030:16/16[0.81,1.00] 0.0033:16/16[0.81,1.00] 0.0060:14/16[0.64,0.97] 0.0090:1/16[0.01,0.28] 0.0120:0/16[0.00,0.19] 0.0150:0/16[0.00,0.19] 0.0296:0/16[0.00,0.19]
  R=1.5   lam50=0.01852 (bracket 0.01334-0.02000) lam*=0.02667 phi=0.69  lam50/(1/300)=5.56
      0.0033:16/16[0.81,1.00] 0.0067:16/16[0.81,1.00] 0.0133:15/16[0.72,0.99] 0.0200:6/16[0.18,0.61] 0.0267:0/16[0.00,0.19] 0.0296:0/16[0.00,0.19] 0.0333:0/16[0.00,0.19]
  R=2.0   lam50=0.03546 (bracket 0.03420-0.04560) lam*=0.04560 phi=0.78  lam50/(1/300)=10.64
      0.0033:16/16[0.81,1.00] 0.0114:16/16[0.81,1.00] 0.0228:16/16[0.81,1.00] 0.0296:15/16[0.72,0.99] 0.0342:9/16[0.33,0.77] 0.0456:0/16[0.00,0.19] 0.0570:0/16[0.00,0.19]
  R=3.0   lam50=0.06194 (bracket 0.05420-0.07227) lam*=0.07227 phi=0.86  lam50/(1/300)=18.58
      0.0033:16/16[0.81,1.00] 0.0181:16/16[0.81,1.00] 0.0296:16/16[0.81,1.00] 0.0361:16/16[0.81,1.00] 0.0542:14/16[0.64,0.97] 0.0723:0/16[0.00,0.19] 0.0903:0/16[0.00,0.19]

Human-scale extrapolation (soft load; D = 2 ln 2N validated by stage V; phi from K = 1000, 10,000-gen window):
  K_max = phi(R) * T * ln R / D   [mean-field phi=1 in brackets]
  T=146250 R=1.05  D=10:     274 [    714]  D=20:     137 [    357]  D=30:      91 [    238]
  T=146250 R=1.1   D=10:     741 [   1394]  D=20:     371 [    697]  D=30:     247 [    465]
  T=146250 R=1.2   D=10:    1641 [   2666]  D=20:     820 [   1333]  D=30:     547 [    889]
  T=146250 R=1.5   D=10:    4118 [   5930]  D=20:    2059 [   2965]  D=30:    1373 [   1977]
  T=146250 R=2.0   D=10:    7884 [  10137]  D=20:    3942 [   5069]  D=30:    2628 [   3379]
  T=146250 R=3.0   D=10:   13772 [  16067]  D=20:    6886 [   8034]  D=30:    4591 [   5356]
  T=252000 R=1.05  D=10:     473 [   1230]  D=20:     236 [    615]  D=30:     158 [    410]
  T=252000 R=1.1   D=10:    1277 [   2402]  D=20:     638 [   1201]  D=30:     426 [    801]
  T=252000 R=1.2   D=10:    2827 [   4595]  D=20:    1414 [   2297]  D=30:     942 [   1532]
  T=252000 R=1.5   D=10:    7096 [  10218]  D=20:    3548 [   5109]  D=30:    2365 [   3406]
  T=252000 R=2.0   D=10:   13586 [  17467]  D=20:    6793 [   8734]  D=30:    4529 [   5822]
  T=252000 R=3.0   D=10:   23730 [  27685]  D=20:   11865 [  13843]  D=30:    7910 [   9228]
  T=450000 R=1.05  D=10:     844 [   2196]  D=20:     422 [   1098]  D=30:     281 [    732]
  T=450000 R=1.1   D=10:    2280 [   4289]  D=20:    1140 [   2144]  D=30:     760 [   1430]
  T=450000 R=1.2   D=10:    5049 [   8204]  D=20:    2524 [   4102]  D=30:    1683 [   2735]
  T=450000 R=1.5   D=10:   12671 [  18246]  D=20:    6335 [   9123]  D=30:    4224 [   6082]
  T=450000 R=2.0   D=10:   24260 [  31192]  D=20:   12130 [  15596]  D=30:    8087 [  10397]
  T=450000 R=3.0   D=10:   42375 [  49438]  D=20:   21188 [  24719]  D=30:   14125 [  16479]

Logistic fit (pooled stage A; persistence ~ logit(b (ln lam - ln lam50))), 95% profile CI:
  R=1.05  lam50(10k) = 0.00129  95% CI [0.00104, 0.00153]  x300 = 0.39 [0.31, 0.46]  phi = 0.401
  R=1.1   lam50(10k) = 0.00340  95% CI [0.00300, 0.00379]  x300 = 1.02 [0.90, 1.14]  phi = 0.543
  R=1.2   lam50(10k) = 0.00709  95% CI [0.00643, 0.00786]  x300 = 2.13 [1.93, 2.36]  phi = 0.591
  R=1.5   lam50(10k) = 0.01851  95% CI [0.01662, 0.02020]  x300 = 5.55 [4.99, 6.06]  phi = 0.694
  R=2.0   lam50(10k) = 0.03453  95% CI [0.03301, 0.03676]  x300 = 10.36 [9.90, 11.03]  phi = 0.757
  R=3.0   lam50(10k) = 0.05524  95% CI [0.05428, 0.06322]  x300 = 16.57 [16.28, 18.97]  phi = 0.764
