rows 745; pre-registered-cell rows 553; appended 192

## A. hard K = 1000: all rows vs pre-registered cells only
| R | set | D_obs (n) | T | lam50 | bracket | D=30 interval [bracket] | D=20 | mean-field 30/lnR |
|---|---|---|---|---|---|---|---|---|
| 1.050 | all | 16.09 (17) | 10000 | 0.001873 | [0.001702, 0.002269] | 995 [822, 1095] | 663 | 615 |
| 1.050 | all | 16.09 (17) | 20000 | 0.001135 | [0.001135, 0.001702] | 1643 [1095, 1643] | 1095 | 615 |
| 1.050 | all | 16.09 (17) | 40000 | 0.0009547 | [0.0008509, 0.001135] | 1953 [1643, 2191] | 1302 | 615 |
| 1.050 | pre | nan (0) | 10000 | 0.001873 | [0.001702, 0.002269] | nan [nan, nan] | nan | 615 |
| 1.050 | pre | nan (0) | 20000 | 0.001135 | [0.001135, 0.001702] | nan [nan, nan] | nan | 615 |
| 1.050 | pre | nan (0) | 40000 | nan | < 0.001135 | nan [nan, nan] | nan | 615 |
| 1.111 | all | 16.85 (22) | 10000 | 0.003675 | [0.003675, 0.0049] | 484 [363, 484] | 323 | 285 |
| 1.111 | all | 16.85 (22) | 20000 | 0.0035 | [0.003333, 0.003675] | 509 [484, 534] | 339 | 285 |
| 1.111 | all | 16.85 (22) | 40000 | 0.002646 | [0.00245, 0.003333] | 673 [534, 727] | 449 | 285 |
| 1.111 | pre | 16.49 (5) | 10000 | 0.003675 | [0.003675, 0.0049] | 495 [371, 495] | 330 | 285 |
| 1.111 | pre | 16.49 (5) | 20000 | 0.0035 | [0.003333, 0.003675] | 520 [495, 546] | 346 | 285 |
| 1.111 | pre | 16.49 (5) | 40000 | 0.002646 | [0.00245, 0.003333] | 687 [546, 742] | 458 | 285 |
| 1.200 | all | 15.91 (32) | 10000 | 0.007343 | [0.006359, 0.008479] | 257 [222, 296] | 171 | 165 |
| 1.200 | all | 15.91 (32) | 20000 | 0.006834 | [0.006359, 0.008479] | 276 [222, 296] | 184 | 165 |
| 1.200 | all | 15.91 (32) | 40000 | 0.005746 | [0.00424, 0.006359] | 328 [296, 445] | 219 | 165 |
| 1.200 | pre | 15.99 (14) | 10000 | 0.007343 | [0.006359, 0.008479] | 255 [221, 295] | 170 | 165 |
| 1.200 | pre | 15.99 (14) | 20000 | 0.006834 | [0.006359, 0.008479] | 275 [221, 295] | 183 | 165 |
| 1.200 | pre | 15.99 (14) | 40000 | 0.005746 | [0.00424, 0.006359] | 326 [295, 442] | 218 | 165 |
| 1.300 | all | 16.13 (31) | 10000 | 0.008269 | [0.006101, 0.009151] | 225 [203, 305] | 150 | 114 |
| 1.300 | all | 16.13 (31) | 20000 | 0.007781 | [0.006101, 0.009151] | 239 [203, 305] | 159 | 114 |
| 1.300 | all | 16.13 (31) | 40000 | 0.007781 | [0.006101, 0.009151] | 239 [203, 305] | 159 | 114 |
| 1.300 | pre | 15.82 (13) | 10000 | 0.008269 | [0.006101, 0.009151] | 229 [207, 311] | 153 | 114 |
| 1.300 | pre | 15.82 (13) | 20000 | 0.007781 | [0.006101, 0.009151] | 244 [207, 311] | 162 | 114 |
| 1.300 | pre | 15.82 (13) | 40000 | 0.007781 | [0.006101, 0.009151] | 244 [207, 311] | 162 | 114 |
| 1.500 | all | 16.08 (37) | 10000 | 0.01886 | [0.01886, 0.02121] | 99 [88, 99] | 66 | 74 |
| 1.500 | all | 16.08 (37) | 20000 | 0.01681 | [0.01414, 0.01886] | 111 [99, 132] | 74 | 74 |
| 1.500 | all | 16.08 (37) | 40000 | 0.01681 | [0.01414, 0.01886] | 111 [99, 132] | 74 | 74 |
| 1.500 | pre | 15.98 (19) | 10000 | 0.01886 | [0.01886, 0.02121] | 100 [89, 100] | 66 | 74 |
| 1.500 | pre | 15.98 (19) | 20000 | 0.01681 | [0.01414, 0.01886] | 112 [100, 133] | 74 | 74 |
| 1.500 | pre | 15.98 (19) | 40000 | 0.01681 | [0.01414, 0.01886] | 112 [100, 133] | 74 | 74 |
| 2.000 | all | 15.77 (37) | 10000 | 0.03627 | [0.03627, 0.0403] | 52 [47, 52] | 35 | 43 |
| 2.000 | all | 15.77 (37) | 20000 | 0.03 | [0.02418, 0.03224] | 63 [59, 79] | 42 | 43 |
| 2.000 | all | 15.77 (37) | 40000 | 0.02873 | [0.02418, 0.03224] | 66 [59, 79] | 44 | 43 |
| 2.000 | pre | 15.73 (19) | 10000 | 0.03627 | [0.03627, 0.0403] | 53 [47, 53] | 35 | 43 |
| 2.000 | pre | 15.73 (19) | 20000 | 0.03 | [0.02418, 0.03224] | 64 [59, 79] | 42 | 43 |
| 2.000 | pre | 15.73 (19) | 40000 | 0.02873 | [0.02418, 0.03224] | 66 [59, 79] | 44 | 43 |
| 2.718 | all | 15.80 (42) | 10000 | 0.05813 | [0.05813, 0.06395] | 33 [30, 33] | 22 | 30 |
| 2.718 | all | 15.80 (42) | 20000 | 0.05457 | [0.05232, 0.05813] | 35 [33, 36] | 23 | 30 |
| 2.718 | all | 15.80 (42) | 40000 | 0.05372 | [0.05232, 0.05813] | 35 [33, 36] | 24 | 30 |
| 2.718 | pre | 15.44 (24) | 10000 | 0.05813 | [0.05813, 0.06395] | 33 [30, 33] | 22 | 30 |
| 2.718 | pre | 15.44 (24) | 20000 | 0.05457 | [0.05232, 0.05813] | 36 [33, 37] | 24 | 30 |
| 2.718 | pre | 15.44 (24) | 40000 | 0.05372 | [0.05232, 0.05813] | 36 [33, 37] | 24 | 30 |
| 3.000 | all | 15.74 (42) | 10000 | 0.06059 | [0.05748, 0.06387] | 31 [30, 33] | 21 | 27 |
| 3.000 | all | 15.74 (42) | 20000 | 0.05581 | [0.05109, 0.05748] | 34 [33, 37] | 23 | 27 |
| 3.000 | all | 15.74 (42) | 40000 | 0.05483 | [0.05109, 0.05748] | 35 [33, 37] | 23 | 27 |
| 3.000 | pre | 15.19 (24) | 10000 | 0.06059 | [0.05748, 0.06387] | 33 [31, 34] | 22 | 27 |
| 3.000 | pre | 15.19 (24) | 20000 | 0.05581 | [0.05109, 0.05748] | 35 [34, 39] | 24 | 27 |
| 3.000 | pre | 15.19 (24) | 40000 | 0.05483 | [0.05109, 0.05748] | 36 [34, 39] | 24 | 27 |

## B. Kscale lam50 * D_obs (both sets) and P1 slope
all R=1.111: K=500: D=13.37(n=9) 10k:0.0534 20k:0.0306 | K=1000: D=16.85(n=22) 10k:0.0619 20k:0.0590 | K=4000: D=19.61(n=13) 10k:0.0683 20k:0.0621 | slope 3.00
all R=2.000: K=500: D=14.49(n=17) 10k:0.5473 20k:0.4616 | K=1000: D=15.77(n=37) 10k:0.5721 20k:0.4732 | K=4000: D=18.89(n=18) 10k:0.5862 20k:0.5243 | slope 2.11
pre R=1.111: K=500: D=13.06(n=2) 10k:0.0522 20k:0.0522 | K=1000: D=16.49(n=5) 10k:0.0606 20k:0.0577 | K=4000: D=18.91(n=2) 10k:0.0659 20k:0.0599 | slope 2.81
pre R=2.000: K=500: D=14.28(n=5) 10k:0.5394 20k:0.4549 | K=1000: D=15.73(n=19) 10k:0.5704 20k:0.4718 | K=4000: D=18.28(n=6) 10k:0.5675 20k:0.5076 | slope 1.93

## C. near-threshold scores, bracket-implied ranges (all rows)
PD1 40k: interval 673, bracket [534, 727] vs cut 600
PC2 R=2 10k: rescaled multiple of 1/300 = 5.72x [5.72, 6.36] vs 6x; in-model 10.9x [10.9, 12.1] vs 10x
PC2 R=2 20k: rescaled multiple of 1/300 = 4.73x [3.81, 5.09] vs 6x; in-model 9.0x [7.3, 9.7] vs 10x
PC2 R=2 40k: rescaled multiple of 1/300 = 4.53x [3.81, 5.09] vs 6x; in-model 8.6x [7.3, 9.7] vs 10x
P3 R=1.111 10k: interval 484 [363, 484] vs 250-400
P6 d=0.45 (0.0296) R=2 10k: lam50 0.0363 [0.0363, 0.0403]
P6 d=0.45 (0.0296) R=2 20k: lam50 0.0300 [0.0242, 0.0322]
P6 d=0.45 (0.0296) R=2 40k: lam50 0.0287 [0.0242, 0.0322]
Term3 0.0658 vs R=2.718 10k: lam50 0.0581 [0.0581, 0.0639] shortfall 12% [3, 12]
Term3 0.0658 vs R=2.718 20k: lam50 0.0546 [0.0523, 0.0581] shortfall 17% [12, 20]
Term3 0.0658 vs R=2.718 40k: lam50 0.0537 [0.0523, 0.0581] shortfall 18% [12, 20]
Term3 0.0658 vs R=3.000 10k: lam50 0.0606 [0.0575, 0.0639] shortfall 8% [3, 13]
Term3 0.0658 vs R=3.000 20k: lam50 0.0558 [0.0511, 0.0575] shortfall 15% [13, 22]
Term3 0.0658 vs R=3.000 40k: lam50 0.0548 [0.0511, 0.0575] shortfall 17% [13, 22]

## D. persisting-rep k/lam, lowest cells (survival >= 0.5 at end of window, >= 1 persisting rep)
k/lam 0.831 ('Kscale', 500, 0.00399711, 1.111111, 'x=0.6') persisting 2/4 posthoc=False
k/lam 0.836 ('Kscale', 4000, 0.00105496, 1.111111, 'x=0.2') persisting 4/4 posthoc=True
k/lam 0.858 ('hard', 1000, 0.00056727, 1.05, 'x=0.2') persisting 6/6 posthoc=True
k/lam 0.910 ('softJ', 1000, 0.00333333, 1.05, '1/300') persisting 3/3 posthoc=False
k/lam 0.911 ('Kscale', 500, 0.00876541, 2.0, 'x=0.2') persisting 4/4 posthoc=True
k/lam 0.918 ('hard', 1000, 0.0010599, 1.2, 'x=0.1') persisting 6/6 posthoc=True
max k/lam 1.110 ('softWF', 1000, 0.00333333, None, '1/300')
min over any cell with a persisting rep: 0.831 ('Kscale', 500, 0.00399711, 1.111111, 'x=0.6') posthoc=False ; 0.836 ('Kscale', 4000, 0.00105496, 1.111111, 'x=0.2') posthoc=True ; 0.858 ('hard', 1000, 0.00056727, 1.05, 'x=0.2') posthoc=True ; 0.910 ('softJ', 1000, 0.00333333, 1.05, '1/300') posthoc=False

## E. open loci, implied sum of s_i, maxrel, Crow's I (persisting reps, all rows)
| arm | R | lam | label | nopen | sum s_i (het..hom) | maxrel | q99 | I | k/lam | D_obs |
|---|---|---|---|---|---|---|---|---|---|---|
| hard | 2.0 | 0.03224 | x=0.8 | 37 | 0.37..0.74 | 1.083 | 1.058 | 6.22e-04 | 1.01 | 15.2 |
| hard | 2.718282 | 0.04651 | x=0.8 | 51 | 0.51..1.02 | 1.100 | 1.070 | 8.76e-04 | 0.99 | 15.0 |
| hard | 3.0 | 0.05109 | x=0.8 | 56 | 0.56..1.12 | 1.105 | 1.074 | 9.72e-04 | 1.00 | 14.9 |
| hard | 3.0 | 0.06387 | x=1.0 | 65 | 0.65..1.30 | 1.115 | 1.081 | 1.15e-03 | 0.96 | 14.5 |
| softJ | 1.05 | 0.003333 | 1/300 | 22 | 0.22..0.44 | 1.062 | 1.043 | 3.36e-04 | 0.91 | 112.9 |
| softJ | 1.05 | 0.03511 | H5 | 245 | 2.45..4.91 | 1.226 | 1.154 | 3.93e-03 | 0.99 | 109.7 |
| softJ | 1.05 | 0.1 | lam=0.1 | 692 | 6.92..13.84 | 1.402 | 1.268 | 1.11e-02 | 0.98 | 109.1 |
| softJ | 1.111111 | 0.003333 | 1/300 | 15 | 0.15..0.30 | 1.052 | 1.036 | 2.46e-04 | 1.06 | 61.3 |
| softJ | 1.111111 | 0.03511 | H5 | 154 | 1.54..3.07 | 1.178 | 1.122 | 2.53e-03 | 1.01 | 63.7 |
| softJ | 1.111111 | 0.1 | lam=0.1 | 428 | 4.28..8.57 | 1.310 | 1.208 | 6.96e-03 | 0.97 | 65.5 |
| softJ | 1.5 | 0.003333 | 1/300 | 7 | 0.07..0.14 | 1.034 | 1.023 | 1.14e-04 | 0.98 | 30.4 |
| softJ | 1.5 | 0.03511 | H5 | 74 | 0.74..1.47 | 1.122 | 1.083 | 1.20e-03 | 0.98 | 29.6 |
| softJ | 1.5 | 0.1 | lam=0.1 | 216 | 2.16..4.32 | 1.217 | 1.144 | 3.48e-03 | 1.00 | 30.0 |
| softJ | 2.0 | 0.003333 | 1/300 | 6 | 0.06..0.12 | 1.032 | 1.021 | 9.52e-05 | 1.00 | 25.1 |
| softJ | 2.0 | 0.03511 | H5 | 59 | 0.59..1.19 | 1.110 | 1.073 | 9.42e-04 | 0.95 | 24.3 |
| softJ | 2.0 | 0.1 | lam=0.1 | 178 | 1.78..3.56 | 1.198 | 1.129 | 2.82e-03 | 1.01 | 24.0 |
| softJ | 3.0 | 0.003333 | 1/300 | 5 | 0.05..0.11 | 1.030 | 1.019 | 8.27e-05 | 1.05 | 20.1 |
| softJ | 3.0 | 0.03511 | H5 | 54 | 0.54..1.08 | 1.108 | 1.069 | 8.48e-04 | 1.01 | 20.5 |
| softJ | 3.0 | 0.1 | lam=0.1 | 151 | 1.51..3.02 | 1.187 | 1.118 | 2.39e-03 | 0.99 | 20.4 |
| softWF | None | 0.003333 | 1/300 | 5 | 0.05..0.09 | 1.024 | 1.017 | 7.10e-05 | 1.11 | 16.1 |
| softWF | None | 0.03511 | H5 | 44 | 0.44..0.88 | 1.088 | 1.061 | 6.89e-04 | 1.01 | 16.4 |
| softWF | None | 0.1 | lam=0.1 | 124 | 1.24..2.49 | 1.152 | 1.106 | 1.94e-03 | 1.00 | 16.4 |
| softWF | None | 0.2 | lam=0.2 | 249 | 2.49..4.98 | 1.221 | 1.152 | 3.89e-03 | 1.00 | 16.5 |

## F. softJ per-generation log load k * D_obs and exp(-load)
softJ R=1.05 lam=0.003333: k*D_obs = 0.34 log units -> exp(-load) = 7.10e-01; D_obs/hard-D(~16.8) = 6.7x
softJ R=1.05 lam=0.03511: k*D_obs = 3.80 log units -> exp(-load) = 2.24e-02; D_obs/hard-D(~16.8) = 6.5x
softJ R=1.05 lam=0.1: k*D_obs = 10.70 log units -> exp(-load) = 2.26e-05; D_obs/hard-D(~16.8) = 6.5x
softJ R=1.111111 lam=0.003333: k*D_obs = 0.22 log units -> exp(-load) = 8.05e-01; D_obs/hard-D(~16.8) = 3.7x
softJ R=1.111111 lam=0.03511: k*D_obs = 2.25 log units -> exp(-load) = 1.05e-01; D_obs/hard-D(~16.8) = 3.8x
softJ R=1.111111 lam=0.1: k*D_obs = 6.36 log units -> exp(-load) = 1.73e-03; D_obs/hard-D(~16.8) = 3.9x
softJ R=1.5 lam=0.003333: k*D_obs = 0.10 log units -> exp(-load) = 9.06e-01; D_obs/hard-D(~16.8) = 1.8x
softJ R=1.5 lam=0.03511: k*D_obs = 1.01 log units -> exp(-load) = 3.63e-01; D_obs/hard-D(~16.8) = 1.8x
softJ R=1.5 lam=0.1: k*D_obs = 2.99 log units -> exp(-load) = 5.02e-02; D_obs/hard-D(~16.8) = 1.8x
softJ R=2.0 lam=0.003333: k*D_obs = 0.08 log units -> exp(-load) = 9.20e-01; D_obs/hard-D(~16.8) = 1.5x
softJ R=2.0 lam=0.03511: k*D_obs = 0.81 log units -> exp(-load) = 4.45e-01; D_obs/hard-D(~16.8) = 1.4x
softJ R=2.0 lam=0.1: k*D_obs = 2.42 log units -> exp(-load) = 8.88e-02; D_obs/hard-D(~16.8) = 1.4x
softJ R=3.0 lam=0.003333: k*D_obs = 0.07 log units -> exp(-load) = 9.32e-01; D_obs/hard-D(~16.8) = 1.2x
softJ R=3.0 lam=0.03511: k*D_obs = 0.73 log units -> exp(-load) = 4.83e-01; D_obs/hard-D(~16.8) = 1.2x
softJ R=3.0 lam=0.1: k*D_obs = 2.03 log units -> exp(-load) = 1.32e-01; D_obs/hard-D(~16.8) = 1.2x
