# R4 X1 re-score under the single verdict rule (revision 2, rule-audit fix pass)

Generated by `research/checks/x1_rescore.py` from the claim files' front matter (current) and the decisions in the script (rule). Rule: `R4-X1-verdict-rule.md`. Nothing was written to the claim files. Revision 1 (after the three reviews) is in git history; revision 2 applies the symmetric slip test, R1c limited to linear outputs, charity recorded on every row, and denominators from the author's quoted text.

| Claim | Side | Current (internal / fidelity) | Under the rule | One-line reason | Charitable reading tried |
|---|---|---|---|---|---|
| A2c | critic | holds / accurate | holds / accurate | quote exact; Day's means reproduce | attempted: no ambiguous referent |
| A2d | critic | holds / accurate | holds / accurate | Day's own table has 8.5-17x faster rates | attempted: no ambiguous referent |
| A2h | critic | holds / accurate | holds / accurate | critic correct (3,840); the target slip is Day's, see new node A5h | attempted: no ambiguous referent |
| A3d | critic | holds / partial | holds / unverifiable **(changed)** | N2b needs the author's own text to contradict the premise and it does not (he uses the two-lineage reading in B5c too); N5 does not apply (360 is recoverable); the comparator unit is fidelity: slide absent, Day's 3.0 text is per lineage, so not misread | tried the two-lineage-total comparator (the reading under which 360 follows) |
| A3x | critic | holds / partial | holds / partial | unit point reproduces (410/40 = 10.25; toy 1/60, 9/60) | tried per-lineage vs total readings of 410M/205M |
| A5 | critic | holds / n/a | holds / n/a | 690 vs 674 is 2.4% (rounding band R1a); genome sizes are standard values (F exempt) | 'roughly' read as a rounding band |
| A5b | critic | holds / accurate | holds / accurate | 94,000 vs 91,600 is 2.6% (rounding); author flags linear scaling as an illustration (N4) | tried the illustration reading (author's own flag) |
| A5c | critic | holds / n/a | holds / unverifiable **(changed)** | F: 1e-11 uncited and 8.9x below the measured rate (neutral 1.2-4.1x, not 17x, of observed); '4e-5' is a 13% speech slip -> ledger (S2) | tried 4.6e-5 for the spoken '4e-5' (caption) |
| B2e | critic | holds / n/a | holds / n/a | ratio stated three ways in a draft with [CHECK] markers -> ledger (R1d); arithmetic reproduces | ratio three ways: tried the 8e-4 reading used in the body |
| B3i | critic | holds / n/a | holds / n/a | exact; undisputed identity (Day conceded B3g) | attempted: no ambiguous referent |
| B4g | critic | pending / unverifiable | holds / unverifiable **(changed)** | N3: states an unreconciled 2x, makes no match/negligibility claim; omitted ancestral term (B4a) noted in comment | attempted: no ambiguous referent |
| B5 | critic | holds / accurate | holds / accurate | exact; undisputed identity (Day accepts, B3g); applicability to the window (stationarity, B1c) is the open item | attempted: no ambiguous referent |
| B5a | critic | holds / n/a | holds / accurate **(changed)** | S2: the 35M slip (75%) is in comment 340149310, not a Statement -> ledger, no node effect; the 25 y/20 y mix (2.4-25%, inputs ambiguous) -> ledger; Day's inputs quoted correctly | tried the 20 y reading of the time-adjusted 20M: 2.4% -> ledger |
| B5b | critic | holds / n/a | holds / n/a | illustration (N4) with a standard input (100 per zygote, F exempt); 'about 10 times' is an aside -> ledger | tried the illustration reading (N4) |
| B5c | critic | holds / n/a | non-sequitur / unverifiable **(changed)** | SC: 76.8 corrected in the same video -> ledger. N3 (revised): his stated conclusion is the match, on his own event basis (76 = 152/2); adding the omitted ancestral term gives 58.6M (+46% vs 40M, +39% vs 42.07M measured; 68.7M at HCB), over 25%, so the match does not follow. On an SNV basis it would survive (39.6M vs 35-37.8M). 98-206 source garbled (F); 205M unit is A3d | tried the haploid-correction and the 152/2 event reading (both reproduce 38.3M); tested on his own event basis |
| B5d | critic | holds / n/a | n/a / unverifiable **(changed)** | U: unidentified geneticist relayed by the host: not scored internal (also truncated, N5); 30 per generation uncited; excluded from the denominator | relayed and truncated: no reading recoverable |
| B5e | critic | holds / n/a | holds / unverifiable **(changed)** | N3 (revised): stated conclusion 'close to 31-62M'; with the ancestral term 58.1M (HCG, inside) or 68.2M (HCB, +10% over the top, under 25%): survives; 75 non-standard and uncited (F) | tried the haploid-events reading of 75 (stated per haploid genome) |
| B5f | critic | holds / n/a | holds / accurate **(changed)** | ATTRIBUTION: the 9.7M quote is the OP (Dumb-and-Dumber, 'illustration, not a prediction', N4); 'It needs the elapsed time ...' and 'gap under a factor of two' are justatest90, comment pcug1j0. N1: on that commenter's stated full-pipe premise the lag is absent and the conclusion follows; inputs match Day's s6, s4.3 | tried the full-pipe premise stated by the commenter (pcug1j0); the OP's 9.7M is an illustration |
| B6 | critic | holds / n/a | holds / n/a | reproduces; stationarity is the premise (external) | attempted: no ambiguous referent |
| B6b | critic | holds / accurate | holds / accurate | accurate to Day 2019 text | attempted: no ambiguous referent |
| B6c | critic | pending / n/a | holds / n/a **(changed)** | conditional prediction is correct; applicability to Day is G2/F1a | tried the conditional reading |
| B7 | critic | holds / accurate | holds / accurate | exact; undisputed identity | attempted: no ambiguous referent |
| B7c | critic | holds / accurate | holds / accurate | exact; undisputed identity (Day conceded B3g) | attempted: no ambiguous referent |
| C5 | critic | pending / pending | pending / unverifiable **(changed)** | R1c (revised) does not rescue a steep output (elasticity -92 in 2N: +-25% moves it by 10^9) and the method is unretrieved, so pending; both values reproduce by diffusion at 2N = 15,364 and 16,278; the conclusion follows for starts below 0.9 (2.6e-4 per 1e6 loci) | tried Ne 7.7-8.1k (both published values reproduce by diffusion); output is steep, so no rescue |
| C5b | critic | holds / n/a | holds / n/a | arithmetic only; estimator is C1d | attempted: no ambiguous referent |
| E5 | critic | pending / accurate | holds / accurate **(changed)** | arithmetic reproduces; artefact-vs-biology is external | attempted: no ambiguous referent |
| F1 | critic | holds / n/a | holds / n/a | exact at steady state | attempted: no ambiguous referent |
| F1b | critic | holds / n/a | holds / n/a | no node effect from the unit mix (ledger) | attempted: no ambiguous referent |
| F4 | critic | holds / accurate | holds / accurate | exact | attempted: no ambiguous referent |
| G2 | critic | holds / partial | holds / partial | reproduces; scope is G1 | attempted: no ambiguous referent |
| G2a | critic | holds / partial | holds / partial | reproduces; analogy applies to a latency division | attempted: no ambiguous referent |
| G2c | critic | pending / n/a | holds / partial **(changed)** | conditional correct; applies a serial reading that Day's Appendix A (G2g) asserts but his 1-22 denies | tried the conditional reading |
| G3 | critic | holds / accurate | holds / accurate | exact under McCarthy's neutral premise (22.5M; 13.1-21.8M at his 60-100 range) | attempted: no ambiguous referent |
| G5 | critic | holds / n/a | holds / n/a | exact | attempted: no ambiguous referent |
| H6 | critic | holds / partial | holds / partial | reproduces | attempted: no ambiguous referent |
| A4c | ally | pending / unverifiable | pending / unverifiable | units not stated in the quote; not determinable | attempted: no ambiguous referent |
| A5a | ally | holds / n/a | holds / n/a | chain reproduces; d inside neutral supply is B5h | attempted: no ambiguous referent |
| B5h | ally | holds / accurate | holds / accurate | reproduces; d inherited from Day | attempted: no ambiguous referent |
| D14 | ally | holds / accurate | holds / accurate | relay correct; Eden's inputs are his | attempted: no ambiguous referent |
| D8 | ally | n/a / unverifiable | n/a / unverifiable | U: Day's blockquote, author unidentified: not scored; analogy mismatch (10^-424,764 vs 1e-65) -> ledger | attempted: no ambiguous referent |
| G1b | ally | holds / n/a | holds / n/a | reproduces | attempted: no ambiguous referent |
| G2b | ally | holds / accurate | holds / accurate | reproduces | attempted: no ambiguous referent |
| H5 | ally | non-sequitur / pending | non-sequitur / pending | N2d: 15,800 is a rate scaling, not a cost computation (stays) | attempted: no ambiguous referent |
| ROOT-H | ally | pending / n/a | pending / n/a | position claim; numbers are A5a, H5, B5h | attempted: no ambiguous referent |
| ROOT-K | ally | pending / partial | pending / partial | no derivation; inherits A2e | attempted: no ambiguous referent |
| A1c | day | pending / n/a | pending / unverifiable **(changed)** | F: revised CHLCA range (250 kya-1.3 Mya) given without citation in the claim | attempted: no ambiguous referent |
| A2e | day | non-sequitur / pending | non-sequitur / pending | N2a: own table has mutator rates 8.5-17x above the 'ceiling'; stays | tried 'ceiling' = non-mutator class only (then external, N1): the paper states 'ceiling on what evolution can accomplish'; kept |
| A2f | day | pending / n/a | pending / unverifiable **(changed)** | F: blog derivation of 4,615 / 24,500 not shown | attempted: no ambiguous referent |
| A3a | day | arithmetic-error / misread | holds / misread **(changed)** | charity (rule 3): 187 Mb read as SDRs per lineage, the pairwise total is 35M + 1,140 + 2 x 187M = 409.0M vs 410M (0.24%) and per lineage 204.5M vs 205M, so ledger (literal sum 222M, 46%/85%). Fidelity misread (187 and 410 not in Yoo) and external contested (bp vs events, A3x) are separate and unchanged | tried 187 Mb per lineage: pairwise 409.0M, per lineage 204.5M reproduce 410M/205M (0.24%) -> holds + ledger |
| A5d | day | non-sequitur / n/a | non-sequitur / accurate **(changed)** | N2d: 'not bottlenecked' is stronger than a sublinear positive response (a = 0.47-0.61); Tenaillon 96.5% verified | tried 'not solely supply-limited' (would hold): the quoted conclusion is 'not bottlenecked'; kept |
| A5e | day | arithmetic-error / unverifiable | holds / unverifiable **(changed)** | R1b: 9.13 vs 8 is 12%, 205M shortfall moves 12%, conclusion unchanged -> ledger | tried t_div = 5.5 My: reproduces '8' only at another input; 12% -> ledger |
| A5g | day | pending / n/a | pending / unverifiable **(changed)** | F: 'no mammalian fixation faster than 1,600' uncited | attempted: no ambiguous referent |
| A6a | day | holds / n/a | holds / unverifiable **(changed)** | F: sweep-signature claim has no source | attempted: no ambiguous referent |
| B1d | day | pending / n/a | pending / unverifiable **(changed)** | F: Wright's Ne formula cited, original not retrieved (own table) | attempted: no ambiguous referent |
| B3a | day | holds / misread | holds / misread | fidelity unchanged: source text in hand (Kimura 1/2Ne vs 1/2N) | attempted: no ambiguous referent |
| B3c | day | non-sequitur / misread | non-sequitur / misread | N2a: 0.743 is a property of the 4-cohort window (extending it moves k/mu across 0.60-0.87 on the paper's own growth ratio). The 'contradicts the companion paper' basis is cross-document and is not used (N2b scope); the 1/N-at-birth mechanism is external (N1) | attempted: no ambiguous referent |
| B3e | day | non-sequitur / n/a | non-sequitur / n/a | N2a: own equation k = mu N/Ne gives 2.4e6, not 8.25; stays (scored on the version quoted; withdrawn later, B3g) | attempted: no ambiguous referent |
| B4c | day | pending / n/a | pending / unverifiable **(changed)** | F: dates (250 kya-1.3 Mya) uncited | attempted: no ambiguous referent |
| B6a | day | arithmetic-error / n/a | arithmetic-error / n/a | R1b on Day's own table basis (not Yoo's Ne): IR's empty-pipe removal at Ne = 1e4 is 1.2M, not 2.4M, so 1.44M / 1.2M = 1.2 and 'less than half' is 0.6; the sign of 'the net adjustment still reduces' flips (+0.24M). The Ne_anc value is a contested premise (N1) and is not the basis | tried other Ne_anc: that is a contested premise (N1), not an ambiguity; 'less than half' = 0.6 stands |
| B9 | day | non-sequitur / n/a | non-sequitur / unverifiable **(changed)** | N2a in the same comment: 'extinct within centuries' vs 'about one million years apiece' per neutral fixation. The Q105 basis is dropped (premise 1 makes harmful mutations effectively neutral). F: '3x excess harmful mutations' uncited | attempted: no ambiguous referent |
| C | day | non-sequitur / n/a | non-sequitur / n/a | N2a on Day's own Ne = 1e4: neutral predicts ~0 from <50% and 0.04-0.11 from 50-90%; same computation makes keruru's C5 'holds' (the conclusion points the other way) | attempted: no ambiguous referent |
| C2 | day | non-sequitur / unverifiable | non-sequitur / unverifiable | N2d: 'independently converge on d = 0.45' is stronger than the premises support: d is not identified apart from s (own sensitivity paragraph: d moves as 1/s). The 'd = 1 for discrete generations fails on own formula' basis belongs to C2a, not C2 | attempted: no ambiguous referent |
| C2b | day | non-sequitur / n/a | non-sequitur / unverifiable **(changed)** | N2a/N2b: own regression gives k = 0.10 mu at d = 1 and k = mu at d < 0, while para 9 says k = mu 'applies with increasing accuracy the further back you go'. S1 gap: that sentence is not in the Statement; the claim file should add the para 9 quote. U: the regression was run by an unidentified 'doctor'; only Day's interpretation is scored | tried reading 'increasing accuracy' as the regression's own d to 1 direction: contradicts the fit (k falls as d rises) |
| C2c | day | non-sequitur / n/a | non-sequitur / n/a | N2a: constant s-ratio is an algebraic identity for any d; stays | attempted: no ambiguous referent |
| C3 | day | pending / n/a | pending / unverifiable **(changed)** | F: CCR5 selection history uncited in both posts | attempted: no ambiguous referent |
| C6 | day | arithmetic-error / n/a | non-sequitur / unverifiable **(changed)** | N3 on his own basis: 630 is for 1.5e8 genome-wide sites, 21 is among 1,233,013 panel SNPs; scaling by his own panel size gives 5.2, which flips the comparison (>25%): not an arithmetic-error but a conclusion that does not follow. Abstract's 99.8% in one window vs 53.6% (it is 99.86% over three bins: charity) -> ledger. 1.5e8 sites uncited (F) | tried 99.8% as the pre-7,000 BP share over three bins: 99.86% reproduces (abstract slip -> ledger); the 630 vs 21 denominator has no charitable reading |
| C7 | day | non-sequitur / n/a | non-sequitur / n/a | N2d: ~0 fixations from intermediate starts does not imply no drift; stays | attempted: no ambiguous referent |
| D9a | day | non-sequitur / n/a | non-sequitur / n/a | N2d: 'demonstrates the opposite' is drawn from comparing an algorithm's runtime with a different population model; his own para 7 concedes the Weasel is not a model. The exploratory 12-offspring run is external (N1) and is not the basis | attempted: no ambiguous referent |
| E3 | day | holds / n/a | holds / unverifiable **(changed)** | F: cited literature not retrieved | attempted: no ambiguous referent |
| F | day | non-sequitur / partial | holds / partial **(changed)** | S1: the quoted chain is consistent (k = mu once running, 4Ne startup, 1/2N says nothing about when); quote 2 states 'rate x (window - startup)'. The 'window / latency' step is F1a's and is already non-sequitur there: scoring it on F counted it twice | tried F's chain without F1a's 'window / latency' step: consistent |
| F1a | day | non-sequitur / n/a | non-sequitur / n/a | N2a: divides by a latency (19,807) as G_f; own text calls it throughput; stays | attempted: no ambiguous referent |
| F3a | day | pending / misread | pending / misread | fidelity unchanged: Zeng 2021 text in hand | attempted: no ambiguous referent |
| G | day | arithmetic-error / partial | holds / partial **(changed)** | symmetric slip test + charity: the printed '(1.01)^1474 = 14.7' is a label slip (2.34e6); ln = 14.67 and additive 14.74 give 106.5 against the printed 107 (0.5%), so the stated conclusion survives: ledger. (The earlier 'hundreds of orders' framing is withdrawn by R4 G1 and is not used) | tried the log scale: ln ratio 14.67 (additive 14.74), shortfall 106.5 vs printed 107 -> holds + ledger |
| G1a | day | arithmetic-error / n/a | holds / unverifiable **(changed)** | R1b, charitable reading (5.3 fixations per event): 74 vs 66 is 12% -> ledger; 5.3 basis unstated (F) | tried 5.3 fixations per event (not hitchhikers): 74 vs 66 = 12% -> ledger |
| G2g | day | non-sequitur / n/a | non-sequitur / n/a | N2b: premise 'sequential' contradicted by own paragraphs 22, 25; stays | attempted: no ambiguous referent |
| G3b | day | non-sequitur / n/a | non-sequitur / n/a | N2d: incomplete dilemma; stays | attempted: no ambiguous referent |
| Gc | day | non-sequitur / n/a | non-sequitur / n/a | N2c: 230 = 157,000 x t/T, circular if fitted; stays | attempted: no ambiguous referent |
| H1 | day | holds / n/a | holds / partial **(changed)** | SC: retraction corrects a slip in a later source; holds. F: Bergeron cited, 40-fold accurate, the 25x comparison is Day's own and not in the paper (own table) | attempted: no ambiguous referent |
| A5h | day (new) | (none) | arithmetic-error / n/a **(changed)** | NEW node (proposed): Z23003785 s6.4 prints 38,400 for 3.2e9 x 1.2e-8 x 100 = 3,840 (900%); feeds 0.999^3,840 = 0.02 (true 0.68) and 0.99^3,840 = 1e-17 (true 0.021); S3: number carries an argument | attempted: no ambiguous referent |

## Counts (internal verdict non-sequitur or arithmetic-error)

Numeric = the author's QUOTED Statement text contains an equation/operator or a number with a magnitude, unit or percent word (same regex on every side). Excluded from every denominator: E1 (no verbatim critic quotation) and B5d, D8 (relayed or unidentified authors, rule U). The proposed Day node A5h is added to Day's counts. Allies are a separate column.

| Side | Files | Numeric files (quote-based) | Before: error verdicts (all files) | Before: errors in numeric files, rate | After: error verdicts (all files) | After: errors in numeric files, rate | After: errors per 10k quoted words (numeric files) |
|---|---|---|---|---|---|---|---|
| day (+ proposed A5h) | 114 | 81 | 22 | 17 / 80 = 21.2% | 18 | 13 / 81 = 16.0% | 22.7 (5715 words) |
| critic | 53 | 20 | 0 | 0 / 20 = 0.0% | 1 | 1 / 20 = 5.0% | 10.0 (997 words) |
| ally | 15 | 6 | 1 | 0 / 6 = 0.0% | 1 | 0 / 6 = 0.0% | 0.0 (267 words) |

Final after the rule: **Day 13 / 81 (16.0%) vs critics 1 / 20 (5.0%); Fisher exact two-sided p = 0.2912**. Allies 0 / 6.

## Denominator choice (after the rule; E1, B5d, D8 excluded each time)

| Denominator | Day | Critics | Allies | Fisher p (Day vs critics) |
|---|---|---|---|---|
| numeric by the author's quoted text (primary) | 13 / 81 = 16.0% | 1 / 20 = 5.0% | 0 / 6 | 0.2912 |
| numeric by the Formal-statement regex (the audit's derived: lines included; the 31 / 82 of revision 1) | 16 / 82 = 19.5% | 1 / 31 = 3.2% | 1 / 9 | 0.0376 |
| all claim files | 18 / 114 = 15.8% | 1 / 51 = 2.0% | 1 / 14 | 0.0080 |

In the 'all files' row the error verdicts are counted over every file on the side (Day 113 incl. A5h, critics 51 less E1, allies 15 less D8). The quote-based regex drops Day error nodes whose quoted Statement has no figure (for example G3b, C7, G2g), which is why Day falls from 18 to 13 in the primary row.

## Sensitivity (Day vs critics; Fisher exact p under each denominator)

| Scenario | Primary (quoted-text numeric): Day, critics, p | Formal-statement numeric (revision 1's 31 / 82): Day, critics, p | All files: Day, critics, p |
|---|---|---|---|
| base (this revision) | 13/81, 1/20, p = 0.291 | 16/82, 1/31, p = 0.038 | 18/114, 1/51, p = 0.008 |
| critic tie-breaks flipped to errors (C5, A3d, B5f, in addition to B5c) | 13/81, 3/20, p = 1.000 | 16/82, 4/31, p = 0.582 | 18/114, 4/51, p = 0.218 |
| tie-breaks flipped and B5c scored holds (audit's reading of N3) | 13/81, 2/20, p = 0.729 | 16/82, 3/31, p = 0.269 | 18/114, 3/51, p = 0.127 |
| Day weakest four dropped (C2, C2b, B9, G2g) | 10/81, 1/20, p = 0.688 | 12/82, 1/31, p = 0.109 | 14/114, 1/51, p = 0.039 |
| Day weakest four dropped and critic tie-breaks flipped | 10/81, 3/20, p = 0.718 | 12/82, 4/31, p = 1.000 | 14/114, 4/51, p = 0.590 |
| 10% materiality line (A5e, G1a back to error; A5c caption slip error) | 15/81, 2/20, p = 0.513 | 18/82, 2/31, p = 0.059 | 20/114, 2/51, p = 0.023 |
| critics and allies pooled | 13/81, 1/26, p = 0.180 | 16/82, 2/40, p = 0.054 | 18/114, 2/65, p = 0.012 |
| no charity (A3a and G back to error) | 15/81, 1/20, p = 0.184 | 18/82, 1/31, p = 0.022 | 20/114, 1/51, p = 0.004 |

## N2b exposure and corpus volume

`non-sequitur` clause N2b ("contradicted by the author's own text") exposes authors who have written more: Day's corpus is 39 Zenodo records, 154 kept blog posts and replies, and many of his arguments are multi-step; most critic claims are one-line identities from a single comment, post or talk. The clause is unchanged. Rates per 10,000 words:

| Measure | Day | Critics | Allies |
|---|---|---|---|
| error verdicts in numeric files / 10k words of quoted Statement text (scored text) | 22.7 (13 / 5715 words) | 10.0 (1 / 997 words) | 0.0 (0 / 267 words) |
| error verdicts (all files) / 10k words of harvested quote corpus (`quotes-day.md` 3018 words; `quotes-critics.md` 2944 words, critics and allies together) | 59.6 | 6.8 (critics + allies 2 errors) | |

The per-word rates adjust for quoted volume, not for the number of derivation steps per node, which was not computed. The harvested corpus is a sample chosen by the audit, not the authors' full output.

## Fidelity flags (misread or unverifiable) among numeric files

| Side | Before | After |
|---|---|---|
| day | 26 / 81 | 37 / 81 |
| critic | 0 / 20 | 4 / 20 |
| ally | 1 / 6 | 1 / 6 |

## Day files with fidelity n/a that were NOT changed (24), by category

D = derivation or definition from the author's own assumptions; C = cites a source whose own row is accurate or verified; Q = qualitative or position statement. Claim-level reading, not a full re-read. Human Ne about 1e4 is a contested-standard input (rule F): exempt from citation, flagged, and any node whose conclusion depends on it carries `external: contested`.

- A: D (formula node; inputs are scored in A1-A3)
- A4: D (definition; the estimate is A4a)
- A4d: D (describes the paper's choice)
- B1: C (cites Kimura-Ohta, accurate; Chalub is B1e)
- B1a: C (Kimura-Ohta first moment, accurate)
- B1b: D (derived from 4Ne)
- B2d: Q (qualitative)
- B3f: D (own inputs, standard values)
- B3h: C (Keightley cited, partial in the table)
- C1a: Q
- C5a: C (Keightley cited, verified)
- D2i: C (Schutzenberger quote, accurate)
- D9: D (hypothetical parameters, 'Under N = ...')
- F2: Q (proposed check)
- F4a: Q
- G1: C (Good verified)
- G4: Q
- G4b: D
- Gb: D (own model)
- Ge: Q
- H10: C (Keightley cited, H7)
- ROOT: Q
- ROOT-B: Q
- ROOT-M: Q

